Archive member included to satisfy reference by file (symbol)

app/libapp.a(main.c.obj)      (--whole-archive)
app/libapp.a(datetime.c.obj)  (--whole-archive)
app/libapp.a(alarm.c.obj)     (--whole-archive)
app/libapp.a(font.c.obj)      (--whole-archive)
app/libapp.a(img.c.obj)       (--whole-archive)
app/libapp.a(lcd.c.obj)       (--whole-archive)
app/libapp.a(LCD_LH096TIG11G_ST7735SV.c.obj)
                              (--whole-archive)
app/libapp.a(LCD_R154101_ST7796S.c.obj)
                              (--whole-archive)
app/libapp.a(LCD_ORCT012210N_ST7789V2.c.obj)
                              (--whole-archive)
app/libapp.a(LCD_R108101_GC9307.c.obj)
                              (--whole-archive)
app/libapp.a(key.c.obj)       (--whole-archive)
app/libapp.a(settings.c.obj)  (--whole-archive)
app/libapp.a(inner_flash.c.obj)
                              (--whole-archive)
app/libapp.a(external_flash.c.obj)
                              (--whole-archive)
app/libapp.a(uart_ble.c.obj)  (--whole-archive)
app/libapp.a(imei.c.obj)      (--whole-archive)
app/libapp.a(gps.c.obj)       (--whole-archive)
app/libapp.a(nb.c.obj)        (--whole-archive)
app/libapp.a(transfer_cache.c.obj)
                              (--whole-archive)
app/libapp.a(CST816.c.obj)    (--whole-archive)
app/libapp.a(lsm6dso.c.obj)   (--whole-archive)
app/libapp.a(lsm6dso_reg.c.obj)
                              (--whole-archive)
app/libapp.a(sleep.c.obj)     (--whole-archive)
app/libapp.a(screen.c.obj)    (--whole-archive)
app/libapp.a(max20353.c.obj)  (--whole-archive)
app/libapp.a(max20353_reg.c.obj)
                              (--whole-archive)
app/libapp.a(ams7030.c.obj)   (--whole-archive)
app/libapp.a(esp8266.c.obj)   (--whole-archive)
app/libapp.a(sos.c.obj)       (--whole-archive)
app/libapp.a(codetrans.c.obj)
                              (--whole-archive)
app/libapp.a(CharsetTable.c.obj)
                              (--whole-archive)
app/libapp.a(ucs2.c.obj)      (--whole-archive)
zephyr/libzephyr.a(crc32_sw.c.obj)
                              (--whole-archive)
zephyr/libzephyr.a(crc16_sw.c.obj)
                              (--whole-archive)
zephyr/libzephyr.a(crc8_sw.c.obj)
                              (--whole-archive)
zephyr/libzephyr.a(crc7_sw.c.obj)
                              (--whole-archive)
zephyr/libzephyr.a(dec.c.obj)
                              (--whole-archive)
zephyr/libzephyr.a(fdtable.c.obj)
                              (--whole-archive)
zephyr/libzephyr.a(hex.c.obj)
                              (--whole-archive)
zephyr/libzephyr.a(mempool.c.obj)
                              (--whole-archive)
zephyr/libzephyr.a(printk.c.obj)
                              (--whole-archive)
zephyr/libzephyr.a(onoff.c.obj)
                              (--whole-archive)
zephyr/libzephyr.a(rb.c.obj)  (--whole-archive)
zephyr/libzephyr.a(sem.c.obj)
                              (--whole-archive)
zephyr/libzephyr.a(thread_entry.c.obj)
                              (--whole-archive)
zephyr/libzephyr.a(timeutil.c.obj)
                              (--whole-archive)
zephyr/libzephyr.a(work_q.c.obj)
                              (--whole-archive)
zephyr/libzephyr.a(assert.c.obj)
                              (--whole-archive)
zephyr/libzephyr.a(configs.c.obj)
                              (--whole-archive)
zephyr/libzephyr.a(soc.c.obj)
                              (--whole-archive)
zephyr/libzephyr.a(power.c.obj)
                              (--whole-archive)
zephyr/libzephyr.a(validate_base_addresses.c.obj)
                              (--whole-archive)
zephyr/libzephyr.a(log_list.c.obj)
                              (--whole-archive)
zephyr/libzephyr.a(log_core.c.obj)
                              (--whole-archive)
zephyr/libzephyr.a(log_msg.c.obj)
                              (--whole-archive)
zephyr/libzephyr.a(log_output.c.obj)
                              (--whole-archive)
zephyr/libzephyr.a(log_backend_rtt.c.obj)
                              (--whole-archive)
zephyr/libzephyr.a(nvs.c.obj)
                              (--whole-archive)
zephyr/libzephyr.a(addr_utils.c.obj)
                              (--whole-archive)
zephyr/libzephyr.a(socket_offload.c.obj)
                              (--whole-archive)
zephyr/libzephyr.a(power.c.obj)
                              (--whole-archive)
zephyr/libzephyr.a(reboot.c.obj)
                              (--whole-archive)
zephyr/libzephyr.a(policy_residency.c.obj)
                              (--whole-archive)
zephyr/libzephyr.a(nrf_power_clock.c.obj)
                              (--whole-archive)
zephyr/libzephyr.a(sys_clock_init.c.obj)
                              (--whole-archive)
zephyr/libzephyr.a(nrf_rtc_timer.c.obj)
                              (--whole-archive)
zephyr/libzephyr.a(secure_services_ns.c.obj)
                              (--whole-archive)
zephyr/libzephyr.a(SEGGER_RTT.c.obj)
                              (--whole-archive)
[...]
Memory Configuration

Name             Origin             Length             Attributes
FLASH            0x0000c000         0x000f4000         xr
SRAM             0x20020000         0x00020000         xw
IDT_LIST         0x20040000         0x00000800         xw
*default*        0x00000000         0xffffffff

Linker script and memory map

LOAD zephyr/CMakeFiles/zephyr_final.dir/misc/empty_file.c.obj
LOAD zephyr/CMakeFiles/zephyr_final.dir/isr_tables.c.obj
                0x00000020                _region_min_align = 0x20

.rel.plt        0x0000c000        0x0
 *(SORT_BY_ALIGNMENT(.rel.plt))
                [!provide]                PROVIDE (__rel_iplt_start = .)
 *(SORT_BY_ALIGNMENT(.rel.iplt))
 .rel.iplt      0x0000c000        0x0 zephyr/CMakeFiles/zephyr_final.dir/isr_tables.c.obj
                [!provide]                PROVIDE (__rel_iplt_end = .)

.rela.plt       0x00000000        0x0
 *(SORT_BY_ALIGNMENT(.rela.plt))
                [!provide]                PROVIDE (__rela_iplt_start = .)
 *(SORT_BY_ALIGNMENT(.rela.iplt))
                [!provide]                PROVIDE (__rela_iplt_end = .)

.rel.dyn
 *(SORT_BY_ALIGNMENT(.rel.*))

.rela.dyn
 *(SORT_BY_ALIGNMENT(.rela.*))

/DISCARD/
 *(SORT_BY_ALIGNMENT(.plt))
 *(SORT_BY_ALIGNMENT(.iplt))
 *(SORT_BY_ALIGNMENT(.got.plt))
 *(SORT_BY_ALIGNMENT(.igot.plt))
 *(SORT_BY_ALIGNMENT(.got))
 *(SORT_BY_ALIGNMENT(.igot))
 *(SORT_BY_ALIGNMENT(.irq_info))
 *(SORT_BY_ALIGNMENT(.intList))
 *(SORT_BY_ALIGNMENT(.note.GNU-stack))
                0x0000c000                _image_rom_start = 0xc000

rom_start       0x0000c000      0x23c
                0x00000000                . = 0x0
                0x00000000                . = ALIGN (0x4)
                0x0000c000                _vector_start = .
 *(SORT_BY_ALIGNMENT(.exc_vector_table))
 *(SORT_BY_ALIGNMENT(.exc_vector_table.*))
 .exc_vector_table._vector_table_section
                0x0000c000       0x40 zephyr/arch/arch/arm/core/aarch32/cortex_m/libarch__arm__core__aarch32__cortex_m.a(vector_table.S.obj)
                0x0000c000                _vector_table
 *(SORT_BY_ALIGNMENT(.gnu.linkonce.irq_vector_table))
 .gnu.linkonce.irq_vector_table
                0x0000c040      0x104 zephyr/CMakeFiles/zephyr_final.dir/isr_tables.c.obj
                0x0000c040                _irq_vector_table
 *(SORT_BY_ALIGNMENT(.vectors))
                0x0000c144                _vector_end = .
 *(SORT_BY_ALIGNMENT(.openocd_dbg))
 *(SORT_BY_ALIGNMENT(.openocd_dbg.*))
                0x00000200                . = 0x200
 *fill*         0x0000c144       0xbc 
                0x0000c200                _fw_info_start = .
 *(SORT_BY_NAME(SORT_BY_ALIGNMENT(.firmware_info*)))
 .firmware_info
                0x0000c200       0x3c modules/nrf/subsys/fw_info/lib..__nrf__subsys__fw_info.a(fw_info.c.obj)
                0x0000c200                m_firmware_info
                0x0000003c                _fw_info_size = ABSOLUTE ((. - _fw_info_start))

text            0x0000c240    0x23ea6
                0x0000c240                _image_text_start = .
 *(SORT_BY_ALIGNMENT(.text))
 .text          0x0000c240      0x378 c:/gnuarmemb/bin/../lib/gcc/arm-none-eabi/8.3.1/thumb/v8-m.main+fp/hard\libgcc.a(_arm_addsubdf3.o)
                0x0000c240                __aeabi_drsub
                0x0000c248                __aeabi_dsub
                0x0000c248                __subdf3
                0x0000c24c                __aeabi_dadd
                0x0000c24c                __adddf3
                0x0000c4c4                __floatunsidf
                0x0000c4c4                __aeabi_ui2d
                0x0000c4e4                __floatsidf
                0x0000c4e4                __aeabi_i2d
                0x0000c508                __aeabi_f2d
                0x0000c508                __extendsfdf2
                0x0000c54c                __floatundidf
                0x0000c54c                __aeabi_ul2d
                0x0000c55c                __floatdidf
                0x0000c55c                __aeabi_l2d
 .text          0x0000c5b8      0x424 c:/gnuarmemb/bin/../lib/gcc/arm-none-eabi/8.3.1/thumb/v8-m.main+fp/hard\libgcc.a(_arm_muldivdf3.o)
                0x0000c5b8                __aeabi_dmul
                0x0000c5b8                __muldf3
                0x0000c80c                __divdf3
                0x0000c80c                __aeabi_ddiv
 .text          0x0000c9dc      0x110 c:/gnuarmemb/bin/../lib/gcc/arm-none-eabi/8.3.1/thumb/v8-m.main+fp/hard\libgcc.a(_arm_cmpdf2.o)
                0x0000c9dc                __gtdf2
                0x0000c9dc                __gedf2
                0x0000c9e4                __ltdf2
                0x0000c9e4                __ledf2
                0x0000c9ec                __nedf2
                0x0000c9ec                __eqdf2
                0x0000c9ec                __cmpdf2
                0x0000ca68                __aeabi_cdrcmple
                0x0000ca78                __aeabi_cdcmpeq
                0x0000ca78                __aeabi_cdcmple
                0x0000ca88                __aeabi_dcmpeq
                0x0000ca9c                __aeabi_dcmplt
                0x0000cab0                __aeabi_dcmple
                0x0000cac4                __aeabi_dcmpge
                0x0000cad8                __aeabi_dcmpgt
 .text          0x0000caec       0x40 c:/gnuarmemb/bin/../lib/gcc/arm-none-eabi/8.3.1/thumb/v8-m.main+fp/hard\libgcc.a(_arm_fixunsdfsi.o)
                0x0000caec                __aeabi_d2uiz
                0x0000caec                __fixunsdfsi
 .text          0x0000cb2c       0xa0 c:/gnuarmemb/bin/../lib/gcc/arm-none-eabi/8.3.1/thumb/v8-m.main+fp/hard\libgcc.a(_arm_truncdfsf2.o)
                0x0000cb2c                __truncdfsf2
                0x0000cb2c                __aeabi_d2f
 .text          0x0000cbcc       0x30 c:/gnuarmemb/bin/../lib/gcc/arm-none-eabi/8.3.1/thumb/v8-m.main+fp/hard\libgcc.a(_aeabi_uldivmod.o)
                0x0000cbcc                __aeabi_uldivmod
 .text          0x0000cbfc      0x2c8 c:/gnuarmemb/bin/../lib/gcc/arm-none-eabi/8.3.1/thumb/v8-m.main+fp/hard\libgcc.a(_udivmoddi4.o)
                0x0000cbfc                __udivmoddi4
 .text          0x0000cec4        0x4 c:/gnuarmemb/bin/../lib/gcc/arm-none-eabi/8.3.1/thumb/v8-m.main+fp/hard\libgcc.a(_dvmd_tls.o)
                0x0000cec4                __aeabi_idiv0
                0x0000cec4                __aeabi_ldiv0
 .text          0x0000cec8       0x2c c:/gnuarmemb/bin/../lib/gcc/arm-none-eabi/8.3.1/thumb/v8-m.main+fp/hard\libgcc.a(_arm_unorddf2.o)
                0x0000cec8                __unorddf2
                0x0000cec8                __aeabi_dcmpun
 .text          0x0000cef4       0x50 c:/gnuarmemb/bin/../lib/gcc/arm-none-eabi/8.3.1/thumb/v8-m.main+fp/hard\libgcc.a(_arm_fixdfsi.o)
                0x0000cef4                __aeabi_d2iz
                0x0000cef4                __fixdfsi
 .text          0x0000cf44       0x14 C:/gnuarmemb/arm-none-eabi/lib/thumb/v8-m.main+fp/hard\libc_nano.a(lib_a-strcmp.o)
                0x0000cf44                strcmp
 .text          0x0000cf58       0x10 C:/gnuarmemb/arm-none-eabi/lib/thumb/v8-m.main+fp/hard\libc_nano.a(lib_a-strlen.o)
                0x0000cf58                strlen
 *(SORT_BY_ALIGNMENT(.text.*))
 .text.APP_get_location_data_reply
                0x0000cf68      0x180 app/libapp.a(uart_ble.c.obj)
                0x0000cf68                APP_get_location_data_reply
 .text.APP_Ask_GPS_Data
                0x0000d0e8       0x54 app/libapp.a(gps.c.obj)
                0x0000d0e8                APP_Ask_GPS_Data
 *fill*         0x0000d13c        0x4 
 .text.fall_detection
                0x0000d140      0xa68 app/libapp.a(lsm6dso.c.obj)
                0x0000d140                fall_detection
 .text.UpdateIMUData
                0x0000dba8       0x98 app/libapp.a(lsm6dso.c.obj)
                0x0000dba8                UpdateIMUData
 .text.fall_get_location_data_reply
                0x0000dc40      0x230 app/libapp.a(lsm6dso.c.obj)
                0x0000dc40                fall_get_location_data_reply
 .text.MAX20353_UpdateTemper
                0x0000de70      0x2a8 app/libapp.a(max20353_reg.c.obj)
                0x0000de70                MAX20353_UpdateTemper
 .text.sos_get_location_data_reply
                0x0000e118      0x230 app/libapp.a(sos.c.obj)
                0x0000e118                sos_get_location_data_reply
 .text.pow      0x0000e348      0x19c C:/gnuarmemb/arm-none-eabi/lib/thumb/v8-m.main+fp/hard\libm.a(lib_a-w_pow.o)
                0x0000e348                pow
 *fill*         0x0000e4e4        0x4 
 .text.__ieee754_acos
                0x0000e4e8      0x4e0 C:/gnuarmemb/arm-none-eabi/lib/thumb/v8-m.main+fp/hard\libm.a(lib_a-e_acos.o)
                0x0000e4e8                __ieee754_acos
 .text.__ieee754_pow
                0x0000e9c8      0xb00 C:/gnuarmemb/arm-none-eabi/lib/thumb/v8-m.main+fp/hard\libm.a(lib_a-e_pow.o)
                0x0000e9c8                __ieee754_pow
 .text.nan      0x0000f4c8       0x10 C:/gnuarmemb/arm-none-eabi/lib/thumb/v8-m.main+fp/hard\libm.a(lib_a-s_nan.o)
                0x0000f4c8                nan
 .text.scalbn   0x0000f4d8      0x120 C:/gnuarmemb/arm-none-eabi/lib/thumb/v8-m.main+fp/hard\libm.a(lib_a-s_scalbn.o)
                0x0000f4d8                scalbn
 .text._dtoa_r  0x0000f5f8      0xb60 C:/gnuarmemb/arm-none-eabi/lib/thumb/v8-m.main+fp/hard\libc_nano.a(lib_a-dtoa.o)
                0x0000f5f8                _dtoa_r
 .text.system_init
                0x00010158       0x3c app/libapp.a(main.c.obj)
                0x00010158                system_init
 .text.work_init
                0x00010194       0x38 app/libapp.a(main.c.obj)
                0x00010194                work_init
 .text.clock_timer_handler
                0x000101cc        0xc app/libapp.a(datetime.c.obj)
 .text.DateIncreaseOne
                0x000101d8       0xa4 app/libapp.a(datetime.c.obj)
                0x000101d8                DateIncreaseOne
 .text.DateDecreaseOne
                0x0001027c       0x88 app/libapp.a(datetime.c.obj)
                0x0001027c                DateDecreaseOne
 .text.TimeIncrease
                0x00010304       0xb8 app/libapp.a(datetime.c.obj)
                0x00010304                TimeIncrease
 .text.TimeDecrease
                0x000103bc       0x7c app/libapp.a(datetime.c.obj)
                0x000103bc                TimeDecrease
 .text.RedrawSystemTime
                0x00010438       0x1c app/libapp.a(datetime.c.obj)
                0x00010438                RedrawSystemTime
 .text.UpdateSystemTime
                0x00010454      0x188 app/libapp.a(datetime.c.obj)
                0x00010454                UpdateSystemTime
 .text.StartSystemDateTime
                0x000105dc       0x28 app/libapp.a(datetime.c.obj)
                0x000105dc                StartSystemDateTime
 .text.GetSystemTimeSecStrings
                0x00010604      0x114 app/libapp.a(datetime.c.obj)
                0x00010604                GetSystemTimeSecStrings
 .text.GetSystemDateStrings
                0x00010718       0x54 app/libapp.a(datetime.c.obj)
                0x00010718                GetSystemDateStrings
 .text.GetSysteAmPmStrings
                0x0001076c       0x4c app/libapp.a(datetime.c.obj)
                0x0001076c                GetSysteAmPmStrings
 .text.GetSystemTimeStrings
                0x000107b8       0x44 app/libapp.a(datetime.c.obj)
                0x000107b8                GetSystemTimeStrings
 .text.GetSystemWeekStrings
                0x000107fc       0xc0 app/libapp.a(datetime.c.obj)
                0x000107fc                GetSystemWeekStrings
 .text.TimeMsgProcess
                0x000108bc       0x2c app/libapp.a(datetime.c.obj)
                0x000108bc                TimeMsgProcess
 .text.AlarmRemindStop
                0x000108e8       0x38 app/libapp.a(alarm.c.obj)
                0x000108e8                AlarmRemindStop
 .text.AlarmRemindTimeout
                0x00010920       0x4c app/libapp.a(alarm.c.obj)
                0x00010920                AlarmRemindTimeout
 .text.AlarmRemindStart
                0x0001096c       0x3c app/libapp.a(alarm.c.obj)
                0x0001096c                AlarmRemindStart
 .text.AlarmRemindCheck
                0x000109a8       0x70 app/libapp.a(alarm.c.obj)
                0x000109a8                AlarmRemindCheck
 .text.FindDeviceStop
                0x00010a18       0x38 app/libapp.a(alarm.c.obj)
                0x00010a18                FindDeviceStop
 .text.FindDeviceTimeout
                0x00010a50       0x4c app/libapp.a(alarm.c.obj)
                0x00010a50                FindDeviceTimeout
 .text.FindDeviceStart
                0x00010a9c       0x3c app/libapp.a(alarm.c.obj)
                0x00010a9c                FindDeviceStart
 .text.AlarmRemindInit
                0x00010ad8       0x2c app/libapp.a(alarm.c.obj)
                0x00010ad8                AlarmRemindInit
 .text.AlarmMsgProcess
                0x00010b04       0x14 app/libapp.a(alarm.c.obj)
                0x00010b04                AlarmMsgProcess
 .text.LCD_Fill
                0x00010b18       0x48 app/libapp.a(lcd.c.obj)
                0x00010b18                LCD_Fill
 .text.LCD_DrawRectangle
                0x00010b60       0x64 app/libapp.a(lcd.c.obj)
                0x00010b60                LCD_DrawRectangle
 .text.LCD_ShowChar
                0x00010bc4      0x1c4 app/libapp.a(lcd.c.obj)
                0x00010bc4                LCD_ShowChar
 .text.LCD_ShowStringInRect
                0x00010d88       0x78 app/libapp.a(lcd.c.obj)
                0x00010d88                LCD_ShowStringInRect
 .text.LCD_ShowString
                0x00010e00       0x64 app/libapp.a(lcd.c.obj)
                0x00010e00                LCD_ShowString
 .text.LCD_MeasureString
                0x00010e64       0x48 app/libapp.a(lcd.c.obj)
                0x00010e64                LCD_MeasureString
 .text.LCD_SetFontSize
                0x00010eac       0x10 app/libapp.a(lcd.c.obj)
                0x00010eac                LCD_SetFontSize
 .text.LCDMsgProcess
                0x00010ebc       0x2c app/libapp.a(lcd.c.obj)
                0x00010ebc                LCDMsgProcess
 .text.backlight_timer_handler
                0x00010ee8        0xc app/libapp.a(LCD_R108101_GC9307.c.obj)
 .text.LCD_SPI_Transceive.constprop.0
                0x00010ef4       0x5c app/libapp.a(LCD_R108101_GC9307.c.obj)
 .text.Write_Data
                0x00010f50       0x10 app/libapp.a(LCD_R108101_GC9307.c.obj)
                0x00010f50                Write_Data
 .text.WriteComm
                0x00010f60       0x20 app/libapp.a(LCD_R108101_GC9307.c.obj)
                0x00010f60                WriteComm
 .text.WriteData
                0x00010f80       0x20 app/libapp.a(LCD_R108101_GC9307.c.obj)
                0x00010f80                WriteData
 .text.DispColor
                0x00010fa0       0x54 app/libapp.a(LCD_R108101_GC9307.c.obj)
                0x00010fa0                DispColor
 .text.DispDate
                0x00010ff4       0x4c app/libapp.a(LCD_R108101_GC9307.c.obj)
                0x00010ff4                DispDate
 .text.LCD_SleepIn
                0x00011040       0x28 app/libapp.a(LCD_R108101_GC9307.c.obj)
                0x00011040                LCD_SleepIn
 .text.LCD_SleepOut
                0x00011068       0x74 app/libapp.a(LCD_R108101_GC9307.c.obj)
                0x00011068                LCD_SleepOut
 .text.LCD_Init
                0x000110dc      0x2d8 app/libapp.a(LCD_R108101_GC9307.c.obj)
                0x000110dc                LCD_Init
 .text.key_event_handler
                0x000113b4       0x70 app/libapp.a(key.c.obj)
 .text.long_press_timer_handler
                0x00011424       0x10 app/libapp.a(key.c.obj)
 .text.button_handler
                0x00011434       0x78 app/libapp.a(key.c.obj)
 .text.button_pressed
                0x000114ac      0x120 app/libapp.a(key.c.obj)
 .text.buttons_scan_fn
                0x000115cc      0x220 app/libapp.a(key.c.obj)
 .text.key_init
                0x000117ec      0x21c app/libapp.a(key.c.obj)
                0x000117ec                key_init
 .text.SaveSystemDateTime
                0x00011a08       0x14 app/libapp.a(settings.c.obj)
                0x00011a08                SaveSystemDateTime
 .text.ResetSystemTime
                0x00011a1c       0x18 app/libapp.a(settings.c.obj)
                0x00011a1c                ResetSystemTime
 .text.InitSystemDateTime
                0x00011a34       0x78 app/libapp.a(settings.c.obj)
                0x00011a34                InitSystemDateTime
 .text.SaveSystemSettings
                0x00011aac       0x14 app/libapp.a(settings.c.obj)
                0x00011aac                SaveSystemSettings
 .text.ResetSystemSettings
                0x00011ac0       0x20 app/libapp.a(settings.c.obj)
                0x00011ac0                ResetSystemSettings
 .text.InitSystemSettings
                0x00011ae0       0xdc app/libapp.a(settings.c.obj)
                0x00011ae0                InitSystemSettings
 .text.SettingsMsgPorcess
                0x00011bbc       0x50 app/libapp.a(settings.c.obj)
                0x00011bbc                SettingsMsgPorcess
 .text.SPI_Flash_Init
                0x00011c0c       0x58 app/libapp.a(external_flash.c.obj)
                0x00011c0c                SPI_Flash_Init
 .text.flash_init
                0x00011c64       0x80 app/libapp.a(external_flash.c.obj)
                0x00011c64                flash_init
 .text.ble_connect_or_disconnect_handle
                0x00011ce4       0x40 app/libapp.a(uart_ble.c.obj)
                0x00011ce4                ble_connect_or_disconnect_handle
 .text.CTP_notify_handle
                0x00011d24       0xfc app/libapp.a(uart_ble.c.obj)
                0x00011d24                CTP_notify_handle
 .text.wifi_sacn_notify_handle
                0x00011e20       0x48 app/libapp.a(uart_ble.c.obj)
                0x00011e20                wifi_sacn_notify_handle
 .text.APP_reply_find_phone
                0x00011e68       0x68 app/libapp.a(uart_ble.c.obj)
                0x00011e68                APP_reply_find_phone
 .text.get_nrf52810_ver_response
                0x00011ed0       0x44 app/libapp.a(uart_ble.c.obj)
                0x00011ed0                get_nrf52810_ver_response
 .text.get_ble_mac_address_response
                0x00011f14       0x5c app/libapp.a(uart_ble.c.obj)
                0x00011f14                get_ble_mac_address_response
 .text.get_ble_status_response
                0x00011f70       0x3c app/libapp.a(uart_ble.c.obj)
                0x00011f70                get_ble_status_response
 .text.ble_send_date_handle
                0x00011fac       0x48 app/libapp.a(uart_ble.c.obj)
                0x00011fac                ble_send_date_handle
 .text.APP_set_find_device
                0x00011ff4       0x5c app/libapp.a(uart_ble.c.obj)
                0x00011ff4                APP_set_find_device
 .text.APP_set_language
                0x00012050       0x90 app/libapp.a(uart_ble.c.obj)
                0x00012050                APP_set_language
 .text.APP_set_time_24_format
                0x000120e0       0x88 app/libapp.a(uart_ble.c.obj)
                0x000120e0                APP_set_time_24_format
 .text.APP_set_date_format
                0x00012168       0x90 app/libapp.a(uart_ble.c.obj)
                0x00012168                APP_set_date_format
 .text.APP_set_date_time
                0x000121f8       0xdc app/libapp.a(uart_ble.c.obj)
                0x000121f8                APP_set_date_time
 .text.APP_set_alarm
                0x000122d4       0xa4 app/libapp.a(uart_ble.c.obj)
                0x000122d4                APP_set_alarm
 .text.APP_set_PHD_interval
                0x00012378       0x74 app/libapp.a(uart_ble.c.obj)
                0x00012378                APP_set_PHD_interval
 .text.APP_set_wake_screen_by_wrist
                0x000123ec       0x6c app/libapp.a(uart_ble.c.obj)
                0x000123ec                APP_set_wake_screen_by_wrist
 .text.APP_set_factory_reset
                0x00012458       0x5c app/libapp.a(uart_ble.c.obj)
                0x00012458                APP_set_factory_reset
 .text.APP_set_target_steps
                0x000124b4       0x98 app/libapp.a(uart_ble.c.obj)
                0x000124b4                APP_set_target_steps
 .text.APP_get_current_data
                0x0001254c      0x134 app/libapp.a(uart_ble.c.obj)
                0x0001254c                APP_get_current_data
 .text.APP_get_battery_level
                0x00012680       0x84 app/libapp.a(uart_ble.c.obj)
                0x00012680                APP_get_battery_level
 .text.APP_get_heart_rate
                0x00012704       0x64 app/libapp.a(uart_ble.c.obj)
                0x00012704                APP_get_heart_rate
 .text.ble_receive_date_handle
                0x00012768      0x1f8 app/libapp.a(uart_ble.c.obj)
                0x00012768                ble_receive_date_handle
 .text.uart_cb  0x00012960      0x130 app/libapp.a(uart_ble.c.obj)
 .text.ble_init
                0x00012a90       0x80 app/libapp.a(uart_ble.c.obj)
                0x00012a90                ble_init
 .text.APP_Ask_GPS_Data_timerout
                0x00012b10       0x14 app/libapp.a(gps.c.obj)
 .text.gps_data_wait_timerout
                0x00012b24        0xc app/libapp.a(gps.c.obj)
 .text.print_nmea_data
                0x00012b30       0x74 app/libapp.a(gps.c.obj)
 .text.print_satellite_stats
                0x00012ba4       0xa8 app/libapp.a(gps.c.obj)
 .text.process_gps_data
                0x00012c4c       0x9c app/libapp.a(gps.c.obj)
                0x00012c4c                process_gps_data
 .text.APP_GPS_data_send
                0x00012ce8       0x70 app/libapp.a(gps.c.obj)
                0x00012ce8                APP_GPS_data_send
 .text.gps_data_receive
                0x00012d58      0x310 app/libapp.a(gps.c.obj)
                0x00012d58                gps_data_receive
 .text.gps_init
                0x00013068      0x174 app/libapp.a(gps.c.obj)
                0x00013068                gps_init
 .text.gps_restart
                0x000131dc       0x50 app/libapp.a(gps.c.obj)
                0x000131dc                gps_restart
 .text.gps_off  0x0001322c       0xa0 app/libapp.a(gps.c.obj)
                0x0001322c                gps_off
 .text.gps_on   0x000132cc       0xa8 app/libapp.a(gps.c.obj)
                0x000132cc                gps_on
 .text.GPSMsgProcess
                0x00013374       0x50 app/libapp.a(gps.c.obj)
                0x00013374                GPSMsgProcess
 .text.SendDataCallBack
                0x000133c4        0xc app/libapp.a(nb.c.obj)
 .text.MqttDisConnectCallBack
                0x000133d0       0x3c app/libapp.a(nb.c.obj)
 .text.modem_rsrp_handler
                0x0001340c       0x60 app/libapp.a(nb.c.obj)
 .text.data_print
                0x0001346c       0x50 app/libapp.a(nb.c.obj)
 .text.data_publish.constprop.6
                0x000134bc       0x88 app/libapp.a(nb.c.obj)
 .text.client_init.constprop.5
                0x00013544      0x1c8 app/libapp.a(nb.c.obj)
 .text.mqtt_send
                0x0001370c       0x90 app/libapp.a(nb.c.obj)
 .text.poll.constprop.14
                0x0001379c       0x60 app/libapp.a(nb.c.obj)
 .text.mqtt_evt_handler
                0x000137fc      0x2ec app/libapp.a(nb.c.obj)
 .text.mqtt_link
                0x00013ae8      0x170 app/libapp.a(nb.c.obj)
 .text.modem_data_init
                0x00013c58       0x50 app/libapp.a(nb.c.obj)
                0x00013c58                modem_data_init
 .text.test_nb  0x00013ca8      0x210 app/libapp.a(nb.c.obj)
                0x00013ca8                test_nb
 .text.GetModemDateTime
                0x00013eb8      0x1b4 app/libapp.a(nb.c.obj)
                0x00013eb8                GetModemDateTime
 .text.MqttSendData
                0x0001406c       0x94 app/libapp.a(nb.c.obj)
                0x0001406c                MqttSendData
 .text.NBSendSosWifiData
                0x00014100       0xdc app/libapp.a(nb.c.obj)
                0x00014100                NBSendSosWifiData
 .text.NBSendSosGpsData
                0x000141dc       0xd8 app/libapp.a(nb.c.obj)
                0x000141dc                NBSendSosGpsData
 .text.NBSendFallWifiData
                0x000142b4       0xdc app/libapp.a(nb.c.obj)
                0x000142b4                NBSendFallWifiData
 .text.NBSendFallGpsData
                0x00014390       0xd8 app/libapp.a(nb.c.obj)
                0x00014390                NBSendFallGpsData
 .text.GetModemInfor
                0x00014468      0x13c app/libapp.a(nb.c.obj)
                0x00014468                GetModemInfor
 .text.nb_link  0x000145a4       0x6c app/libapp.a(nb.c.obj)
 .text.NBMsgProcess
                0x00014610       0xc0 app/libapp.a(nb.c.obj)
                0x00014610                NBMsgProcess
 .text.NB_init  0x000146d0       0x64 app/libapp.a(nb.c.obj)
                0x000146d0                NB_init
 .text.add_data_into_cache
                0x00014734      0x12c app/libapp.a(transfer_cache.c.obj)
                0x00014734                add_data_into_cache
 .text.get_data_from_cache
                0x00014860       0x80 app/libapp.a(transfer_cache.c.obj)
                0x00014860                get_data_from_cache
 .text.delete_data_from_cache
                0x000148e0       0x40 app/libapp.a(transfer_cache.c.obj)
                0x000148e0                delete_data_from_cache
 .text.touch_panel_event_handle
                0x00014920       0x50 app/libapp.a(CST816.c.obj)
                0x00014920                touch_panel_event_handle
 .text.interrupt_event
                0x00014970        0xc app/libapp.a(lsm6dso.c.obj)
                0x00014970                interrupt_event
 .text.step_event
                0x0001497c        0xc app/libapp.a(lsm6dso.c.obj)
                0x0001497c                step_event
 .text.platform_write
                0x00014988       0x4c app/libapp.a(lsm6dso.c.obj)
 .text.platform_read
                0x000149d4       0x54 app/libapp.a(lsm6dso.c.obj)
 .text.init_gpio
                0x00014a28       0x9c app/libapp.a(lsm6dso.c.obj)
                0x00014a28                init_gpio
 .text.sensor_init
                0x00014ac4      0x1b8 app/libapp.a(lsm6dso.c.obj)
                0x00014ac4                sensor_init
 .text.sensor_reset
                0x00014c7c       0x88 app/libapp.a(lsm6dso.c.obj)
                0x00014c7c                sensor_reset
 .text.get_sensor_reading
                0x00014d04       0x70 app/libapp.a(lsm6dso.c.obj)
                0x00014d04                get_sensor_reading
 .text.historic_buffer
                0x00014d74      0x18c app/libapp.a(lsm6dso.c.obj)
                0x00014d74                historic_buffer
 .text.curr_vrif_buffers
                0x00014f00      0x36c app/libapp.a(lsm6dso.c.obj)
                0x00014f00                curr_vrif_buffers
 .text.ReSetImuSteps
                0x0001526c        0xc app/libapp.a(lsm6dso.c.obj)
                0x0001526c                ReSetImuSteps
 .text.GetImuSteps
                0x00015278        0xc app/libapp.a(lsm6dso.c.obj)
                0x00015278                GetImuSteps
 .text.GetSportData
                0x00015284       0x20 app/libapp.a(lsm6dso.c.obj)
                0x00015284                GetSportData
 .text.lsm6dso_sensitivity
                0x000152a4       0x2c app/libapp.a(lsm6dso.c.obj)
                0x000152a4                lsm6dso_sensitivity
 .text.fall_get_wifi_data_reply
                0x000152d0       0xcc app/libapp.a(lsm6dso.c.obj)
                0x000152d0                fall_get_wifi_data_reply
 .text.IMU_init
                0x0001539c       0xb0 app/libapp.a(lsm6dso.c.obj)
                0x0001539c                IMU_init
 .text.is_tilt  0x0001544c       0x28 app/libapp.a(lsm6dso.c.obj)
                0x0001544c                is_tilt
 .text.IMURedrawSteps
                0x00015474       0x20 app/libapp.a(lsm6dso.c.obj)
                0x00015474                IMURedrawSteps
 .text.mt_fall_detection
                0x00015494      0x138 app/libapp.a(lsm6dso.c.obj)
 .text.IMUMsgProcess
                0x000155cc       0x2c app/libapp.a(lsm6dso.c.obj)
                0x000155cc                IMUMsgProcess
 .text.lsm6dso_from_fs2_to_mg
                0x000155f8       0x18 app/libapp.a(lsm6dso_reg.c.obj)
                0x000155f8                lsm6dso_from_fs2_to_mg
 .text.lsm6dso_from_fs250_to_mdps
                0x00015610       0x18 app/libapp.a(lsm6dso_reg.c.obj)
                0x00015610                lsm6dso_from_fs250_to_mdps
 .text.sleep_timer_handler
                0x00015628        0xc app/libapp.a(sleep.c.obj)
 .text.Set_Gsensor_data
                0x00015634      0x1d4 app/libapp.a(sleep.c.obj)
                0x00015634                Set_Gsensor_data
 .text.StartSleepTimeMonitor
                0x00015808       0x28 app/libapp.a(sleep.c.obj)
                0x00015808                StartSleepTimeMonitor
 .text.GetSleepTimeData
                0x00015830       0x18 app/libapp.a(sleep.c.obj)
                0x00015830                GetSleepTimeData
 .text.UpdateSleepPara
                0x00015848       0x54 app/libapp.a(sleep.c.obj)
                0x00015848                UpdateSleepPara
 .text.EnterNotifyScreen
                0x0001589c       0x30 app/libapp.a(screen.c.obj)
                0x0001589c                EnterNotifyScreen
 .text.DisplayPopUp
                0x000158cc       0x50 app/libapp.a(screen.c.obj)
                0x000158cc                DisplayPopUp
 .text.IdleShowSystemDate
                0x0001591c       0x88 app/libapp.a(screen.c.obj)
                0x0001591c                IdleShowSystemDate
 .text.IdleShowSystemTime
                0x000159a4       0x88 app/libapp.a(screen.c.obj)
                0x000159a4                IdleShowSystemTime
 .text.IdleShowSystemWeek
                0x00015a2c       0xb0 app/libapp.a(screen.c.obj)
                0x00015a2c                IdleShowSystemWeek
 .text.IdleUpdateBatSoc
                0x00015adc       0xa8 app/libapp.a(screen.c.obj)
                0x00015adc                IdleUpdateBatSoc
 .text.IdleShowBatSoc
                0x00015b84       0xc0 app/libapp.a(screen.c.obj)
                0x00015b84                IdleShowBatSoc
 .text.IdleUpdateSportData
                0x00015c44      0x100 app/libapp.a(screen.c.obj)
                0x00015c44                IdleUpdateSportData
 .text.IdleShowSportData
                0x00015d44       0xb4 app/libapp.a(screen.c.obj)
                0x00015d44                IdleShowSportData
 .text.IdleScreenProcess
                0x00015df8       0x98 app/libapp.a(screen.c.obj)
                0x00015df8                IdleScreenProcess
 .text.AlarmScreenProcess
                0x00015e90       0xdc app/libapp.a(screen.c.obj)
                0x00015e90                AlarmScreenProcess
 .text.FindDeviceScreenProcess
                0x00015f6c       0xdc app/libapp.a(screen.c.obj)
                0x00015f6c                FindDeviceScreenProcess
 .text.NotifyScreenProcess
                0x00016048      0x228 app/libapp.a(screen.c.obj)
                0x00016048                NotifyScreenProcess
 .text.EnterIdleScreen
                0x00016270       0x2c app/libapp.a(screen.c.obj)
                0x00016270                EnterIdleScreen
 .text.EnterAlarmScreen
                0x0001629c       0x2c app/libapp.a(screen.c.obj)
                0x0001629c                EnterAlarmScreen
 .text.EnterFindDeviceScreen
                0x000162c8       0x2c app/libapp.a(screen.c.obj)
                0x000162c8                EnterFindDeviceScreen
 .text.EnterGPSTestScreen
                0x000162f4       0x30 app/libapp.a(screen.c.obj)
                0x000162f4                EnterGPSTestScreen
 .text.GoBackHistoryScreen
                0x00016324       0x28 app/libapp.a(screen.c.obj)
                0x00016324                GoBackHistoryScreen
 .text.ExitNotifyScreen
                0x0001634c       0x24 app/libapp.a(screen.c.obj)
                0x0001634c                ExitNotifyScreen
 .text.ScreenMsgProcess
                0x00016370       0x4c app/libapp.a(screen.c.obj)
                0x00016370                ScreenMsgProcess
 .text.pmu_battery_low_shutdown_timerout
                0x000163bc        0xc app/libapp.a(max20353.c.obj)
                0x000163bc                pmu_battery_low_shutdown_timerout
 .text.PmuInterruptHandle
                0x000163c8        0xc app/libapp.a(max20353.c.obj)
                0x000163c8                PmuInterruptHandle
 .text.PmuAlertHandle
                0x000163d4        0xc app/libapp.a(max20353.c.obj)
                0x000163d4                PmuAlertHandle
 .text.pmu_battery_stop_shutdown
                0x000163e0       0x2c app/libapp.a(max20353.c.obj)
                0x000163e0                pmu_battery_stop_shutdown
 .text.pmu_battery_low_shutdown
                0x0001640c       0x28 app/libapp.a(max20353.c.obj)
                0x0001640c                pmu_battery_low_shutdown
 .text.pmu_interrupt_proc
                0x00016434      0x19c app/libapp.a(max20353.c.obj)
                0x00016434                pmu_interrupt_proc
 .text.pmu_alert_proc
                0x000165d0      0x1fc app/libapp.a(max20353.c.obj)
                0x000165d0                pmu_alert_proc
 .text.MAX20353_InitData
                0x000167cc       0x20 app/libapp.a(max20353.c.obj)
                0x000167cc                MAX20353_InitData
 .text.pmu_init
                0x000167ec      0x124 app/libapp.a(max20353.c.obj)
                0x000167ec                pmu_init
 .text.test_soc_status
                0x00016910      0x294 app/libapp.a(max20353.c.obj)
                0x00016910                test_soc_status
 .text.PMURedrawBatStatus
                0x00016ba4       0x20 app/libapp.a(max20353.c.obj)
                0x00016ba4                PMURedrawBatStatus
 .text.PMUMsgProcess
                0x00016bc4       0x94 app/libapp.a(max20353.c.obj)
                0x00016bc4                PMUMsgProcess
 .text.MAX20353_CheckTemper
                0x00016c58        0xc app/libapp.a(max20353_reg.c.obj)
                0x00016c58                MAX20353_CheckTemper
 .text.MAX20353_WriteRegMulti
                0x00016c64       0x20 app/libapp.a(max20353_reg.c.obj)
                0x00016c64                MAX20353_WriteRegMulti
 .text.MAX20353_WriteReg
                0x00016c84       0x28 app/libapp.a(max20353_reg.c.obj)
                0x00016c84                MAX20353_WriteReg
 .text.MAX20353_ReadReg
                0x00016cac       0x20 app/libapp.a(max20353_reg.c.obj)
                0x00016cac                MAX20353_ReadReg
 .text.MAX20353_AppWrite
                0x00016ccc       0x4c app/libapp.a(max20353_reg.c.obj)
                0x00016ccc                MAX20353_AppWrite
 .text.MAX20303_HapticConfigDCMotor
                0x00016d18       0xa0 app/libapp.a(max20353_reg.c.obj)
                0x00016d18                MAX20303_HapticConfigDCMotor
 .text.MAX20353_Buck1Config
                0x00016db8       0x28 app/libapp.a(max20353_reg.c.obj)
                0x00016db8                MAX20353_Buck1Config
 .text.MAX20353_Buck2Config
                0x00016de0       0x24 app/libapp.a(max20353_reg.c.obj)
                0x00016de0                MAX20353_Buck2Config
 .text.MAX20353_LDO1Config
                0x00016e04       0x20 app/libapp.a(max20353_reg.c.obj)
                0x00016e04                MAX20353_LDO1Config
 .text.MAX20353_LDO2Config
                0x00016e24       0x20 app/libapp.a(max20353_reg.c.obj)
                0x00016e24                MAX20353_LDO2Config
 .text.MAX20353_BoostConfig
                0x00016e44       0x24 app/libapp.a(max20353_reg.c.obj)
                0x00016e44                MAX20353_BoostConfig
 .text.MAX20353_ChargePumpConfig
                0x00016e68       0x20 app/libapp.a(max20353_reg.c.obj)
                0x00016e68                MAX20353_ChargePumpConfig
 .text.MAX20353_BuckBoostConfig
                0x00016e88       0x24 app/libapp.a(max20353_reg.c.obj)
                0x00016e88                MAX20353_BuckBoostConfig
 .text.MAX20353_PowerOffConfig
                0x00016eac       0x1c app/libapp.a(max20353_reg.c.obj)
                0x00016eac                MAX20353_PowerOffConfig
 .text.MAX20353_ReadRegMulti
                0x00016ec8       0x20 app/libapp.a(max20353_reg.c.obj)
                0x00016ec8                MAX20353_ReadRegMulti
 .text.MAX20353_AppRead
                0x00016ee8       0x38 app/libapp.a(max20353_reg.c.obj)
                0x00016ee8                MAX20353_AppRead
 .text.MAX20353_ChargerCfg
                0x00016f20       0x24 app/libapp.a(max20353_reg.c.obj)
                0x00016f20                MAX20353_ChargerCfg
 .text.MAX20353_ChargerCtrl
                0x00016f44       0x18 app/libapp.a(max20353_reg.c.obj)
                0x00016f44                MAX20353_ChargerCtrl
 .text.MAX20353_InputCurCfg
                0x00016f5c       0x1c app/libapp.a(max20353_reg.c.obj)
                0x00016f5c                MAX20353_InputCurCfg
 .text.MAX20353_ChargerInit
                0x00016f78       0x28 app/libapp.a(max20353_reg.c.obj)
                0x00016f78                MAX20353_ChargerInit
 .text.InitCharger
                0x00016fa0       0x38 app/libapp.a(max20353_reg.c.obj)
                0x00016fa0                InitCharger
 .text.ReadWord
                0x00016fd8       0x70 app/libapp.a(max20353_reg.c.obj)
                0x00016fd8                ReadWord
 .text.WriteWord
                0x00017048       0x3c app/libapp.a(max20353_reg.c.obj)
                0x00017048                WriteWord
 .text.WriteMulti
                0x00017084       0x30 app/libapp.a(max20353_reg.c.obj)
                0x00017084                WriteMulti
 .text.MAX20353_ReadTHM
                0x000170b4       0x6c app/libapp.a(max20353_reg.c.obj)
                0x000170b4                MAX20353_ReadTHM
 .text.MAX20353_UpdateRCOMP
                0x00017120       0x64 app/libapp.a(max20353_reg.c.obj)
                0x00017120                MAX20353_UpdateRCOMP
 .text.MAX20353_StartCheckTemper
                0x00017184       0x28 app/libapp.a(max20353_reg.c.obj)
                0x00017184                MAX20353_StartCheckTemper
 .text.MAX20353_CalculateSOC
                0x000171ac       0x1c app/libapp.a(max20353_reg.c.obj)
                0x000171ac                MAX20353_CalculateSOC
 .text.prepare_to_load_model
                0x000171c8       0x30 app/libapp.a(max20353_reg.c.obj)
                0x000171c8                prepare_to_load_model
 .text.load_model
                0x000171f8       0x48 app/libapp.a(max20353_reg.c.obj)
                0x000171f8                load_model
 .text.verify_model_is_correct
                0x00017240       0x4c app/libapp.a(max20353_reg.c.obj)
                0x00017240                verify_model_is_correct
 .text.cleanup_model_load
                0x0001728c       0x4c app/libapp.a(max20353_reg.c.obj)
                0x0001728c                cleanup_model_load
 .text.MAX20353_Init
                0x000172d8       0x44 app/libapp.a(max20353_reg.c.obj)
                0x000172d8                MAX20353_Init
 .text.APP_Ask_wifi_Data_timerout
                0x0001731c       0x70 app/libapp.a(esp8266.c.obj)
 .text.APP_Ask_wifi_data
                0x0001738c       0x5c app/libapp.a(esp8266.c.obj)
                0x0001738c                APP_Ask_wifi_data
 .text.SOSTimerOutCallBack
                0x000173e8       0x68 app/libapp.a(sos.c.obj)
 .text.sos_get_wifi_data_reply
                0x00017450       0xcc app/libapp.a(sos.c.obj)
                0x00017450                sos_get_wifi_data_reply
 .text.SOSStart
                0x0001751c       0x68 app/libapp.a(sos.c.obj)
                0x0001751c                SOSStart
 .text.SOSMsgProc
                0x00017584       0x18 app/libapp.a(sos.c.obj)
                0x00017584                SOSMsgProc
 .text.crc8_ccitt
                0x0001759c       0x2c zephyr/libzephyr.a(crc8_sw.c.obj)
                0x0001759c                crc8_ccitt
 .text.z_sys_mem_pool_block_free
                0x000175c8      0x19c zephyr/libzephyr.a(mempool.c.obj)
                0x000175c8                z_sys_mem_pool_block_free
 .text.char_out
                0x00017764       0x10 zephyr/libzephyr.a(printk.c.obj)
 .text._printk_dec_ulong
                0x00017774       0x98 zephyr/libzephyr.a(printk.c.obj)
 .text.vprintk  0x0001780c       0x1c zephyr/libzephyr.a(printk.c.obj)
                0x0001780c                vprintk
 .text.nordicsemi_nrf91_init
                0x00017828       0x28 zephyr/libzephyr.a(soc.c.obj)
 .text.arch_busy_wait
                0x00017850       0x14 zephyr/libzephyr.a(soc.c.obj)
                0x00017850                arch_busy_wait
 .text.log_generic
                0x00017864       0x5c zephyr/libzephyr.a(log_core.c.obj)
                0x00017864                log_generic
 .text.log_core_init
                0x000178c0       0x18 zephyr/libzephyr.a(log_core.c.obj)
                0x000178c0                log_core_init
 .text.log_source_name_get
                0x000178d8       0x1c zephyr/libzephyr.a(log_core.c.obj)
                0x000178d8                log_source_name_get
 .text.log_backend_enable
                0x000178f4       0x5c zephyr/libzephyr.a(log_core.c.obj)
                0x000178f4                log_backend_enable
 .text.log_init
                0x00017950       0x68 zephyr/libzephyr.a(log_core.c.obj)
                0x00017950                log_init
 .text.z_impl_log_panic
                0x000179b8       0x40 zephyr/libzephyr.a(log_core.c.obj)
                0x000179b8                z_impl_log_panic
 .text.print_formatted
                0x000179f8       0x24 zephyr/libzephyr.a(log_output.c.obj)
 .text.prefix_print
                0x00017a1c      0x11c zephyr/libzephyr.a(log_output.c.obj)
 .text.postfix_print
                0x00017b38       0x3c zephyr/libzephyr.a(log_output.c.obj)
 .text.hexdump_line_print
                0x00017b74       0xe0 zephyr/libzephyr.a(log_output.c.obj)
 .text.log_output_string
                0x00017c54       0x70 zephyr/libzephyr.a(log_output.c.obj)
                0x00017c54                log_output_string
 .text.log_output_hexdump
                0x00017cc4       0x74 zephyr/libzephyr.a(log_output.c.obj)
                0x00017cc4                log_output_hexdump
 .text.log_output_timestamp_freq_set
                0x00017d38       0x30 zephyr/libzephyr.a(log_output.c.obj)
                0x00017d38                log_output_timestamp_freq_set
 .text.log_backend_rtt_init
                0x00017d68        0xc zephyr/libzephyr.a(log_backend_rtt.c.obj)
 .text.panic    0x00017d74       0x18 zephyr/libzephyr.a(log_backend_rtt.c.obj)
 .text.sync_hexdump
                0x00017d8c       0x20 zephyr/libzephyr.a(log_backend_rtt.c.obj)
 .text.sync_string
                0x00017dac       0x1c zephyr/libzephyr.a(log_backend_rtt.c.obj)
 .text.data_out_drop_mode
                0x00017dc8       0x70 zephyr/libzephyr.a(log_backend_rtt.c.obj)
 .text.nvs_flash_erase_sector
                0x00017e38       0x84 zephyr/libzephyr.a(nvs.c.obj)
 .text.nvs_prev_ate
                0x00017ebc       0xe4 zephyr/libzephyr.a(nvs.c.obj)
 .text.nvs_gc   0x00017fa0      0x188 zephyr/libzephyr.a(nvs.c.obj)
 .text.nvs_init
                0x00018128      0x2d4 zephyr/libzephyr.a(nvs.c.obj)
                0x00018128                nvs_init
 .text.nvs_write
                0x000183fc      0x1cc zephyr/libzephyr.a(nvs.c.obj)
                0x000183fc                nvs_write
 .text.nvs_read_hist
                0x000185c8       0xd0 zephyr/libzephyr.a(nvs.c.obj)
                0x000185c8                nvs_read_hist
 .text.socket_offload_register
                0x00018698       0x4c zephyr/libzephyr.a(socket_offload.c.obj)
                0x00018698                socket_offload_register
 .text.clk_init
                0x000186e4       0x38 zephyr/libzephyr.a(nrf_power_clock.c.obj)
 .text.get_status
                0x0001871c       0x44 zephyr/libzephyr.a(nrf_power_clock.c.obj)
 .text.clock_async_start
                0x00018760      0x14c zephyr/libzephyr.a(nrf_power_clock.c.obj)
 .text.clock_stop
                0x000188ac       0xb0 zephyr/libzephyr.a(nrf_power_clock.c.obj)
 .text.nrf_power_clock_isr
                0x0001895c       0x54 zephyr/libzephyr.a(nrf_power_clock.c.obj)
                0x0001895c                nrf_power_clock_isr
 .text.z_clock_isr
                0x000189b0       0x28 zephyr/libzephyr.a(sys_clock_init.c.obj)
                0x000189b0                z_clock_isr
 .text.rtc1_nrf_isr
                0x000189d8       0xb4 zephyr/libzephyr.a(nrf_rtc_timer.c.obj)
                0x000189d8                rtc1_nrf_isr
 .text.z_clock_driver_init
                0x00018a8c       0x6c zephyr/libzephyr.a(nrf_rtc_timer.c.obj)
                0x00018a8c                z_clock_driver_init
 .text.z_clock_set_timeout
                0x00018af8      0x11c zephyr/libzephyr.a(nrf_rtc_timer.c.obj)
                0x00018af8                z_clock_set_timeout
 .text.z_clock_elapsed
                0x00018c14       0xa0 zephyr/libzephyr.a(nrf_rtc_timer.c.obj)
                0x00018c14                z_clock_elapsed
 .text.z_timer_cycle_get_32
                0x00018cb4       0xa4 zephyr/libzephyr.a(nrf_rtc_timer.c.obj)
                0x00018cb4                z_timer_cycle_get_32
 .text._DoInit  0x00018d58       0x60 zephyr/libzephyr.a(SEGGER_RTT.c.obj)
 .text.SEGGER_RTT_WriteSkipNoLock
                0x00018db8       0x98 zephyr/libzephyr.a(SEGGER_RTT.c.obj)
                0x00018db8                SEGGER_RTT_WriteSkipNoLock
 .text.SEGGER_RTT_HasDataUp
                0x00018e50       0x14 zephyr/libzephyr.a(SEGGER_RTT.c.obj)
                0x00018e50                SEGGER_RTT_HasDataUp
 .text._HandlerModeExit
                0x00018e64       0x1c zephyr/arch/arch/arm/core/aarch32/libarch__arm__core__aarch32.a(exc_exit.S.obj)
                0x00018e64                z_arm_int_exit
                0x00018e64                z_arm_exc_exit
 .text.z_arm_pendsv
                0x00018e80       0xc4 zephyr/arch/arch/arm/core/aarch32/libarch__arm__core__aarch32.a(swap_helper.S.obj)
                0x00018e80                z_arm_pendsv
 .text.z_arm_svc
                0x00018f44       0x20 zephyr/arch/arch/arm/core/aarch32/libarch__arm__core__aarch32.a(swap_helper.S.obj)
                0x00018f44                z_arm_svc
 .text.z_arm_cpu_idle_init
                0x00018f64        0xc zephyr/arch/arch/arm/core/aarch32/libarch__arm__core__aarch32.a(cpu_idle.S.obj)
                0x00018f64                z_arm_cpu_idle_init
 .text.arch_cpu_idle
                0x00018f70        0xc zephyr/arch/arch/arm/core/aarch32/libarch__arm__core__aarch32.a(cpu_idle.S.obj)
                0x00018f70                arch_cpu_idle
 .text.__fault  0x00018f7c       0x14 zephyr/arch/arch/arm/core/aarch32/libarch__arm__core__aarch32.a(fault_s.S.obj)
                0x00018f7c                z_arm_usage_fault
                0x00018f7c                z_arm_mpu_fault
                0x00018f7c                z_arm_reserved
                0x00018f7c                z_arm_debug_monitor
                0x00018f7c                z_arm_hard_fault
                0x00018f7c                z_arm_bus_fault
 .text.z_SysNmiOnReset
                0x00018f90        0x8 zephyr/arch/arch/arm/core/aarch32/libarch__arm__core__aarch32.a(nmi_on_reset.S.obj)
                0x00018f90                z_SysNmiOnReset
 .text._isr_wrapper
                0x00018f98       0x40 zephyr/arch/arch/arm/core/aarch32/libarch__arm__core__aarch32.a(isr_wrapper.S.obj)
                0x00018f98                _isr_wrapper
 .text.arch_swap
                0x00018fd8       0x34 zephyr/arch/arch/arm/core/aarch32/libarch__arm__core__aarch32.a(swap.c.obj)
                0x00018fd8                arch_swap
 .text.arch_irq_enable
                0x0001900c       0x20 zephyr/arch/arch/arm/core/aarch32/libarch__arm__core__aarch32.a(irq_manage.c.obj)
                0x0001900c                arch_irq_enable
 .text.z_arm_irq_priority_set
                0x0001902c       0x64 zephyr/arch/arch/arm/core/aarch32/libarch__arm__core__aarch32.a(irq_manage.c.obj)
                0x0001902c                z_arm_irq_priority_set
 .text._arch_isr_direct_pm
                0x00019090       0x1c zephyr/arch/arch/arm/core/aarch32/libarch__arm__core__aarch32.a(irq_manage.c.obj)
                0x00019090                _arch_isr_direct_pm
 .text.arch_new_thread
                0x000190ac       0xa4 zephyr/arch/arch/arm/core/aarch32/libarch__arm__core__aarch32.a(thread.c.obj)
                0x000190ac                arch_new_thread
 .text.arch_switch_to_main_thread
                0x00019150       0x58 zephyr/arch/arch/arm/core/aarch32/libarch__arm__core__aarch32.a(thread.c.obj)
                0x00019150                arch_switch_to_main_thread
 .text.z_arm_fatal_error
                0x000191a8      0x128 zephyr/arch/arch/arm/core/aarch32/libarch__arm__core__aarch32.a(fatal.c.obj)
                0x000191a8                z_arm_fatal_error
 .text.z_arm_prep_c
                0x000192d0       0x50 zephyr/arch/arch/arm/core/aarch32/libarch__arm__core__aarch32.a(prep_c.c.obj)
                0x000192d0                z_arm_prep_c
 .text._reset_section
                0x00019320       0x30 zephyr/arch/arch/arm/core/aarch32/cortex_m/libarch__arm__core__aarch32__cortex_m.a(reset.S.obj)
                0x00019320                __start
                0x00019320                z_arm_reset
 .text.mem_manage_fault.isra.2
                0x00019350      0x144 zephyr/arch/arch/arm/core/aarch32/cortex_m/libarch__arm__core__aarch32__cortex_m.a(fault.c.obj)
 .text.bus_fault.isra.3
                0x00019494      0x12c zephyr/arch/arch/arm/core/aarch32/cortex_m/libarch__arm__core__aarch32__cortex_m.a(fault.c.obj)
 .text.usage_fault.isra.4
                0x000195c0      0x128 zephyr/arch/arch/arm/core/aarch32/cortex_m/libarch__arm__core__aarch32__cortex_m.a(fault.c.obj)
 .text.z_arm_fault
                0x000196e8      0x210 zephyr/arch/arch/arm/core/aarch32/cortex_m/libarch__arm__core__aarch32__cortex_m.a(fault.c.obj)
                0x000196e8                z_arm_fault
 .text.z_arm_fault_init
                0x000198f8       0x18 zephyr/arch/arch/arm/core/aarch32/cortex_m/libarch__arm__core__aarch32__cortex_m.a(fault.c.obj)
                0x000198f8                z_arm_fault_init
 .text.sys_arch_reboot
                0x00019910       0x24 zephyr/arch/arch/arm/core/aarch32/cortex_m/libarch__arm__core__aarch32__cortex_m.a(scb.c.obj)
                0x00019910                sys_arch_reboot
 .text.z_arm_int_lib_init
                0x00019934       0x18 zephyr/arch/arch/arm/core/aarch32/cortex_m/libarch__arm__core__aarch32__cortex_m.a(irq_init.c.obj)
                0x00019934                z_arm_int_lib_init
 .text.z_impl_k_thread_abort
                0x0001994c       0x7c zephyr/arch/arch/arm/core/aarch32/cortex_m/libarch__arm__core__aarch32__cortex_m.a(thread_abort.c.obj)
                0x0001994c                z_impl_k_thread_abort
 .text.z_arm_configure_static_mpu_regions
                0x000199c8       0x54 zephyr/arch/arch/arm/core/aarch32/cortex_m/mpu/libarch__arm__core__aarch32__cortex_m__mpu.a(arm_core_mpu.c.obj)
                0x000199c8                z_arm_configure_static_mpu_regions
 .text.region_init
                0x00019a1c       0x30 zephyr/arch/arch/arm/core/aarch32/cortex_m/mpu/libarch__arm__core__aarch32__cortex_m__mpu.a(arm_mpu.c.obj)
 .text.region_allocate_and_init
                0x00019a4c       0x40 zephyr/arch/arch/arm/core/aarch32/cortex_m/mpu/libarch__arm__core__aarch32__cortex_m__mpu.a(arm_mpu.c.obj)
 .text.mpu_configure_regions_and_partition.constprop.2
                0x00019a8c      0x184 zephyr/arch/arch/arm/core/aarch32/cortex_m/mpu/libarch__arm__core__aarch32__cortex_m__mpu.a(arm_mpu.c.obj)
 .text.arm_core_mpu_enable
                0x00019c10       0x14 zephyr/arch/arch/arm/core/aarch32/cortex_m/mpu/libarch__arm__core__aarch32__cortex_m__mpu.a(arm_mpu.c.obj)
                0x00019c10                arm_core_mpu_enable
 .text.arm_core_mpu_disable
                0x00019c24       0x10 zephyr/arch/arch/arm/core/aarch32/cortex_m/mpu/libarch__arm__core__aarch32__cortex_m__mpu.a(arm_mpu.c.obj)
                0x00019c24                arm_core_mpu_disable
 .text.arm_mpu_init
                0x00019c34       0xb0 zephyr/arch/arch/arm/core/aarch32/cortex_m/mpu/libarch__arm__core__aarch32__cortex_m__mpu.a(arm_mpu.c.obj)
 .text.arm_core_mpu_configure_static_mpu_regions
                0x00019ce4       0x48 zephyr/arch/arch/arm/core/aarch32/cortex_m/mpu/libarch__arm__core__aarch32__cortex_m__mpu.a(arm_mpu.c.obj)
                0x00019ce4                arm_core_mpu_configure_static_mpu_regions
 .text.arm_core_mpu_mark_areas_for_dynamic_regions
                0x00019d2c       0xdc zephyr/arch/arch/arm/core/aarch32/cortex_m/mpu/libarch__arm__core__aarch32__cortex_m__mpu.a(arm_mpu.c.obj)
                0x00019d2c                arm_core_mpu_mark_areas_for_dynamic_regions
 .text.arm_core_mpu_configure_dynamic_mpu_regions
                0x00019e08       0x78 zephyr/arch/arch/arm/core/aarch32/cortex_m/mpu/libarch__arm__core__aarch32__cortex_m__mpu.a(arm_mpu.c.obj)
                0x00019e08                arm_core_mpu_configure_dynamic_mpu_regions
 .text.z_impl_zephyr_read_stdin
                0x00019e80       0x28 zephyr/lib/libc/newlib/liblib__libc__newlib.a(libc-hooks.c.obj)
                0x00019e80                z_impl_zephyr_read_stdin
 .text.z_impl_zephyr_write_stdout
                0x00019ea8       0x30 zephyr/lib/libc/newlib/liblib__libc__newlib.a(libc-hooks.c.obj)
                0x00019ea8                z_impl_zephyr_write_stdout
 .text._exit    0x00019ed8       0x10 zephyr/lib/libc/newlib/liblib__libc__newlib.a(libc-hooks.c.obj)
                0x00019ed8                _exit
 .text._sbrk    0x00019ee8       0x44 zephyr/lib/libc/newlib/liblib__libc__newlib.a(libc-hooks.c.obj)
                0x00019ee8                sbrk
                0x00019ee8                _sbrk
 .text.net_if_flag_is_set
                0x00019f2c       0x48 zephyr/subsys/net/ip/libsubsys__net__ip.a(net_if.c.obj)
 .text.net_if_flag_set.constprop.24
                0x00019f74       0x4c zephyr/subsys/net/ip/libsubsys__net__ip.a(net_if.c.obj)
 .text.net_if_up
                0x00019fc0       0x78 zephyr/subsys/net/ip/libsubsys__net__ip.a(net_if.c.obj)
                0x00019fc0                net_if_up
 .text.net_if_init
                0x0001a038       0x28 zephyr/subsys/net/ip/libsubsys__net__ip.a(net_if.c.obj)
                0x0001a038                net_if_init
 .text.net_if_post_init
                0x0001a060       0x28 zephyr/subsys/net/ip/libsubsys__net__ip.a(net_if.c.obj)
                0x0001a060                net_if_post_init
 .text.z_impl_net_addr_ntop
                0x0001a088      0x1b4 zephyr/subsys/net/ip/libsubsys__net__ip.a(utils.c.obj)
                0x0001a088                z_impl_net_addr_ntop
 .text.connect_request_encode
                0x0001a23c      0x100 zephyr/subsys/net/lib/mqtt/libsubsys__net__lib__mqtt.a(mqtt_encoder.c.obj)
                0x0001a23c                connect_request_encode
 .text.disconnect_encode
                0x0001a33c       0x24 zephyr/subsys/net/lib/mqtt/libsubsys__net__lib__mqtt.a(mqtt_encoder.c.obj)
                0x0001a33c                disconnect_encode
 .text.ping_request_encode
                0x0001a360       0x24 zephyr/subsys/net/lib/mqtt/libsubsys__net__lib__mqtt.a(mqtt_encoder.c.obj)
                0x0001a360                ping_request_encode
 .text.close    0x0001a384       0x58 zephyr/subsys/net/lib/mqtt/libsubsys__net__lib__mqtt.a(mqtt_transport_socket_tcp.c.obj)
 .text.mqtt_client_tcp_connect
                0x0001a3dc       0xd4 zephyr/subsys/net/lib/mqtt/libsubsys__net__lib__mqtt.a(mqtt_transport_socket_tcp.c.obj)
                0x0001a3dc                mqtt_client_tcp_connect
 .text.mqtt_client_tcp_write
                0x0001a4b0       0x98 zephyr/subsys/net/lib/mqtt/libsubsys__net__lib__mqtt.a(mqtt_transport_socket_tcp.c.obj)
                0x0001a4b0                mqtt_client_tcp_write
 .text.mqtt_client_tcp_read
                0x0001a548       0x7c zephyr/subsys/net/lib/mqtt/libsubsys__net__lib__mqtt.a(mqtt_transport_socket_tcp.c.obj)
                0x0001a548                mqtt_client_tcp_read
 .text.mqtt_transport_connect
                0x0001a5c4       0x10 zephyr/subsys/net/lib/mqtt/libsubsys__net__lib__mqtt.a(mqtt_transport.c.obj)
                0x0001a5c4                mqtt_transport_connect
 .text.mqtt_transport_write
                0x0001a5d4       0x18 zephyr/subsys/net/lib/mqtt/libsubsys__net__lib__mqtt.a(mqtt_transport.c.obj)
                0x0001a5d4                mqtt_transport_write
 .text.mqtt_transport_read
                0x0001a5ec       0x18 zephyr/subsys/net/lib/mqtt/libsubsys__net__lib__mqtt.a(mqtt_transport.c.obj)
                0x0001a5ec                mqtt_transport_read
 .text.mqtt_mutex_unlock
                0x0001a604       0x58 zephyr/subsys/net/lib/mqtt/libsubsys__net__lib__mqtt.a(mqtt.c.obj)
 .text.mqtt_mutex_lock
                0x0001a65c       0x40 zephyr/subsys/net/lib/mqtt/libsubsys__net__lib__mqtt.a(mqtt.c.obj)
 .text.z_impl_entropy_get_entropy
                0x0001a69c       0x48 zephyr/subsys/random/libsubsys__random.a(rand32_entropy_device.c.obj)
 .text.sys_rand32_get
                0x0001a6e4       0x64 zephyr/subsys/random/libsubsys__random.a(rand32_entropy_device.c.obj)
                0x0001a6e4                sys_rand32_get
 .text.gpio_nrfx_manage_callback
                0x0001a748       0xac zephyr/drivers/gpio/libdrivers__gpio.a(gpio_nrfx.c.obj)
 .text.nrf_gpio_pin_port_decode.isra.8.part.9
                0x0001a7f4       0x1c zephyr/drivers/gpio/libdrivers__gpio.a(gpio_nrfx.c.obj)
 .text.nrf_gpio_cfg_sense_set
                0x0001a810       0x28 zephyr/drivers/gpio/libdrivers__gpio.a(gpio_nrfx.c.obj)
 .text.gpio_nrfx_init
                0x0001a838       0x30 zephyr/drivers/gpio/libdrivers__gpio.a(gpio_nrfx.c.obj)
 .text.gpiote_pin_int_cfg
                0x0001a868      0x144 zephyr/drivers/gpio/libdrivers__gpio.a(gpio_nrfx.c.obj)
 .text.gpio_nrfx_config
                0x0001a9ac      0x12c zephyr/drivers/gpio/libdrivers__gpio.a(gpio_nrfx.c.obj)
 .text.gpiote_event_handler
                0x0001aad8      0x180 zephyr/drivers/gpio/libdrivers__gpio.a(gpio_nrfx.c.obj)
 .text.twim_1_init
                0x0001ac58       0x64 zephyr/drivers/i2c/libdrivers__i2c.a(i2c_nrfx_twim.c.obj)
 .text.i2c_nrfx_twim_configure
                0x0001acbc       0x60 zephyr/drivers/i2c/libdrivers__i2c.a(i2c_nrfx_twim.c.obj)
 .text.i2c_nrfx_twim_transfer
                0x0001ad1c       0xec zephyr/drivers/i2c/libdrivers__i2c.a(i2c_nrfx_twim.c.obj)
 .text.event_handler
                0x0001ae08       0x38 zephyr/drivers/i2c/libdrivers__i2c.a(i2c_nrfx_twim.c.obj)
 .text.init_spim
                0x0001ae40       0x60 zephyr/drivers/spi/libdrivers__spi.a(spi_nrfx_spim.c.obj)
 .text.transfer_next_chunk
                0x0001aea0       0x8c zephyr/drivers/spi/libdrivers__spi.a(spi_nrfx_spim.c.obj)
 .text.event_handler
                0x0001af2c       0xc8 zephyr/drivers/spi/libdrivers__spi.a(spi_nrfx_spim.c.obj)
 .text.spi_nrfx_transceive
                0x0001aff4      0x270 zephyr/drivers/spi/libdrivers__spi.a(spi_nrfx_spim.c.obj)
 .text.flash_nrf_pages_layout
                0x0001b264       0x10 zephyr/drivers/flash/libdrivers__flash.a(soc_flash_nrf.c.obj)
 .text.flash_nrf_erase
                0x0001b274       0x60 zephyr/drivers/flash/libdrivers__flash.a(soc_flash_nrf.c.obj)
 .text.nrf_flash_init
                0x0001b2d4       0x28 zephyr/drivers/flash/libdrivers__flash.a(soc_flash_nrf.c.obj)
 .text.flash_nrf_write
                0x0001b2fc       0x64 zephyr/drivers/flash/libdrivers__flash.a(soc_flash_nrf.c.obj)
 .text.uarte_nrfx_configure
                0x0001b360      0x16c zephyr/drivers/serial/libdrivers__serial.a(uart_nrfx_uarte.c.obj)
 .text.uarte_0_init
                0x0001b4cc       0x78 zephyr/drivers/serial/libdrivers__serial.a(uart_nrfx_uarte.c.obj)
 .text.entropy_cc310_rng_get_entropy
                0x0001b544       0x5c zephyr/drivers/entropy/libdrivers__entropy.a(entropy_cc310.c.obj)
 .text._bsdlib_init
                0x0001b5a0       0x1c modules/nrf/lib/bsdlib/lib..__nrf__lib__bsdlib.a(bsdlib.c.obj)
 .text.thread_monitor_entry_get
                0x0001b5bc       0x40 modules/nrf/lib/bsdlib/lib..__nrf__lib__bsdlib.a(bsd_os.c.obj)
 .text.rpc_proxy_irq_handler
                0x0001b5fc       0x48 modules/nrf/lib/bsdlib/lib..__nrf__lib__bsdlib.a(bsd_os.c.obj)
                0x0001b5fc                rpc_proxy_irq_handler
 .text.bsd_os_timedwait
                0x0001b644      0x128 modules/nrf/lib/bsdlib/lib..__nrf__lib__bsdlib.a(bsd_os.c.obj)
                0x0001b644                bsd_os_timedwait
 .text.bsd_os_errno_set
                0x0001b76c      0x1f0 modules/nrf/lib/bsdlib/lib..__nrf__lib__bsdlib.a(bsd_os.c.obj)
                0x0001b76c                bsd_os_errno_set
 .text.bsd_os_application_irq_set
                0x0001b95c       0x10 modules/nrf/lib/bsdlib/lib..__nrf__lib__bsdlib.a(bsd_os.c.obj)
                0x0001b95c                bsd_os_application_irq_set
 .text.bsd_os_application_irq_clear
                0x0001b96c       0x10 modules/nrf/lib/bsdlib/lib..__nrf__lib__bsdlib.a(bsd_os.c.obj)
                0x0001b96c                bsd_os_application_irq_clear
 .text.bsd_os_trace_irq_set
                0x0001b97c       0x10 modules/nrf/lib/bsdlib/lib..__nrf__lib__bsdlib.a(bsd_os.c.obj)
                0x0001b97c                bsd_os_trace_irq_set
 .text.bsd_os_trace_irq_clear
                0x0001b98c       0x10 modules/nrf/lib/bsdlib/lib..__nrf__lib__bsdlib.a(bsd_os.c.obj)
                0x0001b98c                bsd_os_trace_irq_clear
 .text.bsd_os_init
                0x0001b99c       0x2c modules/nrf/lib/bsdlib/lib..__nrf__lib__bsdlib.a(bsd_os.c.obj)
                0x0001b99c                bsd_os_init
 .text.z_to_nrf_optname
                0x0001b9c8       0xd0 modules/nrf/lib/bsdlib/lib..__nrf__lib__bsdlib.a(nrf91_sockets.c.obj)
 .text.nrf91_socket_iface_init
                0x0001ba98       0x18 modules/nrf/lib/bsdlib/lib..__nrf__lib__bsdlib.a(nrf91_sockets.c.obj)
 .text.close    0x0001bab0       0x58 modules/nrf/lib/at_cmd/lib..__nrf__lib__at_cmd.a(at_cmd.c.obj)
 .text.callback_worker
                0x0001bb08       0x20 modules/nrf/lib/at_cmd/lib..__nrf__lib__at_cmd.a(at_cmd.c.obj)
 .text.open_socket
                0x0001bb28       0x74 modules/nrf/lib/at_cmd/lib..__nrf__lib__at_cmd.a(at_cmd.c.obj)
 .text.at_write
                0x0001bb9c       0xfc modules/nrf/lib/at_cmd/lib..__nrf__lib__at_cmd.a(at_cmd.c.obj)
 .text.socket_thread_fn
                0x0001bc98      0x2e8 modules/nrf/lib/at_cmd/lib..__nrf__lib__at_cmd.a(at_cmd.c.obj)
 .text.at_cmd_driver_init
                0x0001bf80       0x78 modules/nrf/lib/at_cmd/lib..__nrf__lib__at_cmd.a(at_cmd.c.obj)
 .text.at_cmd_write
                0x0001bff8       0x44 modules/nrf/lib/at_cmd/lib..__nrf__lib__at_cmd.a(at_cmd.c.obj)
                0x0001bff8                at_cmd_write
 .text.at_cmd_set_notification_handler
                0x0001c03c       0x54 modules/nrf/lib/at_cmd/lib..__nrf__lib__at_cmd.a(at_cmd.c.obj)
                0x0001c03c                at_cmd_set_notification_handler
 .text.find_node
                0x0001c090       0x34 modules/nrf/lib/at_notif/lib..__nrf__lib__at_notif.a(at_notif.c.obj)
 .text.module_init
                0x0001c0c4       0x54 modules/nrf/lib/at_notif/lib..__nrf__lib__at_notif.a(at_notif.c.obj)
 .text.k_mutex_unlock.constprop.7
                0x0001c118        0xc modules/nrf/lib/at_notif/lib..__nrf__lib__at_notif.a(at_notif.c.obj)
 .text.notif_dispatch
                0x0001c124       0x38 modules/nrf/lib/at_notif/lib..__nrf__lib__at_notif.a(at_notif.c.obj)
 .text.at_notif_register_handler
                0x0001c15c       0x98 modules/nrf/lib/at_notif/lib..__nrf__lib__at_notif.a(at_notif.c.obj)
                0x0001c15c                at_notif_register_handler
 .text.at_notif_deregister_handler
                0x0001c1f4       0xac modules/nrf/lib/at_notif/lib..__nrf__lib__at_notif.a(at_notif.c.obj)
                0x0001c1f4                at_notif_deregister_handler
 .text.write_uart_string
                0x0001c2a0       0x1c modules/nrf/lib/at_host/lib..__nrf__lib__at_host.a(at_host.c.obj)
 .text.cmd_send
                0x0001c2bc       0xb4 modules/nrf/lib/at_host/lib..__nrf__lib__at_host.a(at_host.c.obj)
 .text.isr      0x0001c370      0x16c modules/nrf/lib/at_host/lib..__nrf__lib__at_host.a(at_host.c.obj)
 .text.at_host_init
                0x0001c4dc      0x168 modules/nrf/lib/at_host/lib..__nrf__lib__at_host.a(at_host.c.obj)
 .text.is_valid_notification_char
                0x0001c644       0x20 modules/nrf/lib/at_cmd_parser/lib..__nrf__lib__at_cmd_parser.a(at_cmd_parser.c.obj)
 .text.at_parse_process_element
                0x0001c664      0x1a4 modules/nrf/lib/at_cmd_parser/lib..__nrf__lib__at_cmd_parser.a(at_cmd_parser.c.obj)
 .text.is_command
                0x0001c808       0x60 modules/nrf/lib/at_cmd_parser/lib..__nrf__lib__at_cmd_parser.a(at_cmd_parser.c.obj)
 .text.at_parse_detect_type
                0x0001c868       0xc0 modules/nrf/lib/at_cmd_parser/lib..__nrf__lib__at_cmd_parser.a(at_cmd_parser.c.obj)
 .text.at_parser_max_params_from_str
                0x0001c928      0x120 modules/nrf/lib/at_cmd_parser/lib..__nrf__lib__at_cmd_parser.a(at_cmd_parser.c.obj)
                0x0001c928                at_parser_max_params_from_str
 .text.at_params_get
                0x0001ca48       0x44 modules/nrf/lib/at_cmd_parser/lib..__nrf__lib__at_cmd_parser.a(at_params.c.obj)
 .text.at_param_size
                0x0001ca8c       0x50 modules/nrf/lib/at_cmd_parser/lib..__nrf__lib__at_cmd_parser.a(at_params.c.obj)
 .text.at_param_clear
                0x0001cadc       0x44 modules/nrf/lib/at_cmd_parser/lib..__nrf__lib__at_cmd_parser.a(at_params.c.obj)
 .text.at_params_list_clear
                0x0001cb20       0x70 modules/nrf/lib/at_cmd_parser/lib..__nrf__lib__at_cmd_parser.a(at_params.c.obj)
                0x0001cb20                at_params_list_clear
 .text.w_lte_lc_init
                0x0001cb90       0x70 modules/nrf/lib/lte_link_control/lib..__nrf__lib__lte_link_control.a(lte_lc.c.obj)
 .text.parse_nw_reg_status
                0x0001cc00      0x14c modules/nrf/lib/lte_link_control/lib..__nrf__lib__lte_link_control.a(lte_lc.c.obj)
 .text.at_handler
                0x0001cd4c       0x74 modules/nrf/lib/lte_link_control/lib..__nrf__lib__lte_link_control.a(lte_lc.c.obj)
                0x0001cd4c                at_handler
 .text.w_lte_lc_connect
                0x0001cdc0       0xdc modules/nrf/lib/lte_link_control/lib..__nrf__lib__lte_link_control.a(lte_lc.c.obj)
 .text.modem_info_parse.isra.0
                0x0001ce9c       0x2c modules/nrf/lib/modem_info/lib..__nrf__lib__modem_info.a(modem_info.c.obj)
 .text.modem_info_rsrp_subscribe_handler
                0x0001cec8       0x98 modules/nrf/lib/modem_info/lib..__nrf__lib__modem_info.a(modem_info.c.obj)
 .text.modem_info_rsrp_register
                0x0001cf60       0x64 modules/nrf/lib/modem_info/lib..__nrf__lib__modem_info.a(modem_info.c.obj)
                0x0001cf60                modem_info_rsrp_register
 .text.modem_info_init
                0x0001cfc4        0xc modules/nrf/lib/modem_info/lib..__nrf__lib__modem_info.a(modem_info.c.obj)
                0x0001cfc4                modem_info_init
 .text.modem_info_params_init
                0x0001cfd0       0xa0 modules/nrf/lib/modem_info/lib..__nrf__lib__modem_info.a(modem_info_params.c.obj)
                0x0001cfd0                modem_info_params_init
 .text.k_sys_fatal_error_handler
                0x0001d070       0x34 modules/nrf/lib/fatal_error/lib..__nrf__lib__fatal_error.a(fatal_error.c.obj)
                0x0001d070                k_sys_fatal_error_handler
 .text.check_ext_api_requests
                0x0001d0a4       0x9c modules/nrf/subsys/fw_info/lib..__nrf__subsys__fw_info.a(fw_info.c.obj)
 .text.rpc_logobj_client_evt_handler
                0x0001d140       0x10 D:/software/nrf9160/ncs1.2.0/nrfxlib/bsdlib/lib/cortex-m33/hard-float/libbsd_nrf9160_xxaa.a(rpc_logobj_client.c.o)
 .text.rpc_logobj_client_init
                0x0001d150        0xc D:/software/nrf9160/ncs1.2.0/nrfxlib/bsdlib/lib/cortex-m33/hard-float/libbsd_nrf9160_xxaa.a(rpc_logobj_client.c.o)
                0x0001d150                rpc_logobj_client_init
 .text.rpc_logobj_client_request_alloc
                0x0001d15c       0x30 D:/software/nrf9160/ncs1.2.0/nrfxlib/bsdlib/lib/cortex-m33/hard-float/libbsd_nrf9160_xxaa.a(rpc_logobj_client.c.o)
                0x0001d15c                rpc_logobj_client_request_alloc
 .text.rpc_logobj_client_request_send
                0x0001d18c       0x2c D:/software/nrf9160/ncs1.2.0/nrfxlib/bsdlib/lib/cortex-m33/hard-float/libbsd_nrf9160_xxaa.a(rpc_logobj_client.c.o)
                0x0001d18c                rpc_logobj_client_request_send
 .text.rpc_logobj_client_message_free
                0x0001d1b8       0x10 D:/software/nrf9160/ncs1.2.0/nrfxlib/bsdlib/lib/cortex-m33/hard-float/libbsd_nrf9160_xxaa.a(rpc_logobj_client.c.o)
                0x0001d1b8                rpc_logobj_client_message_free
 .text.rpc_logobj_client_data_free
                0x0001d1c8       0x10 D:/software/nrf9160/ncs1.2.0/nrfxlib/bsdlib/lib/cortex-m33/hard-float/libbsd_nrf9160_xxaa.a(rpc_logobj_client.c.o)
                0x0001d1c8                rpc_logobj_client_data_free
 .text.packet_free_cb
                0x0001d1d8       0x18 D:/software/nrf9160/ncs1.2.0/nrfxlib/bsdlib/lib/cortex-m33/hard-float/libbsd_nrf9160_xxaa.a(logobj_interface.c.o)
 .text.logobj_event_handler
                0x0001d1f0       0xfc D:/software/nrf9160/ncs1.2.0/nrfxlib/bsdlib/lib/cortex-m33/hard-float/libbsd_nrf9160_xxaa.a(logobj_interface.c.o)
                0x0001d1f0                logobj_event_handler
 .text.logobj_interface_init
                0x0001d2ec       0x34 D:/software/nrf9160/ncs1.2.0/nrfxlib/bsdlib/lib/cortex-m33/hard-float/libbsd_nrf9160_xxaa.a(logobj_interface.c.o)
                0x0001d2ec                logobj_interface_init
 .text.logobj_interface_open
                0x0001d320      0x150 D:/software/nrf9160/ncs1.2.0/nrfxlib/bsdlib/lib/cortex-m33/hard-float/libbsd_nrf9160_xxaa.a(logobj_interface.c.o)
                0x0001d320                logobj_interface_open
 .text.logobj_interface_read
                0x0001d470       0xf4 D:/software/nrf9160/ncs1.2.0/nrfxlib/bsdlib/lib/cortex-m33/hard-float/libbsd_nrf9160_xxaa.a(logobj_interface.c.o)
                0x0001d470                logobj_interface_read
 .text.logobj_interface_write
                0x0001d564      0x10c D:/software/nrf9160/ncs1.2.0/nrfxlib/bsdlib/lib/cortex-m33/hard-float/libbsd_nrf9160_xxaa.a(logobj_interface.c.o)
                0x0001d564                logobj_interface_write
 .text.logobj_interface_setopt
                0x0001d670      0x19c D:/software/nrf9160/ncs1.2.0/nrfxlib/bsdlib/lib/cortex-m33/hard-float/libbsd_nrf9160_xxaa.a(logobj_interface.c.o)
                0x0001d670                logobj_interface_setopt
 .text.logobj_interface_getopt
                0x0001d80c       0xa4 D:/software/nrf9160/ncs1.2.0/nrfxlib/bsdlib/lib/cortex-m33/hard-float/libbsd_nrf9160_xxaa.a(logobj_interface.c.o)
                0x0001d80c                logobj_interface_getopt
 .text.logobj_interface_close
                0x0001d8b0       0x2c D:/software/nrf9160/ncs1.2.0/nrfxlib/bsdlib/lib/cortex-m33/hard-float/libbsd_nrf9160_xxaa.a(logobj_interface.c.o)
                0x0001d8b0                logobj_interface_close
 .text.packet_free_cb
                0x0001d8dc        0x8 D:/software/nrf9160/ncs1.2.0/nrfxlib/bsdlib/lib/cortex-m33/hard-float/libbsd_nrf9160_xxaa.a(at_interface.c.o)
 .text.at_interface_write
                0x0001d8e4       0xd8 D:/software/nrf9160/ncs1.2.0/nrfxlib/bsdlib/lib/cortex-m33/hard-float/libbsd_nrf9160_xxaa.a(at_interface.c.o)
                0x0001d8e4                at_interface_write
 .text.at_interface_init
                0x0001d9bc        0x4 D:/software/nrf9160/ncs1.2.0/nrfxlib/bsdlib/lib/cortex-m33/hard-float/libbsd_nrf9160_xxaa.a(at_interface.c.o)
                0x0001d9bc                at_interface_init
 .text.at_interface_open
                0x0001d9c0       0x9c D:/software/nrf9160/ncs1.2.0/nrfxlib/bsdlib/lib/cortex-m33/hard-float/libbsd_nrf9160_xxaa.a(at_interface.c.o)
                0x0001d9c0                at_interface_open
 .text.at_interface_close
                0x0001da5c       0x90 D:/software/nrf9160/ncs1.2.0/nrfxlib/bsdlib/lib/cortex-m33/hard-float/libbsd_nrf9160_xxaa.a(at_interface.c.o)
                0x0001da5c                at_interface_close
 .text.at_interface_read
                0x0001daec       0xa8 D:/software/nrf9160/ncs1.2.0/nrfxlib/bsdlib/lib/cortex-m33/hard-float/libbsd_nrf9160_xxaa.a(at_interface.c.o)
                0x0001daec                at_interface_read
 .text.at_interface_getopt
                0x0001db94        0x4 D:/software/nrf9160/ncs1.2.0/nrfxlib/bsdlib/lib/cortex-m33/hard-float/libbsd_nrf9160_xxaa.a(at_interface.c.o)
                0x0001db94                at_interface_getopt
 .text.at_interface_setopt
                0x0001db98        0x4 D:/software/nrf9160/ncs1.2.0/nrfxlib/bsdlib/lib/cortex-m33/hard-float/libbsd_nrf9160_xxaa.a(at_interface.c.o)
                0x0001db98                at_interface_setopt
 .text.rpc_at_event_handler
                0x0001db9c       0xa4 D:/software/nrf9160/ncs1.2.0/nrfxlib/bsdlib/lib/cortex-m33/hard-float/libbsd_nrf9160_xxaa.a(at_interface.c.o)
                0x0001db9c                rpc_at_event_handler
 .text.dfu_client_event_handler
                0x0001dc40        0xc D:/software/nrf9160/ncs1.2.0/nrfxlib/bsdlib/lib/cortex-m33/hard-float/libbsd_nrf9160_xxaa.a(rpc_dfu_client.c.o)
 .text.rpc_dfu_client_init
                0x0001dc4c        0xc D:/software/nrf9160/ncs1.2.0/nrfxlib/bsdlib/lib/cortex-m33/hard-float/libbsd_nrf9160_xxaa.a(rpc_dfu_client.c.o)
                0x0001dc4c                rpc_dfu_client_init
 .text.rpc_dfu_client_request_alloc
                0x0001dc58       0x28 D:/software/nrf9160/ncs1.2.0/nrfxlib/bsdlib/lib/cortex-m33/hard-float/libbsd_nrf9160_xxaa.a(rpc_dfu_client.c.o)
                0x0001dc58                rpc_dfu_client_request_alloc
 .text.rpc_dfu_client_request_send
                0x0001dc80       0x28 D:/software/nrf9160/ncs1.2.0/nrfxlib/bsdlib/lib/cortex-m33/hard-float/libbsd_nrf9160_xxaa.a(rpc_dfu_client.c.o)
                0x0001dc80                rpc_dfu_client_request_send
 .text.rpc_dfu_client_message_free
                0x0001dca8       0x10 D:/software/nrf9160/ncs1.2.0/nrfxlib/bsdlib/lib/cortex-m33/hard-float/libbsd_nrf9160_xxaa.a(rpc_dfu_client.c.o)
                0x0001dca8                rpc_dfu_client_message_free
 .text.rpc_dfu_client_data_free
                0x0001dcb8       0x10 D:/software/nrf9160/ncs1.2.0/nrfxlib/bsdlib/lib/cortex-m33/hard-float/libbsd_nrf9160_xxaa.a(rpc_dfu_client.c.o)
                0x0001dcb8                rpc_dfu_client_data_free
 .text.mem_free
                0x0001dcc8       0xd8 D:/software/nrf9160/ncs1.2.0/nrfxlib/bsdlib/lib/cortex-m33/hard-float/libbsd_nrf9160_xxaa.a(mem_manager.c.o)
 .text.mem_alloc.constprop.5
                0x0001dda0      0x1c8 D:/software/nrf9160/ncs1.2.0/nrfxlib/bsdlib/lib/cortex-m33/hard-float/libbsd_nrf9160_xxaa.a(mem_manager.c.o)
 .text.mem_alloc.constprop.4
                0x0001df68      0x1c0 D:/software/nrf9160/ncs1.2.0/nrfxlib/bsdlib/lib/cortex-m33/hard-float/libbsd_nrf9160_xxaa.a(mem_manager.c.o)
 .text.nrf_mem_init
                0x0001e128       0xe8 D:/software/nrf9160/ncs1.2.0/nrfxlib/bsdlib/lib/cortex-m33/hard-float/libbsd_nrf9160_xxaa.a(mem_manager.c.o)
                0x0001e128                nrf_mem_init
 .text.nrf_mem_register
                0x0001e210      0x234 D:/software/nrf9160/ncs1.2.0/nrfxlib/bsdlib/lib/cortex-m33/hard-float/libbsd_nrf9160_xxaa.a(mem_manager.c.o)
                0x0001e210                nrf_mem_register
 .text.nrf_malloc
                0x0001e444       0x14 D:/software/nrf9160/ncs1.2.0/nrfxlib/bsdlib/lib/cortex-m33/hard-float/libbsd_nrf9160_xxaa.a(mem_manager.c.o)
                0x0001e444                nrf_malloc
 .text.nrf_free
                0x0001e458       0x18 D:/software/nrf9160/ncs1.2.0/nrfxlib/bsdlib/lib/cortex-m33/hard-float/libbsd_nrf9160_xxaa.a(mem_manager.c.o)
                0x0001e458                nrf_free
 .text.nrf_shared_malloc
                0x0001e470       0x14 D:/software/nrf9160/ncs1.2.0/nrfxlib/bsdlib/lib/cortex-m33/hard-float/libbsd_nrf9160_xxaa.a(mem_manager.c.o)
                0x0001e470                nrf_shared_malloc
 .text.nrf_shared_free
                0x0001e484       0x18 D:/software/nrf9160/ncs1.2.0/nrfxlib/bsdlib/lib/cortex-m33/hard-float/libbsd_nrf9160_xxaa.a(mem_manager.c.o)
                0x0001e484                nrf_shared_free
 .text.ip_client_event_handler
                0x0001e49c        0xc D:/software/nrf9160/ncs1.2.0/nrfxlib/bsdlib/lib/cortex-m33/hard-float/libbsd_nrf9160_xxaa.a(rpc_ip_client.c.o)
 .text.rpc_ip_client_init
                0x0001e4a8        0xc D:/software/nrf9160/ncs1.2.0/nrfxlib/bsdlib/lib/cortex-m33/hard-float/libbsd_nrf9160_xxaa.a(rpc_ip_client.c.o)
                0x0001e4a8                rpc_ip_client_init
 .text.rpc_ip_client_request_alloc
                0x0001e4b4       0x28 D:/software/nrf9160/ncs1.2.0/nrfxlib/bsdlib/lib/cortex-m33/hard-float/libbsd_nrf9160_xxaa.a(rpc_ip_client.c.o)
                0x0001e4b4                rpc_ip_client_request_alloc
 .text.rpc_ip_client_request_send
                0x0001e4dc       0x2c D:/software/nrf9160/ncs1.2.0/nrfxlib/bsdlib/lib/cortex-m33/hard-float/libbsd_nrf9160_xxaa.a(rpc_ip_client.c.o)
                0x0001e4dc                rpc_ip_client_request_send
 .text.rpc_ip_client_message_free
                0x0001e508       0x10 D:/software/nrf9160/ncs1.2.0/nrfxlib/bsdlib/lib/cortex-m33/hard-float/libbsd_nrf9160_xxaa.a(rpc_ip_client.c.o)
                0x0001e508                rpc_ip_client_message_free
 .text.rpc_ip_client_data_free
                0x0001e518       0x10 D:/software/nrf9160/ncs1.2.0/nrfxlib/bsdlib/lib/cortex-m33/hard-float/libbsd_nrf9160_xxaa.a(rpc_ip_client.c.o)
                0x0001e518                rpc_ip_client_data_free
 .text.secure_client_socket
                0x0001e528      0x12c D:/software/nrf9160/ncs1.2.0/nrfxlib/bsdlib/lib/cortex-m33/hard-float/libbsd_nrf9160_xxaa.a(tls_interface.c.o)
 .text.tls_interface_init
                0x0001e654        0x4 D:/software/nrf9160/ncs1.2.0/nrfxlib/bsdlib/lib/cortex-m33/hard-float/libbsd_nrf9160_xxaa.a(tls_interface.c.o)
                0x0001e654                tls_interface_init
 .text.tls_interface_open
                0x0001e658       0x84 D:/software/nrf9160/ncs1.2.0/nrfxlib/bsdlib/lib/cortex-m33/hard-float/libbsd_nrf9160_xxaa.a(tls_interface.c.o)
                0x0001e658                tls_interface_open
 .text.tls_interface_close
                0x0001e6dc       0x3c D:/software/nrf9160/ncs1.2.0/nrfxlib/bsdlib/lib/cortex-m33/hard-float/libbsd_nrf9160_xxaa.a(tls_interface.c.o)
                0x0001e6dc                tls_interface_close
 .text.tls_interface_sendto
                0x0001e718       0xb0 D:/software/nrf9160/ncs1.2.0/nrfxlib/bsdlib/lib/cortex-m33/hard-float/libbsd_nrf9160_xxaa.a(tls_interface.c.o)
                0x0001e718                tls_interface_sendto
 .text.tls_interface_recvfrom
                0x0001e7c8       0x94 D:/software/nrf9160/ncs1.2.0/nrfxlib/bsdlib/lib/cortex-m33/hard-float/libbsd_nrf9160_xxaa.a(tls_interface.c.o)
                0x0001e7c8                tls_interface_recvfrom
 .text.tls_interface_bind
                0x0001e85c       0xfc D:/software/nrf9160/ncs1.2.0/nrfxlib/bsdlib/lib/cortex-m33/hard-float/libbsd_nrf9160_xxaa.a(tls_interface.c.o)
                0x0001e85c                tls_interface_bind
 .text.tls_interface_connect
                0x0001e958       0x60 D:/software/nrf9160/ncs1.2.0/nrfxlib/bsdlib/lib/cortex-m33/hard-float/libbsd_nrf9160_xxaa.a(tls_interface.c.o)
                0x0001e958                tls_interface_connect
 .text.tls_interface_listen
                0x0001e9b8      0x114 D:/software/nrf9160/ncs1.2.0/nrfxlib/bsdlib/lib/cortex-m33/hard-float/libbsd_nrf9160_xxaa.a(tls_interface.c.o)
                0x0001e9b8                tls_interface_listen
 .text.tls_interface_accept
                0x0001eacc       0xa0 D:/software/nrf9160/ncs1.2.0/nrfxlib/bsdlib/lib/cortex-m33/hard-float/libbsd_nrf9160_xxaa.a(tls_interface.c.o)
                0x0001eacc                tls_interface_accept
 .text.tls_interface_setopt
                0x0001eb6c      0x148 D:/software/nrf9160/ncs1.2.0/nrfxlib/bsdlib/lib/cortex-m33/hard-float/libbsd_nrf9160_xxaa.a(tls_interface.c.o)
                0x0001eb6c                tls_interface_setopt
 .text.tls_interface_getopt
                0x0001ecb4       0xd4 D:/software/nrf9160/ncs1.2.0/nrfxlib/bsdlib/lib/cortex-m33/hard-float/libbsd_nrf9160_xxaa.a(tls_interface.c.o)
                0x0001ecb4                tls_interface_getopt
 .text.tls_rpc_ip_event_handler
                0x0001ed88      0x10c D:/software/nrf9160/ncs1.2.0/nrfxlib/bsdlib/lib/cortex-m33/hard-float/libbsd_nrf9160_xxaa.a(tls_interface.c.o)
                0x0001ed88                tls_rpc_ip_event_handler
 .text.rpc_dfu_event_handler
                0x0001ee94       0x2c D:/software/nrf9160/ncs1.2.0/nrfxlib/bsdlib/lib/cortex-m33/hard-float/libbsd_nrf9160_xxaa.a(mfu_interface.c.o)
                0x0001ee94                rpc_dfu_event_handler
 .text.mfu_interface_init
                0x0001eec0       0x38 D:/software/nrf9160/ncs1.2.0/nrfxlib/bsdlib/lib/cortex-m33/hard-float/libbsd_nrf9160_xxaa.a(mfu_interface.c.o)
                0x0001eec0                mfu_interface_init
 .text.mfu_interface_open
                0x0001eef8       0x28 D:/software/nrf9160/ncs1.2.0/nrfxlib/bsdlib/lib/cortex-m33/hard-float/libbsd_nrf9160_xxaa.a(mfu_interface.c.o)
                0x0001eef8                mfu_interface_open
 .text.mfu_interface_close
                0x0001ef20       0xdc D:/software/nrf9160/ncs1.2.0/nrfxlib/bsdlib/lib/cortex-m33/hard-float/libbsd_nrf9160_xxaa.a(mfu_interface.c.o)
                0x0001ef20                mfu_interface_close
 .text.mfu_interface_sendto
                0x0001effc      0x1ac D:/software/nrf9160/ncs1.2.0/nrfxlib/bsdlib/lib/cortex-m33/hard-float/libbsd_nrf9160_xxaa.a(mfu_interface.c.o)
                0x0001effc                mfu_interface_sendto
 .text.mfu_interface_setopt
                0x0001f1a8      0x130 D:/software/nrf9160/ncs1.2.0/nrfxlib/bsdlib/lib/cortex-m33/hard-float/libbsd_nrf9160_xxaa.a(mfu_interface.c.o)
                0x0001f1a8                mfu_interface_setopt
 .text.mfu_interface_getopt
                0x0001f2d8      0x1b0 D:/software/nrf9160/ncs1.2.0/nrfxlib/bsdlib/lib/cortex-m33/hard-float/libbsd_nrf9160_xxaa.a(mfu_interface.c.o)
                0x0001f2d8                mfu_interface_getopt
 .text.bsd_recoverable_error_handler
                0x0001f488        0x4 D:/software/nrf9160/ncs1.2.0/nrfxlib/bsdlib/lib/cortex-m33/hard-float/libbsd_nrf9160_xxaa.a(bsd.c.o)
                0x0001f488                bsd_recoverable_error_handler
 .text.bsd_platform_error_handler
                0x0001f48c        0x8 D:/software/nrf9160/ncs1.2.0/nrfxlib/bsdlib/lib/cortex-m33/hard-float/libbsd_nrf9160_xxaa.a(bsd.c.o)
                0x0001f48c                bsd_platform_error_handler
 .text.bsd_init
                0x0001f494       0x20 D:/software/nrf9160/ncs1.2.0/nrfxlib/bsdlib/lib/cortex-m33/hard-float/libbsd_nrf9160_xxaa.a(bsd.c.o)
                0x0001f494                bsd_init
 .text.unimplemented_method
                0x0001f4b4       0x18 D:/software/nrf9160/ncs1.2.0/nrfxlib/bsdlib/lib/cortex-m33/hard-float/libbsd_nrf9160_xxaa.a(bsd_platform.c.o)
 .text.rpc_transport_ipc_fault_handler
                0x0001f4cc        0x4 D:/software/nrf9160/ncs1.2.0/nrfxlib/bsdlib/lib/cortex-m33/hard-float/libbsd_nrf9160_xxaa.a(bsd_platform.c.o)
                0x0001f4cc                rpc_transport_ipc_fault_handler
 .text.bsd_platform_init
                0x0001f4d0       0xcc D:/software/nrf9160/ncs1.2.0/nrfxlib/bsdlib/lib/cortex-m33/hard-float/libbsd_nrf9160_xxaa.a(bsd_platform.c.o)
                0x0001f4d0                bsd_platform_init
 .text.bsd_platform_af_method_table_get
                0x0001f59c       0xb0 D:/software/nrf9160/ncs1.2.0/nrfxlib/bsdlib/lib/cortex-m33/hard-float/libbsd_nrf9160_xxaa.a(bsd_platform.c.o)
                0x0001f59c                bsd_platform_af_method_table_get
 .text.bsd_platform_fd_method_table_get
                0x0001f64c       0xec D:/software/nrf9160/ncs1.2.0/nrfxlib/bsdlib/lib/cortex-m33/hard-float/libbsd_nrf9160_xxaa.a(bsd_platform.c.o)
                0x0001f64c                bsd_platform_fd_method_table_get
 .text.bsd_platform_getaddrinfo
                0x0001f738        0x4 D:/software/nrf9160/ncs1.2.0/nrfxlib/bsdlib/lib/cortex-m33/hard-float/libbsd_nrf9160_xxaa.a(bsd_platform_util.c.o)
                0x0001f738                bsd_platform_getaddrinfo
 .text.bsd_platform_freeaddrinfo
                0x0001f73c        0x4 D:/software/nrf9160/ncs1.2.0/nrfxlib/bsdlib/lib/cortex-m33/hard-float/libbsd_nrf9160_xxaa.a(bsd_platform_util.c.o)
                0x0001f73c                bsd_platform_freeaddrinfo
 .text.bsd_platform_poll
                0x0001f740       0xb4 D:/software/nrf9160/ncs1.2.0/nrfxlib/bsdlib/lib/cortex-m33/hard-float/libbsd_nrf9160_xxaa.a(bsd_platform_util.c.o)
                0x0001f740                bsd_platform_poll
 .text.bsd_platform_fcntl
                0x0001f7f4       0x20 D:/software/nrf9160/ncs1.2.0/nrfxlib/bsdlib/lib/cortex-m33/hard-float/libbsd_nrf9160_xxaa.a(bsd_platform_util.c.o)
                0x0001f7f4                bsd_platform_fcntl
 .text.ipc_trace_init
                0x0001f814        0xc D:/software/nrf9160/ncs1.2.0/nrfxlib/bsdlib/lib/cortex-m33/hard-float/libbsd_nrf9160_xxaa.a(ipc_trace.c.o)
                0x0001f814                ipc_trace_init
 .text.bsd_os_trace_irq_handler
                0x0001f820      0x1c4 D:/software/nrf9160/ncs1.2.0/nrfxlib/bsdlib/lib/cortex-m33/hard-float/libbsd_nrf9160_xxaa.a(ipc_trace.c.o)
                0x0001f820                bsd_os_trace_irq_handler
 .text.ipc_trace_handle
                0x0001f9e4      0x2dc D:/software/nrf9160/ncs1.2.0/nrfxlib/bsdlib/lib/cortex-m33/hard-float/libbsd_nrf9160_xxaa.a(ipc_trace.c.o)
                0x0001f9e4                ipc_trace_handle
 .text.rpc_trace_coredump_in_progress
                0x0001fcc0        0xc D:/software/nrf9160/ncs1.2.0/nrfxlib/bsdlib/lib/cortex-m33/hard-float/libbsd_nrf9160_xxaa.a(ipc_trace.c.o)
                0x0001fcc0                rpc_trace_coredump_in_progress
 .text.transport_reset
                0x0001fccc        0x4 D:/software/nrf9160/ncs1.2.0/nrfxlib/bsdlib/lib/cortex-m33/hard-float/libbsd_nrf9160_xxaa.a(rpc_transport_ipc.c.o)
 .text.transport_data_free
                0x0001fcd0       0x38 D:/software/nrf9160/ncs1.2.0/nrfxlib/bsdlib/lib/cortex-m33/hard-float/libbsd_nrf9160_xxaa.a(rpc_transport_ipc.c.o)
 .text.rpc_transport_ipc_init
                0x0001fd08       0x84 D:/software/nrf9160/ncs1.2.0/nrfxlib/bsdlib/lib/cortex-m33/hard-float/libbsd_nrf9160_xxaa.a(rpc_transport_ipc.c.o)
                0x0001fd08                rpc_transport_ipc_init
 .text.rpc_transport_rx_handle
                0x0001fd8c       0x44 D:/software/nrf9160/ncs1.2.0/nrfxlib/bsdlib/lib/cortex-m33/hard-float/libbsd_nrf9160_xxaa.a(rpc_transport_ipc.c.o)
                0x0001fd8c                rpc_transport_rx_handle
 .text.rpc_transport_ipc_rx_init
                0x0001fdd0      0x240 D:/software/nrf9160/ncs1.2.0/nrfxlib/bsdlib/lib/cortex-m33/hard-float/libbsd_nrf9160_xxaa.a(rpc_transport_ipc_rx.c.o)
                0x0001fdd0                rpc_transport_ipc_rx_init
 .text.IPC_IRQHandler
                0x00020010      0x3dc D:/software/nrf9160/ncs1.2.0/nrfxlib/bsdlib/lib/cortex-m33/hard-float/libbsd_nrf9160_xxaa.a(rpc_transport_ipc_rx.c.o)
                0x00020010                IPC_IRQHandler
 .text.rpc_transport_msg_free
                0x000203ec       0x6c D:/software/nrf9160/ncs1.2.0/nrfxlib/bsdlib/lib/cortex-m33/hard-float/libbsd_nrf9160_xxaa.a(rpc_transport_ipc_rx.c.o)
                0x000203ec                rpc_transport_msg_free
 .text.rpc_transport_ipc_tx_init
                0x00020458      0x1d4 D:/software/nrf9160/ncs1.2.0/nrfxlib/bsdlib/lib/cortex-m33/hard-float/libbsd_nrf9160_xxaa.a(rpc_transport_ipc_tx.c.o)
                0x00020458                rpc_transport_ipc_tx_init
 .text.rpc_transport_ipc_tx_send
                0x0002062c      0x100 D:/software/nrf9160/ncs1.2.0/nrfxlib/bsdlib/lib/cortex-m33/hard-float/libbsd_nrf9160_xxaa.a(rpc_transport_ipc_tx.c.o)
                0x0002062c                rpc_transport_ipc_tx_send
 .text.rpc_transport_ipc_tx_rpc_data_alloc
                0x0002072c       0x70 D:/software/nrf9160/ncs1.2.0/nrfxlib/bsdlib/lib/cortex-m33/hard-float/libbsd_nrf9160_xxaa.a(rpc_transport_ipc_tx.c.o)
                0x0002072c                rpc_transport_ipc_tx_rpc_data_alloc
 .text.rpc_transport_ipc_tx_rpc_ctrl_alloc
                0x0002079c       0x60 D:/software/nrf9160/ncs1.2.0/nrfxlib/bsdlib/lib/cortex-m33/hard-float/libbsd_nrf9160_xxaa.a(rpc_transport_ipc_tx.c.o)
                0x0002079c                rpc_transport_ipc_tx_rpc_ctrl_alloc
 .text.rpc_transport_ipc_tx_data_alloc
                0x000207fc       0x14 D:/software/nrf9160/ncs1.2.0/nrfxlib/bsdlib/lib/cortex-m33/hard-float/libbsd_nrf9160_xxaa.a(rpc_transport_ipc_tx.c.o)
                0x000207fc                rpc_transport_ipc_tx_data_alloc
 .text.ok_rsp_parser
                0x00020810        0x4 D:/software/nrf9160/ncs1.2.0/nrfxlib/bsdlib/lib/cortex-m33/hard-float/libbsd_nrf9160_xxaa.a(pdn_interface.c.o)
 .text.pdn_state_get_parser
                0x00020814       0x6c D:/software/nrf9160/ncs1.2.0/nrfxlib/bsdlib/lib/cortex-m33/hard-float/libbsd_nrf9160_xxaa.a(pdn_interface.c.o)
 .text.pdn_id_get_parser
                0x00020880       0x58 D:/software/nrf9160/ncs1.2.0/nrfxlib/bsdlib/lib/cortex-m33/hard-float/libbsd_nrf9160_xxaa.a(pdn_interface.c.o)
 .text.context_create_parser
                0x000208d8       0x58 D:/software/nrf9160/ncs1.2.0/nrfxlib/bsdlib/lib/cortex-m33/hard-float/libbsd_nrf9160_xxaa.a(pdn_interface.c.o)
 .text.pdn_interface_init
                0x00020930       0x34 D:/software/nrf9160/ncs1.2.0/nrfxlib/bsdlib/lib/cortex-m33/hard-float/libbsd_nrf9160_xxaa.a(pdn_interface.c.o)
                0x00020930                pdn_interface_init
 .text.pdn_interface_open
                0x00020964      0x1a4 D:/software/nrf9160/ncs1.2.0/nrfxlib/bsdlib/lib/cortex-m33/hard-float/libbsd_nrf9160_xxaa.a(pdn_interface.c.o)
                0x00020964                pdn_interface_open
 .text.pdn_interface_connect
                0x00020b08      0x300 D:/software/nrf9160/ncs1.2.0/nrfxlib/bsdlib/lib/cortex-m33/hard-float/libbsd_nrf9160_xxaa.a(pdn_interface.c.o)
                0x00020b08                pdn_interface_connect
 .text.pdn_interface_close
                0x00020e08      0x1bc D:/software/nrf9160/ncs1.2.0/nrfxlib/bsdlib/lib/cortex-m33/hard-float/libbsd_nrf9160_xxaa.a(pdn_interface.c.o)
                0x00020e08                pdn_interface_close
 .text.pdn_interface_setopt
                0x00020fc4       0xb0 D:/software/nrf9160/ncs1.2.0/nrfxlib/bsdlib/lib/cortex-m33/hard-float/libbsd_nrf9160_xxaa.a(pdn_interface.c.o)
                0x00020fc4                pdn_interface_setopt
 .text.pdn_interface_getopt
                0x00021074      0x198 D:/software/nrf9160/ncs1.2.0/nrfxlib/bsdlib/lib/cortex-m33/hard-float/libbsd_nrf9160_xxaa.a(pdn_interface.c.o)
                0x00021074                pdn_interface_getopt
 .text.pdn_interface_pdn_id_get
                0x0002120c      0x7b4 D:/software/nrf9160/ncs1.2.0/nrfxlib/bsdlib/lib/cortex-m33/hard-float/libbsd_nrf9160_xxaa.a(pdn_interface.c.o)
                0x0002120c                pdn_interface_pdn_id_get
 .text.linked_list_init
                0x000219c0       0x14 D:/software/nrf9160/ncs1.2.0/nrfxlib/bsdlib/lib/cortex-m33/hard-float/libbsd_nrf9160_xxaa.a(linked_list.c.o)
                0x000219c0                linked_list_init
 .text.linked_list_push
                0x000219d4       0x2c D:/software/nrf9160/ncs1.2.0/nrfxlib/bsdlib/lib/cortex-m33/hard-float/libbsd_nrf9160_xxaa.a(linked_list.c.o)
                0x000219d4                linked_list_push
 .text.linked_list_pop
                0x00021a00       0x14 D:/software/nrf9160/ncs1.2.0/nrfxlib/bsdlib/lib/cortex-m33/hard-float/libbsd_nrf9160_xxaa.a(linked_list.c.o)
                0x00021a00                linked_list_pop
 .text.linked_list_peek
                0x00021a14        0xc D:/software/nrf9160/ncs1.2.0/nrfxlib/bsdlib/lib/cortex-m33/hard-float/libbsd_nrf9160_xxaa.a(linked_list.c.o)
                0x00021a14                linked_list_peek
 .text.linked_list_size_get
                0x00021a20        0x4 D:/software/nrf9160/ncs1.2.0/nrfxlib/bsdlib/lib/cortex-m33/hard-float/libbsd_nrf9160_xxaa.a(linked_list.c.o)
                0x00021a20                linked_list_size_get
 .text.linked_list_get_next
                0x00021a24        0x4 D:/software/nrf9160/ncs1.2.0/nrfxlib/bsdlib/lib/cortex-m33/hard-float/libbsd_nrf9160_xxaa.a(linked_list.c.o)
                0x00021a24                linked_list_get_next
 .text.nrf_socket
                0x00021a28       0x24 D:/software/nrf9160/ncs1.2.0/nrfxlib/bsdlib/lib/cortex-m33/hard-float/libbsd_nrf9160_xxaa.a(socket.c.o)
                0x00021a28                nrf_socket
 .text.nrf_close