Archive member included to satisfy reference by file (symbol)

app/libapp.a(main.c.obj)      (--whole-archive)
app/libapp.a(orientation_detector.c.obj)
                              (--whole-archive)
app/libapp.a(ui.c.obj)        (--whole-archive)
app/libapp.a(cloud_codec.c.obj)
                              (--whole-archive)
app/libapp.a(service_info.c.obj)
                              (--whole-archive)
app/libapp.a(gps_controller.c.obj)
                              (--whole-archive)
app/libapp.a(env_sensors.c.obj)
                              (--whole-archive)
zephyr/libzephyr.a(isr_tables.c.obj)
                              (--whole-archive)
zephyr/libzephyr.a(sw_isr_common.c.obj)
                              (--whole-archive)
zephyr/libzephyr.a(arm_core_cmse.c.obj)
                              (--whole-archive)
zephyr/libzephyr.a(crc32_sw.c.obj)
                              (--whole-archive)
zephyr/libzephyr.a(crc16_sw.c.obj)
                              (--whole-archive)
zephyr/libzephyr.a(crc8_sw.c.obj)
                              (--whole-archive)
zephyr/libzephyr.a(crc7_sw.c.obj)
                              (--whole-archive)
zephyr/libzephyr.a(dec.c.obj)
                              (--whole-archive)
zephyr/libzephyr.a(fdtable.c.obj)
                              (--whole-archive)
zephyr/libzephyr.a(hex.c.obj)
                              (--whole-archive)
zephyr/libzephyr.a(mempool.c.obj)
                              (--whole-archive)
zephyr/libzephyr.a(rb.c.obj)  (--whole-archive)
zephyr/libzephyr.a(sem.c.obj)
                              (--whole-archive)
zephyr/libzephyr.a(thread_entry.c.obj)
                              (--whole-archive)
zephyr/libzephyr.a(timeutil.c.obj)
                              (--whole-archive)
zephyr/libzephyr.a(work_q.c.obj)
                              (--whole-archive)
zephyr/libzephyr.a(json.c.obj)
                              (--whole-archive)
zephyr/libzephyr.a(printk.c.obj)
                              (--whole-archive)
zephyr/libzephyr.a(assert.c.obj)
                              (--whole-archive)
zephyr/libzephyr.a(configs.c.obj)
                              (--whole-archive)
zephyr/libzephyr.a(soc.c.obj)
                              (--whole-archive)
zephyr/libzephyr.a(mpu_regions.c.obj)
                              (--whole-archive)
zephyr/libzephyr.a(validate_base_addresses.c.obj)
                              (--whole-archive)
zephyr/libzephyr.a(log_list.c.obj)
                              (--whole-archive)
zephyr/libzephyr.a(log_core.c.obj)
                              (--whole-archive)
zephyr/libzephyr.a(log_msg.c.obj)
                              (--whole-archive)
zephyr/libzephyr.a(log_output.c.obj)
                              (--whole-archive)
zephyr/libzephyr.a(log_backend_uart.c.obj)
                              (--whole-archive)
zephyr/libzephyr.a(tty.c.obj)
                              (--whole-archive)
zephyr/libzephyr.a(getchar.c.obj)
                              (--whole-archive)
zephyr/libzephyr.a(mcuboot.c.obj)
                              (--whole-archive)
zephyr/libzephyr.a(flash_img.c.obj)
                              (--whole-archive)
zephyr/libzephyr.a(addr_utils.c.obj)
                              (--whole-archive)
zephyr/libzephyr.a(socket_offload.c.obj)
                              (--whole-archive)
zephyr/libzephyr.a(rand32_entropy_device.c.obj)
                              (--whole-archive)
zephyr/libzephyr.a(flash_map.c.obj)
                              (--whole-archive)
zephyr/libzephyr.a(flash_map_default.c.obj)
                              (--whole-archive)
zephyr/libzephyr.a(power.c.obj)
                              (--whole-archive)
zephyr/libzephyr.a(reboot.c.obj)
                              (--whole-archive)
zephyr/libzephyr.a(policy_residency.c.obj)
                              (--whole-archive)
zephyr/libzephyr.a(uart_console.c.obj)
                              (--whole-archive)
zephyr/libzephyr.a(nrf_power_clock.c.obj)
                              (--whole-archive)
zephyr/libzephyr.a(sys_clock_init.c.obj)
                              (--whole-archive)
zephyr/libzephyr.a(nrf_rtc_timer.c.obj)
                              (--whole-archive)
zephyr/libzephyr.a(secure_services_ns.c.obj)
                              (--whole-archive)
zephyr/arch/arch/arm/core/libarch__arm__core.a(exc_exit.S.obj)
                              (--whole-archive)
zephyr/arch/arch/arm/core/libarch__arm__core.a(swap_helper.S.obj)
                              (--whole-archive)
zephyr/arch/arch/arm/core/libarch__arm__core.a(cpu_idle.S.obj)
                              (--whole-archive)
zephyr/arch/arch/arm/core/libarch__arm__core.a(fault_s.S.obj)
                              (--whole-archive)
zephyr/arch/arch/arm/core/libarch__arm__core.a(nmi_on_reset.S.obj)
                              (--whole-archive)
zephyr/arch/arch/arm/core/libarch__arm__core.a(isr_wrapper.S.obj)
[...]
Memory Configuration

Name             Origin             Length             Attributes
FLASH            0x00018200         0x0005ce00         xr
SRAM             0x20020000         0x00020000         xw
IDT_LIST         0x20040000         0x00000800         xw
*default*        0x00000000         0xffffffff

Linker script and memory map

LOAD zephyr/CMakeFiles/zephyr_prebuilt.dir/misc/empty_file.c.obj
                0x00000020                _region_min_align = 0x20

.rel.plt        0x00018200        0x0
 *(SORT_BY_ALIGNMENT(.rel.plt))
                [!provide]                PROVIDE (__rel_iplt_start = .)
 *(SORT_BY_ALIGNMENT(.rel.iplt))
 .rel.iplt      0x00018200        0x0 app/libapp.a(main.c.obj)
                [!provide]                PROVIDE (__rel_iplt_end = .)

.rela.plt       0x00000000        0x0
 *(SORT_BY_ALIGNMENT(.rela.plt))
                [!provide]                PROVIDE (__rela_iplt_start = .)
 *(SORT_BY_ALIGNMENT(.rela.iplt))
                [!provide]                PROVIDE (__rela_iplt_end = .)

.rel.dyn
 *(SORT_BY_ALIGNMENT(.rel.*))

.rela.dyn
 *(SORT_BY_ALIGNMENT(.rela.*))

/DISCARD/
 *(SORT_BY_ALIGNMENT(.plt))
 *(SORT_BY_ALIGNMENT(.iplt))
 *(SORT_BY_ALIGNMENT(.got.plt))
 *(SORT_BY_ALIGNMENT(.igot.plt))
 *(SORT_BY_ALIGNMENT(.got))
 *(SORT_BY_ALIGNMENT(.igot))
                0x00018200                _image_rom_start = 0x18200

text            0x00018200      0x220
                0x00000000                . = 0x0
                0x00000000                _vector_start = .
 *(SORT_BY_ALIGNMENT(.exc_vector_table))
 *(SORT_BY_ALIGNMENT(.exc_vector_table.*))
 .exc_vector_table._vector_table_section
                0x00018200       0x40 zephyr/arch/arch/arm/core/cortex_m/libarch__arm__core__cortex_m.a(vector_table.S.obj)
                0x00018200                _vector_table
 *(SORT_BY_ALIGNMENT(.gnu.linkonce.irq_vector_table))
 .gnu.linkonce.irq_vector_table
                0x00018240      0x104 zephyr/libzephyr.a(isr_tables.c.obj)
                0x00018240                _irq_vector_table
 *(SORT_BY_ALIGNMENT(.vectors))
 *(SORT_BY_ALIGNMENT(.openocd_dbg))
 *(SORT_BY_ALIGNMENT(.openocd_dbg.*))
                0x00018344                _vector_end = .
                0x00000200                . = 0x200
 *fill*         0x00018344       0xbc 
 *(SORT_BY_ALIGNMENT(.firmware_info))
 .firmware_info
                0x00018400       0x20 zephyr/modules/nrf/subsys/fw_info/lib..__nrf__subsys__fw_info.a(fw_info.c.obj)
                0x00018400                m_firmware_info

_TEXT_SECTION_NAME_2
                0x00018420    0x2ade4
                0x00018420                _image_text_start = .
 *(SORT_BY_ALIGNMENT(.text))
 .text          0x00018420      0x378 c:/gnuarmemb/bin/../lib/gcc/arm-none-eabi/7.3.1/thumb/v8-m.main/fpv5-sp/hard\libgcc.a(_arm_addsubdf3.o)
                0x00018420                __aeabi_drsub
                0x00018428                __aeabi_dsub
                0x00018428                __subdf3
                0x0001842c                __aeabi_dadd
                0x0001842c                __adddf3
                0x000186a4                __floatunsidf
                0x000186a4                __aeabi_ui2d
                0x000186c4                __floatsidf
                0x000186c4                __aeabi_i2d
                0x000186e8                __aeabi_f2d
                0x000186e8                __extendsfdf2
                0x0001872c                __floatundidf
                0x0001872c                __aeabi_ul2d
                0x0001873c                __floatdidf
                0x0001873c                __aeabi_l2d
 .text          0x00018798      0x424 c:/gnuarmemb/bin/../lib/gcc/arm-none-eabi/7.3.1/thumb/v8-m.main/fpv5-sp/hard\libgcc.a(_arm_muldivdf3.o)
                0x00018798                __aeabi_dmul
                0x00018798                __muldf3
                0x000189ec                __divdf3
                0x000189ec                __aeabi_ddiv
 .text          0x00018bbc      0x110 c:/gnuarmemb/bin/../lib/gcc/arm-none-eabi/7.3.1/thumb/v8-m.main/fpv5-sp/hard\libgcc.a(_arm_cmpdf2.o)
                0x00018bbc                __gtdf2
                0x00018bbc                __gedf2
                0x00018bc4                __ltdf2
                0x00018bc4                __ledf2
                0x00018bcc                __nedf2
                0x00018bcc                __eqdf2
                0x00018bcc                __cmpdf2
                0x00018c48                __aeabi_cdrcmple
                0x00018c58                __aeabi_cdcmpeq
                0x00018c58                __aeabi_cdcmple
                0x00018c68                __aeabi_dcmpeq
                0x00018c7c                __aeabi_dcmplt
                0x00018c90                __aeabi_dcmple
                0x00018ca4                __aeabi_dcmpge
                0x00018cb8                __aeabi_dcmpgt
 .text          0x00018ccc       0x50 c:/gnuarmemb/bin/../lib/gcc/arm-none-eabi/7.3.1/thumb/v8-m.main/fpv5-sp/hard\libgcc.a(_arm_fixdfsi.o)
                0x00018ccc                __aeabi_d2iz
                0x00018ccc                __fixdfsi
 .text          0x00018d1c       0xa0 c:/gnuarmemb/bin/../lib/gcc/arm-none-eabi/7.3.1/thumb/v8-m.main/fpv5-sp/hard\libgcc.a(_aeabi_ldivmod.o)
                0x00018d1c                __aeabi_ldivmod
 .text          0x00018dbc       0x30 c:/gnuarmemb/bin/../lib/gcc/arm-none-eabi/7.3.1/thumb/v8-m.main/fpv5-sp/hard\libgcc.a(_aeabi_uldivmod.o)
                0x00018dbc                __aeabi_uldivmod
 .text          0x00018dec      0x2e0 c:/gnuarmemb/bin/../lib/gcc/arm-none-eabi/7.3.1/thumb/v8-m.main/fpv5-sp/hard\libgcc.a(_udivmoddi4.o)
                0x00018dec                __udivmoddi4
 .text          0x000190cc        0x4 c:/gnuarmemb/bin/../lib/gcc/arm-none-eabi/7.3.1/thumb/v8-m.main/fpv5-sp/hard\libgcc.a(_dvmd_tls.o)
                0x000190cc                __aeabi_idiv0
                0x000190cc                __aeabi_ldiv0
 .text          0x000190d0      0x6a8 D:/software/nrf9160/ncs/nrfxlib/crypto/nrf_oberon/lib/cortex-m33/hard-float/liboberon_3.0.2.a(ocrypto_bigint256.s.obj)
                0x000190d0                ocrypto_bigint_add128
                0x000190f6                ocrypto_bigint_sub128
                0x0001911c                ocrypto_bigint_add256
                0x0001915c                ocrypto_bigint_sub256
                0x0001919c                ocrypto_bigint_cadd256
                0x000191f8                ocrypto_bigint_csub256
                0x00019272                ocrypto_bigint_cswap256
                0x00019288                ocrypto_bigint_mul128
                0x00019370                ocrypto_bigint_sqr256
                0x00019372                ocrypto_bigint_mul256
 .text          0x00019778       0x5c D:/software/nrf9160/ncs/nrfxlib/crypto/nrf_oberon/lib/cortex-m33/hard-float/liboberon_3.0.2.a(ocrypto_constant_time.s.obj)
                0x00019778                ocrypto_constant_time_equal
                0x0001979e                ocrypto_constant_time_is_zero
                0x000197b8                ocrypto_constant_time_copy
                0x000197c6                ocrypto_constant_time_fill_zero
 .text          0x000197d4      0x6dc D:/software/nrf9160/ncs/nrfxlib/crypto/nrf_oberon/lib/cortex-m33/hard-float/liboberon_3.0.2.a(ocrypto_mod_p256_base.s.obj)
                0x000197d4                ocrypto_mod_p256_add
                0x00019852                ocrypto_mod_p256_sub
                0x000198ac                ocrypto_mod_p256_square
                0x000198ae                ocrypto_mod_p256_mul
 .text          0x00019eb0       0x2c c:/gnuarmemb/bin/../lib/gcc/arm-none-eabi/7.3.1/thumb/v8-m.main/fpv5-sp/hard\libgcc.a(_arm_unorddf2.o)
                0x00019eb0                __unorddf2
                0x00019eb0                __aeabi_dcmpun
 .text          0x00019edc       0x40 c:/gnuarmemb/bin/../lib/gcc/arm-none-eabi/7.3.1/thumb/v8-m.main/fpv5-sp/hard\libgcc.a(_arm_fixunsdfsi.o)
                0x00019edc                __aeabi_d2uiz
                0x00019edc                __fixunsdfsi
 .text          0x00019f1c       0x14 C:/gnuarmemb/arm-none-eabi/lib/thumb/v8-m.main/fpv5-sp/hard\libc_nano.a(lib_a-strcmp.o)
                0x00019f1c                strcmp
 .text          0x00019f30       0x10 C:/gnuarmemb/arm-none-eabi/lib/thumb/v8-m.main/fpv5-sp/hard\libc_nano.a(lib_a-strlen.o)
                0x00019f30                strlen
 *(SORT_BY_ALIGNMENT(.text.*))
 .text.orientation_detector_poll
                0x00019f40       0xc0 app/libapp.a(orientation_detector.c.obj)
                0x00019f40                orientation_detector_poll
 .text.env_sensors_poll_fn
                0x0001a000      0x130 app/libapp.a(env_sensors.c.obj)
 .text.parse_value
                0x0001a130      0x2f8 zephyr/modules/nrf/ext/cjson/lib..__nrf__ext__cjson.a(cJSON.c.obj)
 .text.cJSON_CreateNumber
                0x0001a428       0x68 zephyr/modules/nrf/ext/cjson/lib..__nrf__ext__cjson.a(cJSON.c.obj)
                0x0001a428                cJSON_CreateNumber
 .text.double_to_sensor_value
                0x0001a490       0x38 zephyr/modules/nrf/drivers/sensor/sensor_sim/lib..__nrf__drivers__sensor__sensor_sim.a(sensor_sim.c.obj)
 .text.sensor_sim_sample_fetch
                0x0001a4c8      0x194 zephyr/modules/nrf/drivers/sensor/sensor_sim/lib..__nrf__drivers__sensor__sensor_sim.a(sensor_sim.c.obj)
 *fill*         0x0001a65c        0x4 
 .text._strtod_l
                0x0001a660      0xbe8 C:/gnuarmemb/arm-none-eabi/lib/thumb/v8-m.main/fpv5-sp/hard\libc_nano.a(lib_a-strtod.o)
                0x0001a660                _strtod_l
 .text._dtoa_r  0x0001b248      0xb68 C:/gnuarmemb/arm-none-eabi/lib/thumb/v8-m.main/fpv5-sp/hard\libc_nano.a(lib_a-dtoa.o)
                0x0001b248                _dtoa_r
 .text.sin      0x0001bdb0       0xc0 C:/gnuarmemb/arm-none-eabi/lib/thumb/v8-m.main/fpv5-sp/hard\libm.a(lib_a-s_sin.o)
                0x0001bdb0                sin
 .text.__ieee754_rem_pio2
                0x0001be70      0x454 C:/gnuarmemb/arm-none-eabi/lib/thumb/v8-m.main/fpv5-sp/hard\libm.a(lib_a-e_rem_pio2.o)
                0x0001be70                __ieee754_rem_pio2
 *fill*         0x0001c2c4        0x4 
 .text.__kernel_cos
                0x0001c2c8      0x284 C:/gnuarmemb/arm-none-eabi/lib/thumb/v8-m.main/fpv5-sp/hard\libm.a(lib_a-k_cos.o)
                0x0001c2c8                __kernel_cos
 *fill*         0x0001c54c        0x4 
 .text.__kernel_rem_pio2
                0x0001c550      0x83c C:/gnuarmemb/arm-none-eabi/lib/thumb/v8-m.main/fpv5-sp/hard\libm.a(lib_a-k_rem_pio2.o)
                0x0001c550                __kernel_rem_pio2
 *fill*         0x0001cd8c        0x4 
 .text.__kernel_sin
                0x0001cd90      0x194 C:/gnuarmemb/arm-none-eabi/lib/thumb/v8-m.main/fpv5-sp/hard\libm.a(lib_a-k_sin.o)
                0x0001cd90                __kernel_sin
 *fill*         0x0001cf24        0x4 
 .text.floor    0x0001cf28      0x110 C:/gnuarmemb/arm-none-eabi/lib/thumb/v8-m.main/fpv5-sp/hard\libm.a(lib_a-s_floor.o)
                0x0001cf28                floor
 .text.scalbn   0x0001d038      0x110 C:/gnuarmemb/arm-none-eabi/lib/thumb/v8-m.main/fpv5-sp/hard\libm.a(lib_a-s_scalbn.o)
                0x0001d038                scalbn
 .text.k_delayed_work_submit
                0x0001d148       0x10 app/libapp.a(main.c.obj)
 .text.long_press_handler
                0x0001d158       0x50 app/libapp.a(main.c.obj)
 .text.k_work_submit_to_queue.constprop.12
                0x0001d1a8       0x28 app/libapp.a(main.c.obj)
 .text.modem_rsrp_handler
                0x0001d1d0       0x18 app/libapp.a(main.c.obj)
 .text.gps_trigger_handler
                0x0001d1e8       0x8c app/libapp.a(main.c.obj)
 .text.error_handler
                0x0001d274       0x54 app/libapp.a(main.c.obj)
                0x0001d274                error_handler
 .text.k_sys_fatal_error_handler
                0x0001d2c8       0x1c app/libapp.a(main.c.obj)
                0x0001d2c8                k_sys_fatal_error_handler
 .text.sensor_data_send
                0x0001d2e4       0x80 app/libapp.a(main.c.obj)
 .text.device_status_send
                0x0001d364       0xa8 app/libapp.a(main.c.obj)
 .text.modem_rsrp_data_send
                0x0001d40c       0x70 app/libapp.a(main.c.obj)
 .text.send_flip_data_work_fn
                0x0001d47c        0xc app/libapp.a(main.c.obj)
 .text.send_gps_data_work_fn
                0x0001d488        0xc app/libapp.a(main.c.obj)
 .text.ui_evt_handler
                0x0001d494      0x178 app/libapp.a(main.c.obj)
 .text.send_env_data_work_fn
                0x0001d60c      0x104 app/libapp.a(main.c.obj)
 .text.sensors_start
                0x0001d710       0xac app/libapp.a(main.c.obj)
                0x0001d710                sensors_start
 .text.on_pairing_done
                0x0001d7bc       0xf0 app/libapp.a(main.c.obj)
                0x0001d7bc                on_pairing_done
 .text.cloud_event_handler
                0x0001d8ac      0x138 app/libapp.a(main.c.obj)
                0x0001d8ac                cloud_event_handler
 .text.handle_bsdlib_init_ret
                0x0001d9e4       0x54 app/libapp.a(main.c.obj)
                0x0001d9e4                handle_bsdlib_init_ret
 .text.main     0x0001da38      0x2a4 app/libapp.a(main.c.obj)
                0x0001da38                main
 .text.orientation_detector_init
                0x0001dcdc        0xc app/libapp.a(orientation_detector.c.obj)
                0x0001dcdc                orientation_detector_init
 .text.button_handler
                0x0001dce8       0x54 app/libapp.a(ui.c.obj)
 .text.leds_update
                0x0001dd3c       0x5c app/libapp.a(ui.c.obj)
 .text.ui_led_set_pattern
                0x0001dd98        0xc app/libapp.a(ui.c.obj)
                0x0001dd98                ui_led_set_pattern
 .text.ui_init  0x0001dda4       0xcc app/libapp.a(ui.c.obj)
                0x0001dda4                ui_init
 .text.cloud_search_cmd
                0x0001de70       0xc4 app/libapp.a(cloud_codec.c.obj)
 .text.cloud_encode_data
                0x0001df34       0xc4 app/libapp.a(cloud_codec.c.obj)
                0x0001df34                cloud_encode_data
 .text.cloud_encode_digital_twin_data
                0x0001dff8      0x12c app/libapp.a(cloud_codec.c.obj)
                0x0001dff8                cloud_encode_digital_twin_data
 .text.cloud_decode_command
                0x0001e124       0x64 app/libapp.a(cloud_codec.c.obj)
                0x0001e124                cloud_decode_command
 .text.cloud_decode_init
                0x0001e188        0xc app/libapp.a(cloud_codec.c.obj)
                0x0001e188                cloud_decode_init
 .text.cloud_encode_env_sensors_data
                0x0001e194       0x9c app/libapp.a(cloud_codec.c.obj)
                0x0001e194                cloud_encode_env_sensors_data
 .text.service_info_json_object_encode
                0x0001e230       0x90 app/libapp.a(service_info.c.obj)
                0x0001e230                service_info_json_object_encode
 .text.gps_work_handler
                0x0001e2c0      0x12c app/libapp.a(gps_controller.c.obj)
 .text.gps_control_is_active
                0x0001e3ec       0x14 app/libapp.a(gps_controller.c.obj)
                0x0001e3ec                gps_control_is_active
 .text.gps_control_is_enabled
                0x0001e400       0x14 app/libapp.a(gps_controller.c.obj)
                0x0001e400                gps_control_is_enabled
 .text.gps_control_stop
                0x0001e414       0x28 app/libapp.a(gps_controller.c.obj)
                0x0001e414                gps_control_stop
 .text.gps_control_disable
                0x0001e43c       0x20 app/libapp.a(gps_controller.c.obj)
                0x0001e43c                gps_control_disable
 .text.gps_control_start
                0x0001e45c       0x28 app/libapp.a(gps_controller.c.obj)
                0x0001e45c                gps_control_start
 .text.gps_control_enable
                0x0001e484       0x1c app/libapp.a(gps_controller.c.obj)
                0x0001e484                gps_control_enable
 .text.gps_control_init
                0x0001e4a0       0x70 app/libapp.a(gps_controller.c.obj)
                0x0001e4a0                gps_control_init
 .text.env_sensors_init_and_start
                0x0001e510       0x7c app/libapp.a(env_sensors.c.obj)
                0x0001e510                env_sensors_init_and_start
 .text.env_sensors_get_temperature
                0x0001e58c       0xb0 app/libapp.a(env_sensors.c.obj)
                0x0001e58c                env_sensors_get_temperature
 .text.env_sensors_get_humidity
                0x0001e63c       0xb0 app/libapp.a(env_sensors.c.obj)
                0x0001e63c                env_sensors_get_humidity
 .text.env_sensors_get_pressure
                0x0001e6ec       0xb0 app/libapp.a(env_sensors.c.obj)
                0x0001e6ec                env_sensors_get_pressure
 .text.z_sys_mem_pool_block_free
                0x0001e79c      0x154 zephyr/libzephyr.a(mempool.c.obj)
                0x0001e79c                z_sys_mem_pool_block_free
 .text.lexer_boolean
                0x0001e8f0       0x54 zephyr/libzephyr.a(json.c.obj)
 .text.lexer_json
                0x0001e944       0xc4 zephyr/libzephyr.a(json.c.obj)
 .text.lexer_number
                0x0001ea08       0x38 zephyr/libzephyr.a(json.c.obj)
 .text.lexer_string
                0x0001ea40       0xe8 zephyr/libzephyr.a(json.c.obj)
 .text.lexer_null
                0x0001eb28       0x38 zephyr/libzephyr.a(json.c.obj)
 .text.decode_value
                0x0001eb60      0x15c zephyr/libzephyr.a(json.c.obj)
 .text.json_obj_parse
                0x0001ecbc       0x64 zephyr/libzephyr.a(json.c.obj)
                0x0001ecbc                json_obj_parse
 .text.char_out
                0x0001ed20       0x10 zephyr/libzephyr.a(printk.c.obj)
 .text._printk_dec_ulong
                0x0001ed30       0x98 zephyr/libzephyr.a(printk.c.obj)
 .text.__printk_hook_install
                0x0001edc8        0xc zephyr/libzephyr.a(printk.c.obj)
                0x0001edc8                __printk_hook_install
 .text.vprintk  0x0001edd4       0x20 zephyr/libzephyr.a(printk.c.obj)
                0x0001edd4                vprintk
 .text.nordicsemi_nrf91_init
                0x0001edf4       0x28 zephyr/libzephyr.a(soc.c.obj)
 .text.log_generic
                0x0001ee1c       0x5c zephyr/libzephyr.a(log_core.c.obj)
                0x0001ee1c                log_generic
 .text.log_core_init
                0x0001ee78       0x18 zephyr/libzephyr.a(log_core.c.obj)
                0x0001ee78                log_core_init
 .text.log_source_name_get
                0x0001ee90       0x1c zephyr/libzephyr.a(log_core.c.obj)
                0x0001ee90                log_source_name_get
 .text.log_backend_enable
                0x0001eeac       0x5c zephyr/libzephyr.a(log_core.c.obj)
                0x0001eeac                log_backend_enable
 .text.log_init
                0x0001ef08       0x6c zephyr/libzephyr.a(log_core.c.obj)
                0x0001ef08                log_init
 .text.z_impl_log_panic
                0x0001ef74       0x44 zephyr/libzephyr.a(log_core.c.obj)
                0x0001ef74                z_impl_log_panic
 .text.print_formatted
                0x0001efb8       0x24 zephyr/libzephyr.a(log_output.c.obj)
 .text.prefix_print
                0x0001efdc      0x11c zephyr/libzephyr.a(log_output.c.obj)
 .text.postfix_print
                0x0001f0f8       0x3c zephyr/libzephyr.a(log_output.c.obj)
 .text.hexdump_line_print
                0x0001f134       0xe0 zephyr/libzephyr.a(log_output.c.obj)
 .text.out_func
                0x0001f214       0x50 zephyr/libzephyr.a(log_output.c.obj)
 .text.log_output_string
                0x0001f264       0x70 zephyr/libzephyr.a(log_output.c.obj)
                0x0001f264                log_output_string
 .text.log_output_hexdump
                0x0001f2d4       0x74 zephyr/libzephyr.a(log_output.c.obj)
                0x0001f2d4                log_output_hexdump
 .text.log_output_timestamp_freq_set
                0x0001f348       0x30 zephyr/libzephyr.a(log_output.c.obj)
                0x0001f348                log_output_timestamp_freq_set
 .text.panic    0x0001f378        0xc zephyr/libzephyr.a(log_backend_uart.c.obj)
 .text.log_backend_uart_init
                0x0001f384       0x30 zephyr/libzephyr.a(log_backend_uart.c.obj)
 .text.sync_hexdump
                0x0001f3b4       0x4c zephyr/libzephyr.a(log_backend_uart.c.obj)
 .text.sync_string
                0x0001f400       0x48 zephyr/libzephyr.a(log_backend_uart.c.obj)
 .text.boot_write_trailer_byte
                0x0001f448       0x50 zephyr/libzephyr.a(mcuboot.c.obj)
 .text.boot_request_upgrade
                0x0001f498       0x64 zephyr/libzephyr.a(mcuboot.c.obj)
                0x0001f498                boot_request_upgrade
 .text.flash_progressive_erase
                0x0001f4fc       0xc4 zephyr/libzephyr.a(flash_img.c.obj)
 .text.flash_sync
                0x0001f5c0      0x12c zephyr/libzephyr.a(flash_img.c.obj)
 .text.socket_offload_register
                0x0001f6ec       0x4c zephyr/libzephyr.a(socket_offload.c.obj)
                0x0001f6ec                socket_offload_register
 .text.sys_rand32_get
                0x0001f738       0x90 zephyr/libzephyr.a(rand32_entropy_device.c.obj)
                0x0001f738                sys_rand32_get
 .text.get_flash_area_from_id
                0x0001f7c8       0x2c zephyr/libzephyr.a(flash_map.c.obj)
 .text.flash_area_open
                0x0001f7f4       0x28 zephyr/libzephyr.a(flash_map.c.obj)
                0x0001f7f4                flash_area_open
 .text.sys_reboot
                0x0001f81c       0x30 zephyr/libzephyr.a(reboot.c.obj)
                0x0001f81c                sys_reboot
 .text.console_out
                0x0001f84c       0x34 zephyr/libzephyr.a(uart_console.c.obj)
 .text.uart_console_hook_install
                0x0001f880       0x18 zephyr/libzephyr.a(uart_console.c.obj)
                0x0001f880                uart_console_hook_install
 .text.uart_console_init
                0x0001f898       0x1c zephyr/libzephyr.a(uart_console.c.obj)
 .text.hfclk_init
                0x0001f8b4       0x30 zephyr/libzephyr.a(nrf_power_clock.c.obj)
 .text.clock_async_start
                0x0001f8e4       0xbc zephyr/libzephyr.a(nrf_power_clock.c.obj)
 .text.nrf_power_clock_isr
                0x0001f9a0       0x58 zephyr/libzephyr.a(nrf_power_clock.c.obj)
                0x0001f9a0                nrf_power_clock_isr
 .text.z_clock_isr
                0x0001f9f8       0x28 zephyr/libzephyr.a(sys_clock_init.c.obj)
                0x0001f9f8                z_clock_isr
 .text.rtc1_nrf_isr
                0x0001fa20       0xb0 zephyr/libzephyr.a(nrf_rtc_timer.c.obj)
                0x0001fa20                rtc1_nrf_isr
 .text.z_clock_driver_init
                0x0001fad0       0x78 zephyr/libzephyr.a(nrf_rtc_timer.c.obj)
                0x0001fad0                z_clock_driver_init
 .text.z_clock_set_timeout
                0x0001fb48      0x104 zephyr/libzephyr.a(nrf_rtc_timer.c.obj)
                0x0001fb48                z_clock_set_timeout
 .text.z_clock_elapsed
                0x0001fc4c       0x9c zephyr/libzephyr.a(nrf_rtc_timer.c.obj)
                0x0001fc4c                z_clock_elapsed
 .text.z_timer_cycle_get_32
                0x0001fce8       0xa0 zephyr/libzephyr.a(nrf_rtc_timer.c.obj)
                0x0001fce8                z_timer_cycle_get_32
 .text._HandlerModeExit
                0x0001fd88       0x1c zephyr/arch/arch/arm/core/libarch__arm__core.a(exc_exit.S.obj)
                0x0001fd88                z_arm_int_exit
                0x0001fd88                z_arm_exc_exit
 .text.z_arm_pendsv
                0x0001fda4       0xc4 zephyr/arch/arch/arm/core/libarch__arm__core.a(swap_helper.S.obj)
                0x0001fda4                z_arm_pendsv
 .text.z_arm_svc
                0x0001fe68       0x20 zephyr/arch/arch/arm/core/libarch__arm__core.a(swap_helper.S.obj)
                0x0001fe68                z_arm_svc
 .text.z_arm_cpu_idle_init
                0x0001fe88        0xc zephyr/arch/arch/arm/core/libarch__arm__core.a(cpu_idle.S.obj)
                0x0001fe88                z_arm_cpu_idle_init
 .text.z_arch_cpu_idle
                0x0001fe94        0xc zephyr/arch/arch/arm/core/libarch__arm__core.a(cpu_idle.S.obj)
                0x0001fe94                z_arch_cpu_idle
 .text.__fault  0x0001fea0       0x24 zephyr/arch/arch/arm/core/libarch__arm__core.a(fault_s.S.obj)
                0x0001fea0                z_arm_usage_fault
                0x0001fea0                z_arm_mpu_fault
                0x0001fea0                z_arm_reserved
                0x0001fea0                z_arm_debug_monitor
                0x0001fea0                z_arm_hard_fault
                0x0001fea0                z_arm_bus_fault
 .text.z_SysNmiOnReset
                0x0001fec4        0x8 zephyr/arch/arch/arm/core/libarch__arm__core.a(nmi_on_reset.S.obj)
                0x0001fec4                z_SysNmiOnReset
 .text._isr_wrapper
                0x0001fecc       0x40 zephyr/arch/arch/arm/core/libarch__arm__core.a(isr_wrapper.S.obj)
                0x0001fecc                _isr_wrapper
 .text.z_arch_swap
                0x0001ff0c       0x34 zephyr/arch/arch/arm/core/libarch__arm__core.a(swap.c.obj)
                0x0001ff0c                z_arch_swap
 .text.z_arch_irq_enable
                0x0001ff40       0x20 zephyr/arch/arch/arm/core/libarch__arm__core.a(irq_manage.c.obj)
                0x0001ff40                z_arch_irq_enable
 .text.z_arm_irq_priority_set
                0x0001ff60       0x64 zephyr/arch/arch/arm/core/libarch__arm__core.a(irq_manage.c.obj)
                0x0001ff60                z_arm_irq_priority_set
 .text._arch_isr_direct_pm
                0x0001ffc4       0x1c zephyr/arch/arch/arm/core/libarch__arm__core.a(irq_manage.c.obj)
                0x0001ffc4                _arch_isr_direct_pm
 .text.z_arch_new_thread
                0x0001ffe0       0xa4 zephyr/arch/arch/arm/core/libarch__arm__core.a(thread.c.obj)
                0x0001ffe0                z_arch_new_thread
 .text.z_arch_switch_to_main_thread
                0x00020084       0x5c zephyr/arch/arch/arm/core/libarch__arm__core.a(thread.c.obj)
                0x00020084                z_arch_switch_to_main_thread
 .text.z_arm_fatal_error
                0x000200e0      0x134 zephyr/arch/arch/arm/core/libarch__arm__core.a(fatal.c.obj)
                0x000200e0                z_arm_fatal_error
 .text.z_arm_prep_c
                0x00020214       0x50 zephyr/arch/arch/arm/core/libarch__arm__core.a(prep_c.c.obj)
                0x00020214                z_arm_prep_c
 .text._reset_section
                0x00020264       0x30 zephyr/arch/arch/arm/core/cortex_m/libarch__arm__core__cortex_m.a(reset.S.obj)
                0x00020264                __start
                0x00020264                z_arm_reset
 .text.bus_fault.isra.2
                0x00020294      0x14c zephyr/arch/arch/arm/core/cortex_m/libarch__arm__core__cortex_m.a(fault.c.obj)
 .text.usage_fault.isra.3
                0x000203e0      0x140 zephyr/arch/arch/arm/core/cortex_m/libarch__arm__core__cortex_m.a(fault.c.obj)
 .text.mem_manage_fault.isra.6
                0x00020520      0x160 zephyr/arch/arch/arm/core/cortex_m/libarch__arm__core__cortex_m.a(fault.c.obj)
 .text.z_arm_fault
                0x00020680      0x1a4 zephyr/arch/arch/arm/core/cortex_m/libarch__arm__core__cortex_m.a(fault.c.obj)
                0x00020680                z_arm_fault
 .text.z_arm_fault_init
                0x00020824       0x18 zephyr/arch/arch/arm/core/cortex_m/libarch__arm__core__cortex_m.a(fault.c.obj)
                0x00020824                z_arm_fault_init
 .text.sys_arch_reboot
                0x0002083c       0x24 zephyr/arch/arch/arm/core/cortex_m/libarch__arm__core__cortex_m.a(scb.c.obj)
                0x0002083c                sys_arch_reboot
 .text.z_arm_int_lib_init
                0x00020860       0x18 zephyr/arch/arch/arm/core/cortex_m/libarch__arm__core__cortex_m.a(irq_init.c.obj)
                0x00020860                z_arm_int_lib_init
 .text.z_impl_k_thread_abort
                0x00020878       0x7c zephyr/arch/arch/arm/core/cortex_m/libarch__arm__core__cortex_m.a(thread_abort.c.obj)
                0x00020878                z_impl_k_thread_abort
 .text.z_arm_configure_static_mpu_regions
                0x000208f4       0x54 zephyr/arch/arch/arm/core/cortex_m/mpu/libarch__arm__core__cortex_m__mpu.a(arm_core_mpu.c.obj)
                0x000208f4                z_arm_configure_static_mpu_regions
 .text.region_init
                0x00020948       0x30 zephyr/arch/arch/arm/core/cortex_m/mpu/libarch__arm__core__cortex_m__mpu.a(arm_mpu.c.obj)
 .text.region_allocate_and_init
                0x00020978       0x44 zephyr/arch/arch/arm/core/cortex_m/mpu/libarch__arm__core__cortex_m__mpu.a(arm_mpu.c.obj)
 .text.mpu_configure_regions.constprop.2
                0x000209bc      0x18c zephyr/arch/arch/arm/core/cortex_m/mpu/libarch__arm__core__cortex_m__mpu.a(arm_mpu.c.obj)
 .text.arm_core_mpu_enable
                0x00020b48       0x14 zephyr/arch/arch/arm/core/cortex_m/mpu/libarch__arm__core__cortex_m__mpu.a(arm_mpu.c.obj)
                0x00020b48                arm_core_mpu_enable
 .text.arm_core_mpu_disable
                0x00020b5c       0x10 zephyr/arch/arch/arm/core/cortex_m/mpu/libarch__arm__core__cortex_m__mpu.a(arm_mpu.c.obj)
                0x00020b5c                arm_core_mpu_disable
 .text.arm_mpu_init
                0x00020b6c       0xb0 zephyr/arch/arch/arm/core/cortex_m/mpu/libarch__arm__core__cortex_m__mpu.a(arm_mpu.c.obj)
 .text.arm_core_mpu_configure_static_mpu_regions
                0x00020c1c       0x48 zephyr/arch/arch/arm/core/cortex_m/mpu/libarch__arm__core__cortex_m__mpu.a(arm_mpu.c.obj)
                0x00020c1c                arm_core_mpu_configure_static_mpu_regions
 .text.arm_core_mpu_mark_areas_for_dynamic_regions
                0x00020c64       0xd8 zephyr/arch/arch/arm/core/cortex_m/mpu/libarch__arm__core__cortex_m__mpu.a(arm_mpu.c.obj)
                0x00020c64                arm_core_mpu_mark_areas_for_dynamic_regions
 .text.arm_core_mpu_configure_dynamic_mpu_regions
                0x00020d3c       0x74 zephyr/arch/arch/arm/core/cortex_m/mpu/libarch__arm__core__cortex_m__mpu.a(arm_mpu.c.obj)
                0x00020d3c                arm_core_mpu_configure_dynamic_mpu_regions
 .text.__stdout_hook_install
                0x00020db0        0xc zephyr/lib/libc/newlib/liblib__libc__newlib.a(libc-hooks.c.obj)
                0x00020db0                __stdout_hook_install
 .text.z_impl_zephyr_read_stdin
                0x00020dbc       0x28 zephyr/lib/libc/newlib/liblib__libc__newlib.a(libc-hooks.c.obj)
                0x00020dbc                z_impl_zephyr_read_stdin
 .text.z_impl_zephyr_write_stdout
                0x00020de4       0x38 zephyr/lib/libc/newlib/liblib__libc__newlib.a(libc-hooks.c.obj)
                0x00020de4                z_impl_zephyr_write_stdout
 .text._exit    0x00020e1c       0x10 zephyr/lib/libc/newlib/liblib__libc__newlib.a(libc-hooks.c.obj)
                0x00020e1c                _exit
 .text._sbrk    0x00020e2c       0x44 zephyr/lib/libc/newlib/liblib__libc__newlib.a(libc-hooks.c.obj)
                0x00020e2c                sbrk
                0x00020e2c                _sbrk
 .text.net_if_flag_is_set
                0x00020e70       0x3c zephyr/subsys/net/ip/libsubsys__net__ip.a(net_if.c.obj)
 .text.net_if_flag_set.constprop.23
                0x00020eac       0x40 zephyr/subsys/net/ip/libsubsys__net__ip.a(net_if.c.obj)
 .text.net_if_up
                0x00020eec       0x6c zephyr/subsys/net/ip/libsubsys__net__ip.a(net_if.c.obj)
                0x00020eec                net_if_up
 .text.net_if_init
                0x00020f58       0x30 zephyr/subsys/net/ip/libsubsys__net__ip.a(net_if.c.obj)
                0x00020f58                net_if_init
 .text.net_if_post_init
                0x00020f88       0x30 zephyr/subsys/net/ip/libsubsys__net__ip.a(net_if.c.obj)
                0x00020f88                net_if_post_init
 .text.connect_request_encode
                0x00020fb8      0x100 zephyr/subsys/net/lib/mqtt/libsubsys__net__lib__mqtt.a(mqtt_encoder.c.obj)
                0x00020fb8                connect_request_encode
 .text.disconnect_encode
                0x000210b8       0x24 zephyr/subsys/net/lib/mqtt/libsubsys__net__lib__mqtt.a(mqtt_encoder.c.obj)
                0x000210b8                disconnect_encode
 .text.ping_request_encode
                0x000210dc       0x24 zephyr/subsys/net/lib/mqtt/libsubsys__net__lib__mqtt.a(mqtt_encoder.c.obj)
                0x000210dc                ping_request_encode
 .text.close    0x00021100       0x58 zephyr/subsys/net/lib/mqtt/libsubsys__net__lib__mqtt.a(mqtt_transport_socket_tcp.c.obj)
 .text.mqtt_client_tcp_connect
                0x00021158       0xd4 zephyr/subsys/net/lib/mqtt/libsubsys__net__lib__mqtt.a(mqtt_transport_socket_tcp.c.obj)
                0x00021158                mqtt_client_tcp_connect
 .text.mqtt_client_tcp_write
                0x0002122c       0x98 zephyr/subsys/net/lib/mqtt/libsubsys__net__lib__mqtt.a(mqtt_transport_socket_tcp.c.obj)
                0x0002122c                mqtt_client_tcp_write
 .text.mqtt_client_tcp_read
                0x000212c4       0x7c zephyr/subsys/net/lib/mqtt/libsubsys__net__lib__mqtt.a(mqtt_transport_socket_tcp.c.obj)
                0x000212c4                mqtt_client_tcp_read
 .text.mqtt_transport_connect
                0x00021340       0x10 zephyr/subsys/net/lib/mqtt/libsubsys__net__lib__mqtt.a(mqtt_transport.c.obj)
                0x00021340                mqtt_transport_connect
 .text.mqtt_transport_write
                0x00021350       0x18 zephyr/subsys/net/lib/mqtt/libsubsys__net__lib__mqtt.a(mqtt_transport.c.obj)
                0x00021350                mqtt_transport_write
 .text.mqtt_transport_read
                0x00021368       0x18 zephyr/subsys/net/lib/mqtt/libsubsys__net__lib__mqtt.a(mqtt_transport.c.obj)
                0x00021368                mqtt_transport_read
 .text.mqtt_transport_disconnect
                0x00021380       0x14 zephyr/subsys/net/lib/mqtt/libsubsys__net__lib__mqtt.a(mqtt_transport.c.obj)
                0x00021380                mqtt_transport_disconnect
 .text.mqtt_mutex_unlock
                0x00021394       0x58 zephyr/subsys/net/lib/mqtt/libsubsys__net__lib__mqtt.a(mqtt.c.obj)
 .text.mqtt_mutex_lock
                0x000213ec       0x40 zephyr/subsys/net/lib/mqtt/libsubsys__net__lib__mqtt.a(mqtt.c.obj)
 .text.close    0x0002142c       0x58 zephyr/subsys/net/lib/mqtt/libsubsys__net__lib__mqtt.a(mqtt_transport_socket_tls.c.obj)
 .text.setsockopt.constprop.1
                0x00021484       0x70 zephyr/subsys/net/lib/mqtt/libsubsys__net__lib__mqtt.a(mqtt_transport_socket_tls.c.obj)
 .text.mqtt_client_tls_connect
                0x000214f4      0x140 zephyr/subsys/net/lib/mqtt/libsubsys__net__lib__mqtt.a(mqtt_transport_socket_tls.c.obj)
                0x000214f4                mqtt_client_tls_connect
 .text.mqtt_client_tls_write
                0x00021634       0x98 zephyr/subsys/net/lib/mqtt/libsubsys__net__lib__mqtt.a(mqtt_transport_socket_tls.c.obj)
                0x00021634                mqtt_client_tls_write
 .text.mqtt_client_tls_read
                0x000216cc       0x7c zephyr/subsys/net/lib/mqtt/libsubsys__net__lib__mqtt.a(mqtt_transport_socket_tls.c.obj)
                0x000216cc                mqtt_client_tls_read
 .text.gpio_nrfx_manage_callback
                0x00021748       0xac zephyr/drivers/gpio/libdrivers__gpio.a(gpio_nrfx.c.obj)
 .text.nrf_gpio_pin_port_decode.isra.6.part.7
                0x000217f4       0x1c zephyr/drivers/gpio/libdrivers__gpio.a(gpio_nrfx.c.obj)
 .text.nrf_gpio_cfg_sense_set
                0x00021810       0x30 zephyr/drivers/gpio/libdrivers__gpio.a(gpio_nrfx.c.obj)
 .text.gpiote_pin_int_cfg
                0x00021840      0x13c zephyr/drivers/gpio/libdrivers__gpio.a(gpio_nrfx.c.obj)
 .text.gpio_nrfx_init
                0x0002197c       0x30 zephyr/drivers/gpio/libdrivers__gpio.a(gpio_nrfx.c.obj)
 .text.gpio_nrfx_config
                0x000219ac      0x130 zephyr/drivers/gpio/libdrivers__gpio.a(gpio_nrfx.c.obj)
 .text.gpiote_event_handler
                0x00021adc      0x180 zephyr/drivers/gpio/libdrivers__gpio.a(gpio_nrfx.c.obj)
 .text.flash_nrf_write_protection
                0x00021c5c        0xc zephyr/drivers/flash/libdrivers__flash.a(soc_flash_nrf.c.obj)
 .text.flash_nrf_pages_layout
                0x00021c68       0x10 zephyr/drivers/flash/libdrivers__flash.a(soc_flash_nrf.c.obj)
 .text.nrf_flash_init
                0x00021c78       0x30 zephyr/drivers/flash/libdrivers__flash.a(soc_flash_nrf.c.obj)
 .text.flash_nrf_erase
                0x00021ca8       0x70 zephyr/drivers/flash/libdrivers__flash.a(soc_flash_nrf.c.obj)
 .text.flash_nrf_write
                0x00021d18       0xb4 zephyr/drivers/flash/libdrivers__flash.a(soc_flash_nrf.c.obj)
 .text.uarte_nrfx_configure
                0x00021dcc      0x178 zephyr/drivers/serial/libdrivers__serial.a(uart_nrfx_uarte.c.obj)
 .text.uarte_0_init
                0x00021f44       0x90 zephyr/drivers/serial/libdrivers__serial.a(uart_nrfx_uarte.c.obj)
 .text.entropy_cc310_rng_get_entropy
                0x00021fd4       0x5c zephyr/drivers/entropy/libdrivers__entropy.a(entropy_cc310.c.obj)
 .text.parse_string
                0x00022030      0x1c8 zephyr/modules/nrf/ext/cjson/lib..__nrf__ext__cjson.a(cJSON.c.obj)
 .text.print_string_ptr
                0x000221f8      0x148 zephyr/modules/nrf/ext/cjson/lib..__nrf__ext__cjson.a(cJSON.c.obj)
 .text.print_value
                0x00022340      0x31c zephyr/modules/nrf/ext/cjson/lib..__nrf__ext__cjson.a(cJSON.c.obj)
 .text.print.constprop.14
                0x0002265c       0x98 zephyr/modules/nrf/ext/cjson/lib..__nrf__ext__cjson.a(cJSON.c.obj)
 .text.cJSON_strdup.isra.2.constprop.16
                0x000226f4       0x2c zephyr/modules/nrf/ext/cjson/lib..__nrf__ext__cjson.a(cJSON.c.obj)
 .text.add_item_to_object.constprop.12
                0x00022720       0x50 zephyr/modules/nrf/ext/cjson/lib..__nrf__ext__cjson.a(cJSON.c.obj)
 .text.cJSON_InitHooks
                0x00022770       0x44 zephyr/modules/nrf/ext/cjson/lib..__nrf__ext__cjson.a(cJSON.c.obj)
                0x00022770                cJSON_InitHooks
 .text.cJSON_Delete
                0x000227b4       0x44 zephyr/modules/nrf/ext/cjson/lib..__nrf__ext__cjson.a(cJSON.c.obj)
                0x000227b4                cJSON_Delete
 .text.cJSON_ParseWithOpts
                0x000227f8       0xe8 zephyr/modules/nrf/ext/cjson/lib..__nrf__ext__cjson.a(cJSON.c.obj)
                0x000227f8                cJSON_ParseWithOpts
 .text.cJSON_CreateNull
                0x000228e0       0x18 zephyr/modules/nrf/ext/cjson/lib..__nrf__ext__cjson.a(cJSON.c.obj)
                0x000228e0                cJSON_CreateNull
 .text.cJSON_CreateString
                0x000228f8       0x30 zephyr/modules/nrf/ext/cjson/lib..__nrf__ext__cjson.a(cJSON.c.obj)
                0x000228f8                cJSON_CreateString
 .text.cJSON_CreateArray
                0x00022928       0x18 zephyr/modules/nrf/ext/cjson/lib..__nrf__ext__cjson.a(cJSON.c.obj)
                0x00022928                cJSON_CreateArray
 .text.cJSON_CreateObject
                0x00022940       0x18 zephyr/modules/nrf/ext/cjson/lib..__nrf__ext__cjson.a(cJSON.c.obj)
                0x00022940                cJSON_CreateObject
 .text.cJSON_Init
                0x00022958       0x1c zephyr/modules/nrf/ext/cjson/lib..__nrf__ext__cjson.a(cJSON_os.c.obj)
                0x00022958                cJSON_Init
 .text._bsdlib_init
                0x00022974       0x1c zephyr/modules/nrf/lib/bsdlib/lib..__nrf__lib__bsdlib.a(bsdlib.c.obj)
 .text.bsdlib_get_init_ret
                0x00022990        0xc zephyr/modules/nrf/lib/bsdlib/lib..__nrf__lib__bsdlib.a(bsdlib.c.obj)
                0x00022990                bsdlib_get_init_ret
 .text.thread_monitor_entry_get
                0x0002299c       0x44 zephyr/modules/nrf/lib/bsdlib/lib..__nrf__lib__bsdlib.a(bsd_os.c.obj)
 .text.rpc_proxy_irq_handler
                0x000229e0       0x4c zephyr/modules/nrf/lib/bsdlib/lib..__nrf__lib__bsdlib.a(bsd_os.c.obj)
                0x000229e0                rpc_proxy_irq_handler
 .text.bsd_os_timedwait
                0x00022a2c      0x120 zephyr/modules/nrf/lib/bsdlib/lib..__nrf__lib__bsdlib.a(bsd_os.c.obj)
                0x00022a2c                bsd_os_timedwait
 .text.bsd_os_errno_set
                0x00022b4c      0x1d8 zephyr/modules/nrf/lib/bsdlib/lib..__nrf__lib__bsdlib.a(bsd_os.c.obj)
                0x00022b4c                bsd_os_errno_set
 .text.bsd_os_application_irq_set
                0x00022d24       0x10 zephyr/modules/nrf/lib/bsdlib/lib..__nrf__lib__bsdlib.a(bsd_os.c.obj)
                0x00022d24                bsd_os_application_irq_set
 .text.bsd_os_application_irq_clear
                0x00022d34       0x10 zephyr/modules/nrf/lib/bsdlib/lib..__nrf__lib__bsdlib.a(bsd_os.c.obj)
                0x00022d34                bsd_os_application_irq_clear
 .text.bsd_os_trace_irq_set
                0x00022d44       0x10 zephyr/modules/nrf/lib/bsdlib/lib..__nrf__lib__bsdlib.a(bsd_os.c.obj)
                0x00022d44                bsd_os_trace_irq_set
 .text.bsd_os_trace_irq_clear
                0x00022d54       0x10 zephyr/modules/nrf/lib/bsdlib/lib..__nrf__lib__bsdlib.a(bsd_os.c.obj)
                0x00022d54                bsd_os_trace_irq_clear
 .text.bsd_os_init
                0x00022d64       0x2c zephyr/modules/nrf/lib/bsdlib/lib..__nrf__lib__bsdlib.a(bsd_os.c.obj)
                0x00022d64                bsd_os_init
 .text.z_to_nrf_optname
                0x00022d90       0xd0 zephyr/modules/nrf/lib/bsdlib/lib..__nrf__lib__bsdlib.a(nrf91_sockets.c.obj)
 .text.nrf91_socket_iface_init
                0x00022e60       0x18 zephyr/modules/nrf/lib/bsdlib/lib..__nrf__lib__bsdlib.a(nrf91_sockets.c.obj)
 .text.dk_set_leds_state.part.0
                0x00022e78       0x80 zephyr/modules/nrf/lib/dk_buttons_and_leds/lib..__nrf__lib__dk_buttons_and_leds.a(dk_buttons_and_leds.c.obj)
 .text.button_pressed
                0x00022ef8      0x124 zephyr/modules/nrf/lib/dk_buttons_and_leds/lib..__nrf__lib__dk_buttons_and_leds.a(dk_buttons_and_leds.c.obj)
 .text.buttons_scan_fn
                0x0002301c      0x1ec zephyr/modules/nrf/lib/dk_buttons_and_leds/lib..__nrf__lib__dk_buttons_and_leds.a(dk_buttons_and_leds.c.obj)
 .text.dk_leds_init
                0x00023208       0xa0 zephyr/modules/nrf/lib/dk_buttons_and_leds/lib..__nrf__lib__dk_buttons_and_leds.a(dk_buttons_and_leds.c.obj)
                0x00023208                dk_leds_init
 .text.dk_read_buttons
                0x000232a8       0x20 zephyr/modules/nrf/lib/dk_buttons_and_leds/lib..__nrf__lib__dk_buttons_and_leds.a(dk_buttons_and_leds.c.obj)
                0x000232a8                dk_read_buttons
 .text.dk_buttons_init
                0x000232c8      0x1f0 zephyr/modules/nrf/lib/dk_buttons_and_leds/lib..__nrf__lib__dk_buttons_and_leds.a(dk_buttons_and_leds.c.obj)
                0x000232c8                dk_buttons_init
 .text.dk_get_buttons
                0x000234b8        0xc zephyr/modules/nrf/lib/dk_buttons_and_leds/lib..__nrf__lib__dk_buttons_and_leds.a(dk_buttons_and_leds.c.obj)
                0x000234b8                dk_get_buttons
 .text.find_node
                0x000234c4       0x30 zephyr/modules/nrf/lib/at_notif/lib..__nrf__lib__at_notif.a(at_notif.c.obj)
 .text.module_init
                0x000234f4       0x1c zephyr/modules/nrf/lib/at_notif/lib..__nrf__lib__at_notif.a(at_notif.c.obj)
 .text.notif_dispatch
                0x00023510       0x38 zephyr/modules/nrf/lib/at_notif/lib..__nrf__lib__at_notif.a(at_notif.c.obj)
 .text.at_notif_register_handler
                0x00023548       0x70 zephyr/modules/nrf/lib/at_notif/lib..__nrf__lib__at_notif.a(at_notif.c.obj)
                0x00023548                at_notif_register_handler
 .text.at_notif_deregister_handler
                0x000235b8       0x74 zephyr/modules/nrf/lib/at_notif/lib..__nrf__lib__at_notif.a(at_notif.c.obj)
                0x000235b8                at_notif_deregister_handler
 .text.write_uart_string
                0x0002362c       0x1c zephyr/modules/nrf/lib/at_host/lib..__nrf__lib__at_host.a(at_host.c.obj)
 .text.cmd_send
                0x00023648       0xa8 zephyr/modules/nrf/lib/at_host/lib..__nrf__lib__at_host.a(at_host.c.obj)
 .text.isr      0x000236f0      0x15c zephyr/modules/nrf/lib/at_host/lib..__nrf__lib__at_host.a(at_host.c.obj)
 .text.at_host_init
                0x0002384c      0x15c zephyr/modules/nrf/lib/at_host/lib..__nrf__lib__at_host.a(at_host.c.obj)
 .text.at_parse_detect_type
                0x000239a8      0x110 zephyr/modules/nrf/lib/at_cmd_parser/lib..__nrf__lib__at_cmd_parser.a(at_cmd_parser.c.obj)
 .text.at_parse_process_element
                0x00023ab8      0x16c zephyr/modules/nrf/lib/at_cmd_parser/lib..__nrf__lib__at_cmd_parser.a(at_cmd_parser.c.obj)
 .text.at_parser_max_params_from_str
                0x00023c24      0x12c zephyr/modules/nrf/lib/at_cmd_parser/lib..__nrf__lib__at_cmd_parser.a(at_cmd_parser.c.obj)
                0x00023c24                at_parser_max_params_from_str
 .text.at_params_get
                0x00023d50       0x44 zephyr/modules/nrf/lib/at_cmd_parser/lib..__nrf__lib__at_cmd_parser.a(at_params.c.obj)
 .text.at_param_size
                0x00023d94       0x50 zephyr/modules/nrf/lib/at_cmd_parser/lib..__nrf__lib__at_cmd_parser.a(at_params.c.obj)
 .text.at_param_clear
                0x00023de4       0x44 zephyr/modules/nrf/lib/at_cmd_parser/lib..__nrf__lib__at_cmd_parser.a(at_params.c.obj)
 .text.at_params_list_clear
                0x00023e28       0x70 zephyr/modules/nrf/lib/at_cmd_parser/lib..__nrf__lib__at_cmd_parser.a(at_params.c.obj)
                0x00023e28                at_params_list_clear
 .text.modem_info_parse.isra.0
                0x00023e98       0x2c zephyr/modules/nrf/lib/modem_info/lib..__nrf__lib__modem_info.a(modem_info.c.obj)
 .text.modem_info_rsrp_subscribe_handler
                0x00023ec4       0xa0 zephyr/modules/nrf/lib/modem_info/lib..__nrf__lib__modem_info.a(modem_info.c.obj)
 .text.modem_info_type_get
                0x00023f64       0x14 zephyr/modules/nrf/lib/modem_info/lib..__nrf__lib__modem_info.a(modem_info.c.obj)
                0x00023f64                modem_info_type_get
 .text.modem_info_name_get
                0x00023f78       0x30 zephyr/modules/nrf/lib/modem_info/lib..__nrf__lib__modem_info.a(modem_info.c.obj)
                0x00023f78                modem_info_name_get
 .text.modem_info_short_get
                0x00023fa8       0x64 zephyr/modules/nrf/lib/modem_info/lib..__nrf__lib__modem_info.a(modem_info.c.obj)
                0x00023fa8                modem_info_short_get
 .text.modem_info_string_get
                0x0002400c      0x124 zephyr/modules/nrf/lib/modem_info/lib..__nrf__lib__modem_info.a(modem_info.c.obj)
                0x0002400c                modem_info_string_get
 .text.modem_info_rsrp_register
                0x00024130       0x68 zephyr/modules/nrf/lib/modem_info/lib..__nrf__lib__modem_info.a(modem_info.c.obj)
                0x00024130                modem_info_rsrp_register
 .text.modem_info_init
                0x00024198        0xc zephyr/modules/nrf/lib/modem_info/lib..__nrf__lib__modem_info.a(modem_info.c.obj)
                0x00024198                modem_info_init
 .text.modem_data_get
                0x000241a4       0x94 zephyr/modules/nrf/lib/modem_info/lib..__nrf__lib__modem_info.a(modem_info_params.c.obj)
 .text.modem_info_params_init
                0x00024238       0xa0 zephyr/modules/nrf/lib/modem_info/lib..__nrf__lib__modem_info.a(modem_info_params.c.obj)
                0x00024238                modem_info_params_init
 .text.modem_info_params_get
                0x000242d8      0x1a8 zephyr/modules/nrf/lib/modem_info/lib..__nrf__lib__modem_info.a(modem_info_params.c.obj)
                0x000242d8                modem_info_params_get
 .text.network_data_add
                0x00024480       0xf4 zephyr/modules/nrf/lib/modem_info/lib..__nrf__lib__modem_info.a(modem_info_json.c.obj)
 .text.device_data_add
                0x00024574       0x68 zephyr/modules/nrf/lib/modem_info/lib..__nrf__lib__modem_info.a(modem_info_json.c.obj)
 .text.modem_info_json_object_encode
                0x000245dc       0xc0 zephyr/modules/nrf/lib/modem_info/lib..__nrf__lib__modem_info.a(modem_info_json.c.obj)
                0x000245dc                modem_info_json_object_encode
 .text.cloud_get_binding
                0x0002469c       0x34 zephyr/modules/nrf/subsys/net/lib/cloud/lib..__nrf__subsys__net__lib__cloud.a(cloud.c.obj)
                0x0002469c                cloud_get_binding
 .text.uninit   0x000246d0       0x34 zephyr/modules/nrf/subsys/net/lib/nrf_cloud/lib..__nrf__subsys__net__lib__nrf_cloud.a(nrf_cloud.c.obj)
 .text.event_handler
                0x00024704      0x218 zephyr/modules/nrf/subsys/net/lib/nrf_cloud/lib..__nrf__subsys__net__lib__nrf_cloud.a(nrf_cloud.c.obj)
 .text.nfsm_get_current_state
                0x0002491c        0xc zephyr/modules/nrf/subsys/net/lib/nrf_cloud/lib..__nrf__subsys__net__lib__nrf_cloud.a(nrf_cloud.c.obj)
                0x0002491c                nfsm_get_current_state
 .text.nfsm_set_current_state_and_notify
                0x00024928       0x58 zephyr/modules/nrf/subsys/net/lib/nrf_cloud/lib..__nrf__subsys__net__lib__nrf_cloud.a(nrf_cloud.c.obj)
                0x00024928                nfsm_set_current_state_and_notify
 .text.nrf_cloud_init
                0x00024980       0x40 zephyr/modules/nrf/subsys/net/lib/nrf_cloud/lib..__nrf__subsys__net__lib__nrf_cloud.a(nrf_cloud.c.obj)
                0x00024980                nrf_cloud_init
 .text.init     0x000249c0       0x28 zephyr/modules/nrf/subsys/net/lib/nrf_cloud/lib..__nrf__subsys__net__lib__nrf_cloud.a(nrf_cloud.c.obj)
 .text.nrf_cloud_connect
                0x000249e8       0x18 zephyr/modules/nrf/subsys/net/lib/nrf_cloud/lib..__nrf__subsys__net__lib__nrf_cloud.a(nrf_cloud.c.obj)
                0x000249e8                nrf_cloud_connect
 .text.nrf_cloud_disconnect
                0x00024a00       0x18 zephyr/modules/nrf/subsys/net/lib/nrf_cloud/lib..__nrf__subsys__net__lib__nrf_cloud.a(nrf_cloud.c.obj)
                0x00024a00                nrf_cloud_disconnect
 .text.nrf_cloud_user_associate
                0x00024a18       0x54 zephyr/modules/nrf/subsys/net/lib/nrf_cloud/lib..__nrf__subsys__net__lib__nrf_cloud.a(nrf_cloud.c.obj)
                0x00024a18                nrf_cloud_user_associate
 .text.send     0x00024a6c      0x124 zephyr/modules/nrf/subsys/net/lib/nrf_cloud/lib..__nrf__subsys__net__lib__nrf_cloud.a(nrf_cloud.c.obj)
 .text.nct_input
                0x00024b90        0xc zephyr/modules/nrf/subsys/net/lib/nrf_cloud/lib..__nrf__subsys__net__lib__nrf_cloud.a(nrf_cloud.c.obj)
                0x00024b90                nct_input
 .text.nct_apply_update
                0x00024b9c       0x10 zephyr/modules/nrf/subsys/net/lib/nrf_cloud/lib..__nrf__subsys__net__lib__nrf_cloud.a(nrf_cloud.c.obj)
                0x00024b9c                nct_apply_update
 .text.encode_ua_button_sequence
                0x00024bac       0x88 zephyr/modules/nrf/subsys/net/lib/nrf_cloud/lib..__nrf__subsys__net__lib__nrf_cloud.a(nrf_cloud_codec.c.obj)
 .text.nrf_cloud_encode_ua
                0x00024c34      0x1c0 zephyr/modules/nrf/subsys/net/lib/nrf_cloud/lib..__nrf__subsys__net__lib__nrf_cloud.a(nrf_cloud_codec.c.obj)
                0x00024c34                nrf_cloud_encode_ua
 .text.nrf_cloud_decode_requested_state
                0x00024df4      0x1c0 zephyr/modules/nrf/subsys/net/lib/nrf_cloud/lib..__nrf__subsys__net__lib__nrf_cloud.a(nrf_cloud_codec.c.obj)
                0x00024df4                nrf_cloud_decode_requested_state
 .text.nrf_cloud_encode_state
                0x00024fb4      0x2b8 zephyr/modules/nrf/subsys/net/lib/nrf_cloud/lib..__nrf__subsys__net__lib__nrf_cloud.a(nrf_cloud_codec.c.obj)
                0x00024fb4                nrf_cloud_encode_state
 .text.nrf_cloud_decode_data_endpoint
                0x0002526c      0x188 zephyr/modules/nrf/subsys/net/lib/nrf_cloud/lib..__nrf__subsys__net__lib__nrf_cloud.a(nrf_cloud_codec.c.obj)
                0x0002526c                nrf_cloud_decode_data_endpoint
 .text.drop_event_handler
                0x000253f4       0x3c zephyr/modules/nrf/subsys/net/lib/nrf_cloud/lib..__nrf__subsys__net__lib__nrf_cloud.a(nrf_cloud_fsm.c.obj)
 .text.state_ua_initiate
                0x00025430       0x70 zephyr/modules/nrf/subsys/net/lib/nrf_cloud/lib..__nrf__subsys__net__lib__nrf_cloud.a(nrf_cloud_fsm.c.obj)
 .text.state_ua_pin_wait
                0x000254a0       0xac zephyr/modules/nrf/subsys/net/lib/nrf_cloud/lib..__nrf__subsys__net__lib__nrf_cloud.a(nrf_cloud_fsm.c.obj)
 .text.initiate_cmd_handler
                0x0002554c       0x60 zephyr/modules/nrf/subsys/net/lib/nrf_cloud/lib..__nrf__subsys__net__lib__nrf_cloud.a(nrf_cloud_fsm.c.obj)
 .text.state_ua_pin_complete
                0x000255ac       0xb0 zephyr/modules/nrf/subsys/net/lib/nrf_cloud/lib..__nrf__subsys__net__lib__nrf_cloud.a(nrf_cloud_fsm.c.obj)
 .text.state_ua_input_wait
                0x0002565c       0x84 zephyr/modules/nrf/subsys/net/lib/nrf_cloud/lib..__nrf__subsys__net__lib__nrf_cloud.a(nrf_cloud_fsm.c.obj)
 .text.state_ua_complete
                0x000256e0       0x84 zephyr/modules/nrf/subsys/net/lib/nrf_cloud/lib..__nrf__subsys__net__lib__nrf_cloud.a(nrf_cloud_fsm.c.obj)
 .text.initiate_n_complete_request_handler
                0x00025764       0xf0 zephyr/modules/nrf/subsys/net/lib/nrf_cloud/lib..__nrf__subsys__net__lib__nrf_cloud.a(nrf_cloud_fsm.c.obj)
 .text.all_ua_request_handler
                0x00025854      0x1a8 zephyr/modules/nrf/subsys/net/lib/nrf_cloud/lib..__nrf__subsys__net__lib__nrf_cloud.a(nrf_cloud_fsm.c.obj)
 .text.cc_connection_handler
                0x000259fc       0x50 zephyr/modules/nrf/subsys/net/lib/nrf_cloud/lib..__nrf__subsys__net__lib__nrf_cloud.a(nrf_cloud_fsm.c.obj)
 .text.initiate_cmd_in_dc_conn_handler
                0x00025a4c       0x68 zephyr/modules/nrf/subsys/net/lib/nrf_cloud/lib..__nrf__subsys__net__lib__nrf_cloud.a(nrf_cloud_fsm.c.obj)
 .text.nfsm_handle_incoming_event
                0x00025ab4       0x80 zephyr/modules/nrf/subsys/net/lib/nrf_cloud/lib..__nrf__subsys__net__lib__nrf_cloud.a(nrf_cloud_fsm.c.obj)
                0x00025ab4                nfsm_handle_incoming_event
 .text.dc_endpoint_reset
                0x00025b34       0x18 zephyr/modules/nrf/subsys/net/lib/nrf_cloud/lib..__nrf__subsys__net__lib__nrf_cloud.a(nrf_cloud_transport.c.obj)
 .text.dc_send  0x00025b4c       0x74 zephyr/modules/nrf/subsys/net/lib/nrf_cloud/lib..__nrf__subsys__net__lib__nrf_cloud.a(nrf_cloud_transport.c.obj)
 .text.dc_endpoint_free
                0x00025bc0       0x30 zephyr/modules/nrf/subsys/net/lib/nrf_cloud/lib..__nrf__subsys__net__lib__nrf_cloud.a(nrf_cloud_transport.c.obj)
 .text.aws_fota_cb_handler
                0x00025bf0       0x6c zephyr/modules/nrf/subsys/net/lib/nrf_cloud/lib..__nrf__subsys__net__lib__nrf_cloud.a(nrf_cloud_transport.c.obj)
 .text.nct_mqtt_evt_handler
                0x00025c5c      0x2e4 zephyr/modules/nrf/subsys/net/lib/nrf_cloud/lib..__nrf__subsys__net__lib__nrf_cloud.a(nrf_cloud_transport.c.obj)
 .text.nct_mqtt_connect
                0x00025f40       0xc4 zephyr/modules/nrf/subsys/net/lib/nrf_cloud/lib..__nrf__subsys__net__lib__nrf_cloud.a(nrf_cloud_transport.c.obj)
                0x00025f40                nct_mqtt_connect
 .text.nct_init
                0x00026004      0x2b8 zephyr/modules/nrf/subsys/net/lib/nrf_cloud/lib..__nrf__subsys__net__lib__nrf_cloud.a(nrf_cloud_transport.c.obj)
                0x00026004                nct_init
 .text.nct_connect
                0x000262bc      0x170 zephyr/modules/nrf/subsys/net/lib/nrf_cloud/lib..__nrf__subsys__net__lib__nrf_cloud.a(nrf_cloud_transport.c.obj)
                0x000262bc                nct_connect
 .text.nct_cc_connect
                0x0002642c       0x58 zephyr/modules/nrf/subsys/net/lib/nrf_cloud/lib..__nrf__subsys__net__lib__nrf_cloud.a(nrf_cloud_transport.c.obj)
                0x0002642c                nct_cc_connect
 .text.nct_cc_send
                0x00026484      0x10c zephyr/modules/nrf/subsys/net/lib/nrf_cloud/lib..__nrf__subsys__net__lib__nrf_cloud.a(nrf_cloud_transport.c.obj)
                0x00026484                nct_cc_send
 .text.nct_dc_endpoint_set
                0x00026590       0x6c zephyr/modules/nrf/subsys/net/lib/nrf_cloud/lib..__nrf__subsys__net__lib__nrf_cloud.a(nrf_cloud_transport.c.obj)
                0x00026590                nct_dc_endpoint_set
 .text.nct_dc_endpoint_get
                0x000265fc       0x68 zephyr/modules/nrf/subsys/net/lib/nrf_cloud/lib..__nrf__subsys__net__lib__nrf_cloud.a(nrf_cloud_transport.c.obj)
                0x000265fc                nct_dc_endpoint_get
 .text.nct_dc_connect
                0x00026664       0x68 zephyr/modules/nrf/subsys/net/lib/nrf_cloud/lib..__nrf__subsys__net__lib__nrf_cloud.a(nrf_cloud_transport.c.obj)
                0x00026664                nct_dc_connect
 .text.nct_dc_disconnect
                0x000266cc       0x58 zephyr/modules/nrf/subsys/net/lib/nrf_cloud/lib..__nrf__subsys__net__lib__nrf_cloud.a(nrf_cloud_transport.c.obj)
                0x000266cc                nct_dc_disconnect
 .text.nct_disconnect
                0x00026724       0x48 zephyr/modules/nrf/subsys/net/lib/nrf_cloud/lib..__nrf__subsys__net__lib__nrf_cloud.a(nrf_cloud_transport.c.obj)
                0x00026724                nct_disconnect
 .text.nct_process
                0x0002676c       0x18 zephyr/modules/nrf/subsys/net/lib/nrf_cloud/lib..__nrf__subsys__net__lib__nrf_cloud.a(nrf_cloud_transport.c.obj)
                0x0002676c                nct_process
 .text.nct_socket_get
                0x00026784        0xc zephyr/modules/nrf/subsys/net/lib/nrf_cloud/lib..__nrf__subsys__net__lib__nrf_cloud.a(nrf_cloud_transport.c.obj)
                0x00026784                nct_socket_get
 .text.fragment_evt_send
                0x00026790       0x8c zephyr/modules/nrf/subsys/net/lib/download_client/lib..__nrf__subsys__net__lib__download_client.a(download_client.c.obj)
 .text.setsockopt
                0x0002681c       0x70 zephyr/modules/nrf/subsys/net/lib/download_client/lib..__nrf__subsys__net__lib__download_client.a(download_client.c.obj)
 .text.close    0x0002688c       0x58 zephyr/modules/nrf/subsys/net/lib/download_client/lib..__nrf__subsys__net__lib__download_client.a(download_client.c.obj)
 .text.get_request_send
                0x000268e4      0x19c zephyr/modules/nrf/subsys/net/lib/download_client/lib..__nrf__subsys__net__lib__download_client.a(download_client.c.obj)
 .text.download_client_init
                0x00026a80       0x54 zephyr/modules/nrf/subsys/net/lib/download_client/lib..__nrf__subsys__net__lib__download_client.a(download_client.c.obj)
                0x00026a80                download_client_init
 .text.download_client_connect
                0x00026ad4      0x384 zephyr/modules/nrf/subsys/net/lib/download_client/lib..__nrf__subsys__net__lib__download_client.a(download_client.c.obj)
                0x00026ad4                download_client_connect
 .text.download_client_disconnect
                0x00026e58       0x60 zephyr/modules/nrf/subsys/net/lib/download_client/lib..__nrf__subsys__net__lib__download_client.a(download_client.c.obj)
                0x00026e58                download_client_disconnect
 .text.reconnect
                0x00026eb8       0x50 zephyr/modules/nrf/subsys/net/lib/download_client/lib..__nrf__subsys__net__lib__download_client.a(download_client.c.obj)
 .text.download_thread
                0x00026f08      0x3fc zephyr/modules/nrf/subsys/net/lib/download_client/lib..__nrf__subsys__net__lib__download_client.a(download_client.c.obj)
                0x00026f08                download_thread
 .text.download_client_start
                0x00027304       0x84 zephyr/modules/nrf/subsys/net/lib/download_client/lib..__nrf__subsys__net__lib__download_client.a(download_client.c.obj)
                0x00027304                download_client_start
 .text.download_with_offset
                0x00027388       0x78 zephyr/modules/nrf/subsys/net/lib/fota_download/lib..__nrf__subsys__net__lib__fota_download.a(fota_download.c.obj)
 .text.download_client_callback
                0x00027400      0x228 zephyr/modules/nrf/subsys/net/lib/fota_download/lib..__nrf__subsys__net__lib__fota_download.a(fota_download.c.obj)
 .text.fota_download_start
                0x00027628       0x58 zephyr/modules/nrf/subsys/net/lib/fota_download/lib..__nrf__subsys__net__lib__fota_download.a(fota_download.c.obj)
                0x00027628                fota_download_start
 .text.fota_download_init
                0x00027680       0x38 zephyr/modules/nrf/subsys/net/lib/fota_download/lib..__nrf__subsys__net__lib__fota_download.a(fota_download.c.obj)
                0x00027680                fota_download_init
 .text.construct_topic
                0x000276b8       0xf8 zephyr/modules/nrf/subsys/net/lib/aws_jobs/lib..__nrf__subsys__net__lib__aws_jobs.a(aws_jobs.c.obj)
 .text.reg_topic
                0x000277b0       0xb0 zephyr/modules/nrf/subsys/net/lib/aws_jobs/lib..__nrf__subsys__net__lib__aws_jobs.a(aws_jobs.c.obj)
 .text.publish  0x00027860       0xbc zephyr/modules/nrf/subsys/net/lib/aws_jobs/lib..__nrf__subsys__net__lib__aws_jobs.a(aws_jobs.c.obj)
 .text.aws_jobs_subscribe_topic_notify_next
                0x0002791c       0x1c zephyr/modules/nrf/subsys/net/lib/aws_jobs/lib..__nrf__subsys__net__lib__aws_jobs.a(aws_jobs.c.obj)
                0x0002791c                aws_jobs_subscribe_topic_notify_next
 .text.aws_jobs_unsubscribe_topic_notify_next
                0x00027938       0x1c zephyr/modules/nrf/subsys/net/lib/aws_jobs/lib..__nrf__subsys__net__lib__aws_jobs.a(aws_jobs.c.obj)
                0x00027938                aws_jobs_unsubscribe_topic_notify_next
 .text.aws_jobs_subscribe_topic_get
                0x00027954       0x1c zephyr/modules/nrf/subsys/net/lib/aws_jobs/lib..__nrf__subsys__net__lib__aws_jobs.a(aws_jobs.c.obj)
                0x00027954                aws_jobs_subscribe_topic_get
 .text.aws_jobs_subscribe_topic_update
                0x00027970       0x1c zephyr/modules/nrf/subsys/net/lib/aws_jobs/lib..__nrf__subsys__net__lib__aws_jobs.a(aws_jobs.c.obj)
                0x00027970                aws_jobs_subscribe_topic_update
 .text.aws_jobs_update_job_execution
                0x0002798c       0xcc zephyr/modules/nrf/subsys/net/lib/aws_jobs/lib..__nrf__subsys__net__lib__aws_jobs.a(aws_jobs.c.obj)
                0x0002798c                aws_jobs_update_job_execution
 .text.aws_jobs_get_job_execution
                0x00027a58       0x2c zephyr/modules/nrf/subsys/net/lib/aws_jobs/lib..__nrf__subsys__net__lib__aws_jobs.a(aws_jobs.c.obj)
                0x00027a58                aws_jobs_get_job_execution
 .text.update_job_execution.constprop.0
                0x00027a84       0xd4 zephyr/modules/nrf/subsys/net/lib/aws_fota/lib..__nrf__subsys__net__lib__aws_fota.a(aws_fota.c.obj)
 .text.http_fota_handler
                0x00027b58       0xc8 zephyr/modules/nrf/subsys/net/lib/aws_fota/lib..__nrf__subsys__net__lib__aws_fota.a(aws_fota.c.obj)
 .text.get_published_payload.constprop.1
                0x00027c20       0x40 zephyr/modules/nrf/subsys/net/lib/aws_fota/lib..__nrf__subsys__net__lib__aws_fota.a(aws_fota.c.obj)
 .text.aws_fota_mqtt_evt_handler
                0x00027c60      0x4f4 zephyr/modules/nrf/subsys/net/lib/aws_fota/lib..__nrf__subsys__net__lib__aws_fota.a(aws_fota.c.obj)
                0x00027c60                aws_fota_mqtt_evt_handler
 .text.aws_fota_init
                0x00028154       0x84 zephyr/modules/nrf/subsys/net/lib/aws_fota/lib..__nrf__subsys__net__lib__aws_fota.a(aws_fota.c.obj)
                0x00028154                aws_fota_init
 .text.aws_fota_parse_notify_next_document
                0x000281d8       0x48 zephyr/modules/nrf/subsys/net/lib/aws_fota/lib..__nrf__subsys__net__lib__aws_fota.a(aws_fota_json.c.obj)
                0x000281d8                aws_fota_parse_notify_next_document
 .text.dfu_target_img_type
                0x00028220       0x5c zephyr/modules/nrf/subsys/dfu/lib..__nrf__subsys__dfu.a(dfu_target.c.obj)
                0x00028220                dfu_target_img_type
 .text.dfu_target_init
                0x0002827c       0x68 zephyr/modules/nrf/subsys/dfu/lib..__nrf__subsys__dfu.a(dfu_target.c.obj)
                0x0002827c                dfu_target_init
 .text.dfu_target_offset_get
                0x000282e4       0x14 zephyr/modules/nrf/subsys/dfu/lib..__nrf__subsys__dfu.a(dfu_target.c.obj)
                0x000282e4                dfu_target_offset_get
 .text.dfu_target_write
                0x000282f8       0x18 zephyr/modules/nrf/subsys/dfu/lib..__nrf__subsys__dfu.a(dfu_target.c.obj)
                0x000282f8                dfu_target_write
 .text.dfu_target_done
                0x00028310       0x54 zephyr/modules/nrf/subsys/dfu/lib..__nrf__subsys__dfu.a(dfu_target.c.obj)
                0x00028310                dfu_target_done
 .text.getsockopt.constprop.2
                0x00028364       0x70 zephyr/modules/nrf/subsys/dfu/lib..__nrf__subsys__dfu.a(dfu_target_modem.c.obj)
 .text.get_modem_error
                0x000283d4       0x5c zephyr/modules/nrf/subsys/dfu/lib..__nrf__subsys__dfu.a(dfu_target_modem.c.obj)
 .text.setsockopt.constprop.3
                0x00028430       0x70 zephyr/modules/nrf/subsys/dfu/lib..__nrf__subsys__dfu.a(dfu_target_modem.c.obj)
 .text.delete_banked_modem_fw
                0x000284a0       0xf0 zephyr/modules/nrf/subsys/dfu/lib..__nrf__subsys__dfu.a(dfu_target_modem.c.obj)
 .text.dfu_target_modem_identify
                0x00028590       0x10 zephyr/modules/nrf/subsys/dfu/lib..__nrf__subsys__dfu.a(dfu_target_modem.c.obj)
                0x00028590                dfu_target_modem_identify
 .text.dfu_target_modem_init
                0x000285a0      0x1f8 zephyr/modules/nrf/subsys/dfu/lib..__nrf__subsys__dfu.a(dfu_target_modem.c.obj)
                0x000285a0                dfu_target_modem_init
 .text.dfu_target_modem_offset_get
                0x00028798       0x10 zephyr/modules/nrf/subsys/dfu/lib..__nrf__subsys__dfu.a(dfu_target_modem.c.obj)
                0x00028798                dfu_target_modem_offset_get
 .text.dfu_target_modem_write
                0x000287a8       0xe4 zephyr/modules/nrf/subsys/dfu/lib..__nrf__subsys__dfu.a(dfu_target_modem.c.obj)
                0x000287a8                dfu_target_modem_write
 .text.dfu_target_modem_done
                0x0002888c      0x128 zephyr/modules/nrf/subsys/dfu/lib..__nrf__subsys__dfu.a(dfu_target_modem.c.obj)
                0x0002888c                dfu_target_modem_done
 .text.dfu_target_mcuboot_identify
                0x000289b4       0x10 zephyr/modules/nrf/subsys/dfu/lib..__nrf__subsys__dfu.a(dfu_target_mcuboot.c.obj)
                0x000289b4                dfu_target_mcuboot_identify
 .text.dfu_target_mcuboot_init
                0x000289c4       0x80 zephyr/modules/nrf/subsys/dfu/lib..__nrf__subsys__dfu.a(dfu_target_mcuboot.c.obj)
                0x000289c4                dfu_target_mcuboot_init
 .text.dfu_target_mcuboot_offset_get
                0x00028a44       0x10 zephyr/modules/nrf/subsys/dfu/lib..__nrf__subsys__dfu.a(dfu_target_mcuboot.c.obj)
                0x00028a44                dfu_target_mcuboot_offset_get
 .text.dfu_target_mcuboot_write
                0x00028a54       0x58 zephyr/modules/nrf/subsys/dfu/lib..__nrf__subsys__dfu.a(dfu_target_mcuboot.c.obj)
                0x00028a54                dfu_target_mcuboot_write
 .text.dfu_target_mcuboot_done
                0x00028aac       0xa8 zephyr/modules/nrf/subsys/dfu/lib..__nrf__subsys__dfu.a(dfu_target_mcuboot.c.obj)
                0x00028aac                dfu_target_mcuboot_done
 .text.abi_getter
                0x00028b54       0x4c zephyr/modules/nrf/subsys/fw_info/lib..__nrf__subsys__fw_info.a(fw_info.c.obj)
                0x00028b54                abi_getter
 .text.close    0x00028ba0       0x58 zephyr/modules/nrf/drivers/at_cmd/lib..__nrf__drivers__at_cmd.a(at_cmd.c.obj)
 .text.callback_worker
                0x00028bf8       0x20 zephyr/modules/nrf/drivers/at_cmd/lib..__nrf__drivers__at_cmd.a(at_cmd.c.obj)
 .text.open_socket
                0x00028c18       0x74 zephyr/modules/nrf/drivers/at_cmd/lib..__nrf__drivers__at_cmd.a(at_cmd.c.obj)
 .text.at_write
                0x00028c8c      0x104 zephyr/modules/nrf/drivers/at_cmd/lib..__nrf__drivers__at_cmd.a(at_cmd.c.obj)
 .text.socket_thread_fn
                0x00028d90      0x2d8 zephyr/modules/nrf/drivers/at_cmd/lib..__nrf__drivers__at_cmd.a(at_cmd.c.obj)
 .text.at_cmd_driver_init
                0x00029068       0x6c zephyr/modules/nrf/drivers/at_cmd/lib..__nrf__drivers__at_cmd.a(at_cmd.c.obj)
 .text.at_cmd_write
                0x000290d4       0x44 zephyr/modules/nrf/drivers/at_cmd/lib..__nrf__drivers__at_cmd.a(at_cmd.c.obj)
                0x000290d4                at_cmd_write
 .text.at_cmd_set_notification_handler
                0x00029118       0x58 zephyr/modules/nrf/drivers/at_cmd/lib..__nrf__drivers__at_cmd.a(at_cmd.c.obj)
                0x00029118                at_cmd_set_notification_handler
 .text.w_lte_lc_init
                0x00029170       0x1c zephyr/modules/nrf/drivers/lte_link_control/lib..__nrf__drivers__lte_link_control.a(lte_lc.c.obj)
 .text.parse_nw_reg_status
                0x0002918c      0x180 zephyr/modules/nrf/drivers/lte_link_control/lib..__nrf__drivers__lte_link_control.a(lte_lc.c.obj)
 .text.at_handler
                0x0002930c       0xa4 zephyr/modules/nrf/drivers/lte_link_control/lib..__nrf__drivers__lte_link_control.a(lte_lc.c.obj)
                0x0002930c                at_handler
 .text.w_lte_lc_connect
                0x000293b0      0x14c zephyr/modules/nrf/drivers/lte_link_control/lib..__nrf__drivers__lte_link_control.a(lte_lc.c.obj)
 .text.lte_lc_power_off
                0x000294fc       0x1c zephyr/modules/nrf/drivers/lte_link_control/lib..__nrf__drivers__lte_link_control.a(lte_lc.c.obj)
                0x000294fc                lte_lc_power_off
 .text.lte_lc_psm_req
                0x00029518       0x2c zephyr/modules/nrf/drivers/lte_link_control/lib..__nrf__drivers__lte_link_control.a(lte_lc.c.obj)
                0x00029518                lte_lc_psm_req
 .text.sensor_sim_channel_get
                0x00029544       0x80 zephyr/modules/nrf/drivers/sensor/sensor_sim/lib..__nrf__drivers__sensor__sensor_sim.a(sensor_sim.c.obj)
 .text.sensor_sim_trigger_set
                0x000295c4       0x48 zephyr/modules/nrf/drivers/sensor/sensor_sim/lib..__nrf__drivers__sensor__sensor_sim.a(sensor_sim.c.obj)
 .text.generate_sine.constprop.2
                0x0002960c       0x3c zephyr/modules/nrf/drivers/sensor/sensor_sim/lib..__nrf__drivers__sensor__sensor_sim.a(sensor_sim.c.obj)
 .text.sensor_sim_init
                0x00029648       0x3c zephyr/modules/nrf/drivers/sensor/sensor_sim/lib..__nrf__drivers__sensor__sensor_sim.a(sensor_sim.c.obj)
 .text.start    0x00029684      0x468 zephyr/modules/nrf/drivers/nrf9160_gps/lib..__nrf__drivers__nrf9160_gps.a(nrf9160_gps.c.obj)
 .text.channel_get
                0x00029aec       0x44 zephyr/modules/nrf/drivers/nrf9160_gps/lib..__nrf__drivers__nrf9160_gps.a(nrf9160_gps.c.obj)
 .text.trigger_set
                0x00029b30       0x60 zephyr/modules/nrf/drivers/nrf9160_gps/lib..__nrf__drivers__nrf9160_gps.a(nrf9160_gps.c.obj)
 .text.gps_thread
                0x00029b90      0x3cc zephyr/modules/nrf/drivers/nrf9160_gps/lib..__nrf__drivers__nrf9160_gps.a(nrf9160_gps.c.obj)
 .text.stop     0x00029f5c       0x80 zephyr/modules/nrf/drivers/nrf9160_gps/lib..__nrf__drivers__nrf9160_gps.a(nrf9160_gps.c.obj)
 .text.init     0x00029fdc      0x130 zephyr/modules/nrf/drivers/nrf9160_gps/lib..__nrf__drivers__nrf9160_gps.a(nrf9160_gps.c.obj)
 .text.ip_client_event_handler
                0x0002a10c        0xc D:/software/nrf9160/ncs/nrfxlib/bsdlib/lib/cortex-m33/hard-float/libbsd_nrf9160_xxaa.a(obfuscated.elf)
 .text.rpc_ip_client_init
                0x0002a118        0xc D:/software/nrf9160/ncs/nrfxlib/bsdlib/lib/cortex-m33/hard-float/libbsd_nrf9160_xxaa.a(obfuscated.elf)
                0x0002a118                rpc_ip_client_init
 .text.rpc_ip_client_request_alloc
                0x0002a124       0x28 D:/software/nrf9160/ncs/nrfxlib/bsdlib/lib/cortex-m33/hard-float/libbsd_nrf9160_xxaa.a(obfuscated.elf)
                0x0002a124                rpc_ip_client_request_alloc
 .text.rpc_ip_client_request_send
                0x0002a14c       0x2c D:/software/nrf9160/ncs/nrfxlib/bsdlib/lib/cortex-m33/hard-float/libbsd_nrf9160_xxaa.a(obfuscated.elf)
                0x0002a14c                rpc_ip_client_request_send
 .text.rpc_ip_client_message_free
                0x0002a178       0x10 D:/software/nrf9160/ncs/nrfxlib/bsdlib/lib/cortex-m33/hard-float/libbsd_nrf9160_xxaa.a(obfuscated.elf)
                0x0002a178                rpc_ip_client_message_free
 .text.rpc_ip_client_data_free
                0x0002a188       0x10 D:/software/nrf9160/ncs/nrfxlib/bsdlib/lib/cortex-m33/hard-float/libbsd_nrf9160_xxaa.a(obfuscated.elf)
                0x0002a188                rpc_ip_client_data_free
 .text.mbedtls_asn1_write_len.part.0
                0x0002a198       0xc0 D:/software/nrf9160/ncs/nrfxlib/bsdlib/lib/cortex-m33/hard-float/libbsd_nrf9160_xxaa.a(obfuscated.elf)
 .text.mbedtls_asn1_write_len
                0x0002a258       0xf4 D:/software/nrf9160/ncs/nrfxlib/bsdlib/lib/cortex-m33/hard-float/libbsd_nrf9160_xxaa.a(obfuscated.elf)
                0x0002a258                symbol_000646e
 .text.mbedtls_asn1_write_tag
                0x0002a34c       0x1c D:/software/nrf9160/ncs/nrfxlib/bsdlib/lib/cortex-m33/hard-float/libbsd_nrf9160_xxaa.a(obfuscated.elf)
                0x0002a34c                symbol_00036c0
 .text.mbedtls_asn1_write_oid
                0x0002a368       0x90 D:/software/nrf9160/ncs/nrfxlib/bsdlib/lib/cortex-m33/hard-float/libbsd_nrf9160_xxaa.a(obfuscated.elf)
                0x0002a368                symbol_0008475
 .text.mbedtls_asn1_write_algorithm_identifier
                0x0002a3f8      0x12c D:/software/nrf9160/ncs/nrfxlib/bsdlib/lib/cortex-m33/hard-float/libbsd_nrf9160_xxaa.a(obfuscated.elf)
                0x0002a3f8                symbol_0002662
 .text.mbedtls_pk_write_pubkey_pem
                0x0002a524      0x158 D:/software/nrf9160/ncs/nrfxlib/bsdlib/lib/cortex-m33/hard-float/libbsd_nrf9160_xxaa.a(obfuscated.elf)
                0x0002a524                symbol_0005bf5
 .text.authenticated_atcmd_init
                0x0002a67c      0x104 D:/software/nrf9160/ncs/nrfxlib/bsdlib/lib/cortex-m33/hard-float/libbsd_nrf9160_xxaa.a(obfuscated.elf)
                0x0002a67c                authenticated_atcmd_init
 .text.authenticated_atcmd_shutdown
                0x0002a780        0xc D:/software/nrf9160/ncs/nrfxlib/bsdlib/lib/cortex-m33/hard-float/libbsd_nrf9160_xxaa.a(obfuscated.elf)
                0x0002a780                authenticated_atcmd_shutdown
 .text.gnss_client_event_handler
                0x0002a78c        0xc D:/software/nrf9160/ncs/nrfxlib/bsdlib/lib/cortex-m33/hard-float/libbsd_nrf9160_xxaa.a(obfuscated.elf)
 .text.rpc_gnss_client_init
                0x0002a798        0xc D:/software/nrf9160/ncs/nrfxlib/bsdlib/lib/cortex-m33/hard-float/libbsd_nrf9160_xxaa.a(obfuscated.elf)
                0x0002a798                rpc_gnss_client_init
 .text.rpc_gnss_client_request_alloc
                0x0002a7a4       0x28 D:/software/nrf9160/ncs/nrfxlib/bsdlib/lib/cortex-m33/hard-float/libbsd_nrf9160_xxaa.a(obfuscated.elf)
                0x0002a7a4                rpc_gnss_client_request_alloc
 .text.rpc_gnss_client_request_send
                0x0002a7cc       0x2c D:/software/nrf9160/ncs/nrfxlib/bsdlib/lib/cortex-m33/hard-float/libbsd_nrf9160_xxaa.a(obfuscated.elf)
                0x0002a7cc                rpc_gnss_client_request_send
 .text.rpc_gnss_client_message_free
                0x0002a7f8       0x10 D:/software/nrf9160/ncs/nrfxlib/bsdlib/lib/cortex-m33/hard-float/libbsd_nrf9160_xxaa.a(obfuscated.elf)
                0x0002a7f8                rpc_gnss_client_message_free
 .text.rpc_gnss_client_data_free
                0x0002a808       0x10 D:/software/nrf9160/ncs/nrfxlib/bsdlib/lib/cortex-m33/hard-float/libbsd_nrf9160_xxaa.a(obfuscated.elf)
                0x0002a808                rpc_gnss_client_data_free
 .text.eckey_can_do
                0x0002a818        0xc D:/software/nrf9160/ncs/nrfxlib/bsdlib/lib/cortex-m33/hard-float/libbsd_nrf9160_xxaa.a(obfuscated.elf)
 .text.eckey_get_bitlen
                0x0002a824        0x4 D:/software/nrf9160/ncs/nrfxlib/bsdlib/lib/cortex-m33/hard-float/libbsd_nrf9160_xxaa.a(obfuscated.elf)
 .text.eckey_debug
                0x0002a828       0x14 D:/software/nrf9160/ncs/nrfxlib/bsdlib/lib/cortex-m33/hard-float/libbsd_nrf9160_xxaa.a(obfuscated.elf)
 .text.eckeydh_can_do
                0x0002a83c        0xc D:/software/nrf9160/ncs/nrfxlib/bsdlib/lib/cortex-m33/hard-float/libbsd_nrf9160_xxaa.a(obfuscated.elf)
 .text.eckey_free_wrap
                0x0002a848       0x14 D:/software/nrf9160/ncs/nrfxlib/bsdlib/lib/cortex-m33/hard-float/libbsd_nrf9160_xxaa.a(obfuscated.elf)
 .text.eckey_alloc_wrap
                0x0002a85c       0x18 D:/software/nrf9160/ncs/nrfxlib/bsdlib/lib/cortex-m33/hard-float/libbsd_nrf9160_xxaa.a(obfuscated.elf)
 .text.eckey_check_pair
                0x0002a874        0x4 D:/software/nrf9160/ncs/nrfxlib/bsdlib/lib/cortex-m33/hard-float/libbsd_nrf9160_xxaa.a(obfuscated.elf)
 .text.mbedtls_base64_encode
                0x0002a878      0x120 D:/software/nrf9160/ncs/nrfxlib/bsdlib/lib/cortex-m33/hard-float/libbsd_nrf9160_xxaa.a(obfuscated.elf)
                0x0002a878                symbol_0005c7f
 .text.packet_free_cb
                0x0002a998       0x38 D:/software/nrf9160/ncs/nrfxlib/bsdlib/lib/cortex-m33/hard-float/libbsd_nrf9160_xxaa.a(obfuscated.elf)
 .text.at_interface_write
                0x0002a9d0       0xa8 D:/software/nrf9160/ncs/nrfxlib/bsdlib/lib/cortex-m33/hard-float/libbsd_nrf9160_xxaa.a(obfuscated.elf)
                0x0002a9d0                at_interface_write
 .text.at_interface_init
                0x0002aa78        0x4 D:/software/nrf9160/ncs/nrfxlib/bsdlib/lib/cortex-m33/hard-float/libbsd_nrf9160_xxaa.a(obfuscated.elf)
                0x0002aa78                at_interface_init
 .text.at_interface_open
                0x0002aa7c       0x94 D:/software/nrf9160/ncs/nrfxlib/bsdlib/lib/cortex-m33/hard-float/libbsd_nrf9160_xxaa.a(obfuscated.elf)
                0x0002aa7c                at_interface_open
 .text.at_interface_close
                0x0002ab10       0x90 D:/software/nrf9160/ncs/nrfxlib/bsdlib/lib/cortex-m33/hard-float/libbsd_nrf9160_xxaa.a(obfuscated.elf)
                0x0002ab10                at_interface_close
 .text.at_interface_read
                0x0002aba0       0xb8 D:/software/nrf9160/ncs/nrfxlib/bsdlib/lib/cortex-m33/hard-float/libbsd_nrf9160_xxaa.a(obfuscated.elf)
                0x0002aba0                at_interface_read
 .text.at_interface_getopt
                0x0002ac58        0x4 D:/software/nrf9160/ncs/nrfxlib/bsdlib/lib/cortex-m33/hard-float/libbsd_nrf9160_xxaa.a(obfuscated.elf)
                0x0002ac58                at_interface_getopt
 .text.at_interface_setopt
                0x0002ac5c        0x4 D:/software/nrf9160/ncs/nrfxlib/bsdlib/lib/cortex-m33/hard-float/libbsd_nrf9160_xxaa.a(obfuscated.elf)
                0x0002ac5c                at_interface_setopt
 .text.rpc_at_event_handler
                0x0002ac60       0xa4 D:/software/nrf9160/ncs/nrfxlib/bsdlib/lib/cortex-m33/hard-float/libbsd_nrf9160_xxaa.a(obfuscated.elf)
                0x0002ac60                rpc_at_event_handler
 .text.at_client_evt_handler
                0x0002ad04       0x10 D:/software/nrf9160/ncs/nrfxlib/bsdlib/lib/cortex-m33/hard-float/libbsd_nrf9160_xxaa.a(obfuscated.elf)
 .text.rpc_at_client_init
                0x0002ad14        0xc D:/software/nrf9160/ncs/nrfxlib/bsdlib/lib/cortex-m33/hard-float/libbsd_nrf9160_xxaa.a(obfuscated.elf)
                0x0002ad14                rpc_at_client_init
 .text.rpc_at_client_request_alloc
                0x0002ad20       0x28 D:/software/nrf9160/ncs/nrfxlib/bsdlib/lib/cortex-m33/hard-float/libbsd_nrf9160_xxaa.a(obfuscated.elf)
                0x0002ad20                rpc_at_client_request_alloc
 .text.rpc_at_client_request_send
                0x0002ad48       0x1c D:/software/nrf9160/ncs/nrfxlib/bsdlib/lib/cortex-m33/hard-float/libbsd_nrf9160_xxaa.a(obfuscated.elf)
                0x0002ad48                rpc_at_client_request_send
 .text.rpc_at_client_message_free
                0x0002ad64       0x10 D:/software/nrf9160/ncs/nrfxlib/bsdlib/lib/cortex-m33/hard-float/libbsd_nrf9160_xxaa.a(obfuscated.elf)
                0x0002ad64                rpc_at_client_message_free
 .text.rpc_at_client_data_free
                0x0002ad74       0x10 D:/software/nrf9160/ncs/nrfxlib/bsdlib/lib/cortex-m33/hard-float/libbsd_nrf9160_xxaa.a(obfuscated.elf)
                0x0002ad74                rpc_at_client_data_free
 .text.logobj_event_handler
                0x0002ad84       0xfc D:/software/nrf9160/ncs/nrfxlib/bsdlib/lib/cortex-m33/hard-float/libbsd_nrf9160_xxaa.a(obfuscated.elf)
                0x0002ad84                logobj_event_handler
 .text.logobj_interface_init
                0x0002ae80       0x34 D:/software/nrf9160/ncs/nrfxlib/bsdlib/lib/cortex-m33/hard-float/libbsd_nrf9160_xxaa.a(obfuscated.elf)
                0x0002ae80                logobj_interface_init
 .text.logobj_interface_open
                0x0002aeb4      0x150 D:/software/nrf9160/ncs/nrfxlib/bsdlib/lib/cortex-m33/hard-float/libbsd_nrf9160_xxaa.a(obfuscated.elf)
                0x0002aeb4                logobj_interface_open
 .text.logobj_interface_read
                0x0002b004       0xe0 D:/software/nrf9160/ncs/nrfxlib/bsdlib/lib/cortex-m33/hard-float/libbsd_nrf9160_xxaa.a(obfuscated.elf)
                0x0002b004                logobj_interface_read
 .text.logobj_interface_write
                0x0002b0e4       0xfc D:/software/nrf9160/ncs/nrfxlib/bsdlib/lib/cortex-m33/hard-float/libbsd_nrf9160_xxaa.a(obfuscated.elf)
                0x0002b0e4                logobj_interface_write
 .text.logobj_interface_setopt
                0x0002b1e0      0x19c D:/software/nrf9160/ncs/nrfxlib/bsdlib/lib/cortex-m33/hard-float/libbsd_nrf9160_xxaa.a(obfuscated.elf)
                0x0002b1e0                logobj_interface_setopt
 .text.logobj_interface_getopt
                0x0002b37c       0xa4 D:/software/nrf9160/ncs/nrfxlib/bsdlib/lib/cortex-m33/hard-float/libbsd_nrf9160_xxaa.a(obfuscated.elf)
                0x0002b37c                logobj_interface_getopt
 .text.logobj_interface_close
                0x0002b420       0x2c D:/software/nrf9160/ncs/nrfxlib/bsdlib/lib/cortex-m33/hard-float/libbsd_nrf9160_xxaa.a(obfuscated.elf)
                0x0002b420                logobj_interface_close
 .text.transport_reset
                0x0002b44c        0x4 D:/software/nrf9160/ncs/nrfxlib/bsdlib/lib/cortex-m33/hard-float/libbsd_nrf9160_xxaa.a(obfuscated.elf)
 .text.transport_data_free
                0x0002b450       0x38 D:/software/nrf9160/ncs/nrfxlib/bsdlib/lib/cortex-m33/hard-float/libbsd_nrf9160_xxaa.a(obfuscated.elf)
 .text.rpc_transport_ipc_init
                0x0002b488       0x84 D:/software/nrf9160/ncs/nrfxlib/bsdlib/lib/cortex-m33/hard-float/libbsd_nrf9160_xxaa.a(obfuscated.elf)
                0x0002b488                rpc_transport_ipc_init
 .text.rpc_transport_rx_handle
                0x0002b50c       0x44 D:/software/nrf9160/ncs/nrfxlib/bsdlib/lib/cortex-m33/hard-float/libbsd_nrf9160_xxaa.a(obfuscated.elf)
                0x0002b50c                rpc_transport_rx_handle
 .text.rpc_transport_ipc_fault_handler
                0x0002b550        0x8 D:/software/nrf9160/ncs/nrfxlib/bsdlib/lib/cortex-m33/hard-float/libbsd_nrf9160_xxaa.a(obfuscated.elf)
                0x0002b554                rpc_transport_ipc_fault_handler
 .text.rpc_transport_ipc_shutdown
                0x0002b558       0x18 D:/software/nrf9160/ncs/nrfxlib/bsdlib/lib/cortex-m33/hard-float/libbsd_nrf9160_xxaa.a(obfuscated.elf)
                0x0002b558                rpc_transport_ipc_shutdown
 .text.nrf_socket
                0x0002b570       0x24 D:/software/nrf9160/ncs/nrfxlib/bsdlib/lib/cortex-m33/hard-float/libbsd_nrf9160_xxaa.a(obfuscated.elf)
                0x0002b570                nrf_socket
 .text.nrf_close
                0x0002b594       0x1c D:/software/nrf9160/ncs/nrfxlib/bsdlib/lib/cortex-m33/hard-float/libbsd_nrf9160_xxaa.a(obfuscated.elf)
                0x0002b594                nrf_close
 .text.nrf_sendto
                0x0002b5b0       0x38 D:/software/nrf9160/ncs/nrfxlib/bsdlib/lib/cortex-m33/hard-float/libbsd_nrf9160_xxaa.a(obfuscated.elf)
                0x0002b5b0                nrf_sendto
 .text.nrf_send
                0x0002b5e8       0x34 D:/software/nrf9160/ncs/nrfxlib/bsdlib/lib/cortex-m33/hard-float/libbsd_nrf9160_xxaa.a(obfuscated.elf)
                0x0002b5e8                nrf_send
 .text.nrf_write
                0x0002b61c       0x2c D:/software/nrf9160/ncs/nrfxlib/bsdlib/lib/cortex-m33/hard-float/libbsd_nrf9160_xxaa.a(obfuscated.elf)
                0x0002b61c                nrf_write
 .text.nrf_recvfrom
                0x0002b648       0x38 D:/software/nrf9160/ncs/nrfxlib/bsdlib/lib/cortex-m33/hard-float/libbsd_nrf9160_xxaa.a(obfuscated.elf)
                0x0002b648                nrf_recvfrom
 .text.nrf_recv
                0x0002b680       0x34 D:/software/nrf9160/ncs/nrfxlib/bsdlib/lib/cortex-m33/hard-float/libbsd_nrf9160_xxaa.a(obfuscated.elf)
                0x0002b680                nrf_recv
 .text.nrf_read
                0x0002b6b4       0x2c D:/software/nrf9160/ncs/nrfxlib/bsdlib/lib/cortex-m33/hard-float/libbsd_nrf9160_xxaa.a(obfuscated.elf)
                0x0002b6b4                nrf_read
 .text.nrf_connect
                0x0002b6e0       0x24 D:/software/nrf9160/ncs/nrfxlib/bsdlib/lib/cortex-m33/hard-float/libbsd_nrf9160_xxaa.a(obfuscated.elf)
                0x0002b6e0                nrf_connect
 .text.nrf_listen
                0x0002b704       0x20 D:/software/nrf9160/ncs/nrfxlib/bsdlib/lib/cortex-m33/hard-float/libbsd_nrf9160_xxaa.a(obfuscated.elf)
                0x0002b704                nrf_listen
 .text.nrf_accept
                0x0002b724       0x2c D:/software/nrf9160/ncs/nrfxlib/bsdlib/lib/cortex-m33/hard-float/libbsd_nrf9160_xxaa.a(obfuscated.elf)
                0x0002b724                nrf_accept
 .text.nrf_bind
                0x0002b750       0x24 D:/software/nrf9160/ncs/nrfxlib/bsdlib/lib/cortex-m33/hard-float/libbsd_nrf9160_xxaa.a(obfuscated.elf)
                0x0002b750                nrf_bind
 .text.nrf_setsockopt
                0x0002b774       0x38 D:/software/nrf9160/ncs/nrfxlib/bsdlib/lib/cortex-m33/hard-float/libbsd_nrf9160_xxaa.a(obfuscated.elf)
                0x0002b774                nrf_setsockopt
 .text.nrf_getsockopt
                0x0002b7ac       0x38 D:/software/nrf9160/ncs/nrfxlib/bsdlib/lib/cortex-m33/hard-float/libbsd_nrf9160_xxaa.a(obfuscated.elf)
                0x0002b7ac                nrf_getsockopt
 .text.nrf_getaddrinfo
                0x0002b7e4        0x4 D:/software/nrf9160/ncs/nrfxlib/bsdlib/lib/cortex-m33/hard-float/libbsd_nrf9160_xxaa.a(obfuscated.elf)
                0x0002b7e4                nrf_getaddrinfo
 .text.nrf_freeaddrinfo
                0x0002b7e8        0x4 D:/software/nrf9160/ncs/nrfxlib/bsdlib/lib/cortex-m33/hard-float/libbsd_nrf9160_xxaa.a(obfuscated.elf)
                0x0002b7e8                nrf_freeaddrinfo
 .text.nrf_poll
                0x0002b7ec        0x4 D:/software/nrf9160/ncs/nrfxlib/bsdlib/lib/cortex-m33/hard-float/libbsd_nrf9160_xxaa.a(obfuscated.elf)
                0x0002b7ec                nrf_poll
 .text.nrf_fcntl
                0x0002b7f0        0x4 D:/software/nrf9160/ncs/nrfxlib/bsdlib/lib/cortex-m33/hard-float/libbsd_nrf9160_xxaa.a(obfuscated.elf)
                0x0002b7f0                nrf_fcntl
 .text.bsd_platform_error_handler
                0x0002b7f4        0x8 D:/software/nrf9160/ncs/nrfxlib/bsdlib/lib/cortex-m33/hard-float/libbsd_nrf9160_xxaa.a(obfuscated.elf)
                0x0002b7f4                bsd_platform_error_handler
 .text.bsd_init
                0x0002b7fc       0x20 D:/software/nrf9160/ncs/nrfxlib/bsdlib/lib/cortex-m33/hard-float/libbsd_nrf9160_xxaa.a(obfuscated.elf)
                0x0002b7fc                bsd_init
 .text.bsd_shutdown
                0x0002b81c       0x1c D:/software/nrf9160/ncs/nrfxlib/bsdlib/lib/cortex-m33/hard-float/libbsd_nrf9160_xxaa.a(obfuscated.elf)
                0x0002b81c                bsd_shutdown
 .text.mbedtls_pk_init
                0x0002b838        0xc D:/software/nrf9160/ncs/nrfxlib/bsdlib/lib/cortex-m33/hard-float/libbsd_nrf9160_xxaa.a(obfuscated.elf)
                0x0002b838                symbol_000fa2a
 .text.mbedtls_pk_info_from_type
                0x0002b844       0x1c D:/software/nrf9160/ncs/nrfxlib/bsdlib/lib/cortex-m33/hard-float/libbsd_nrf9160_xxaa.a(obfuscated.elf)
                0x0002b844                symbol_00066b4
 .text.mbedtls_pk_setup
                0x0002b860       0x30 D:/software/nrf9160/ncs/nrfxlib/bsdlib/lib/cortex-m33/hard-float/libbsd_nrf9160_xxaa.a(obfuscated.elf)
                0x0002b860                symbol_000194a
 .text.mbedtls_pk_get_type
                0x0002b890        0xc D:/software/nrf9160/ncs/nrfxlib/bsdlib/lib/cortex-m33/hard-float/libbsd_nrf9160_xxaa.a(obfuscated.elf)
                0x0002b890                symbol_00005ae
 .text.rpc_transport_ipc_rx_init
                0x0002b89c      0x240 D:/software/nrf9160/ncs/nrfxlib/bsdlib/lib/cortex-m33/hard-float/libbsd_nrf9160_xxaa.a(obfuscated.elf)
                0x0002b89c                rpc_transport_ipc_rx_init
 .text.IPC_IRQHandler
                0x0002badc      0x3dc D:/software/nrf9160/ncs/nrfxlib/bsdlib/lib/cortex-m33/hard-float/libbsd_nrf9160_xxaa.a(obfuscated.elf)
                0x0002badc                IPC_IRQHandler
 .text.rpc_transport_msg_free
                0x0002beb8       0x6c D:/software/nrf9160/ncs/nrfxlib/bsdlib/lib/cortex-m33/hard-float/libbsd_nrf9160_xxaa.a(obfuscated.elf)
                0x0002beb8                rpc_transport_msg_free
 .text.rpc_transport_ipc_rx_suspend
                0x0002bf24       0x40 D:/software/nrf9160/ncs/nrfxlib/bsdlib/lib/cortex-m33/hard-float/libbsd_nrf9160_xxaa.a(obfuscated.elf)
                0x0002bf24                rpc_transport_ipc_rx_suspend
 .text.rpc_transport_ipc_rx_shutdown
                0x0002bf64       0xec D:/software/nrf9160/ncs/nrfxlib/bsdlib/lib/cortex-m33/hard-float/libbsd_nrf9160_xxaa.a(obfuscated.elf)
                0x0002bf64                rpc_transport_ipc_rx_shutdown
 .text.block_cipher_df
                0x0002c050      0x248 D:/software/nrf9160/ncs/nrfxlib/bsdlib/lib/cortex-m33/hard-float/libbsd_nrf9160_xxaa.a(obfuscated.elf)
 .text.mbedtls_ctr_drbg_init
                0x0002c298        0xc D:/software/nrf9160/ncs/nrfxlib/bsdlib/lib/cortex-m33/hard-float/libbsd_nrf9160_xxaa.a(obfuscated.elf)
                0x0002c298                symbol_000078b
 .text.mbedtls_ctr_drbg_free
                0x0002c2a4       0x1c D:/software/nrf9160/ncs/nrfxlib/bsdlib/lib/cortex-m33/hard-float/libbsd_nrf9160_xxaa.a(obfuscated.elf)
                0x0002c2a4                symbol_0001c64
 .text.mbedtls_ctr_drbg_reseed
                0x0002c2c0      0x1dc D:/software/nrf9160/ncs/nrfxlib/bsdlib/lib/cortex-m33/hard-float/libbsd_nrf9160_xxaa.a(obfuscated.elf)
                0x0002c2c0                symbol_000ccf0
 .text.mbedtls_ctr_drbg_seed
                0x0002c49c       0x50 D:/software/nrf9160/ncs/nrfxlib/bsdlib/lib/cortex-m33/hard-float/libbsd_nrf9160_xxaa.a(obfuscated.elf)
                0x0002c49c                symbol_0001e1e
 .text.mbedtls_ctr_drbg_random
                0x0002c4ec      0x468 D:/software/nrf9160/ncs/nrfxlib/bsdlib/lib/cortex-m33/hard-float/libbsd_nrf9160_xxaa.a(obfuscated.elf)
                0x0002c4ec                symbol_000268c
 .text.packet_handler_create
                0x0002c954       0x40 D:/software/nrf9160/ncs/nrfxlib/bsdlib/lib/cortex-m33/hard-float/libbsd_nrf9160_xxaa.a(obfuscated.elf)
                0x0002c954                packet_handler_create
 .text.packet_handler_delete
                0x0002c994       0x1c D:/software/nrf9160/ncs/nrfxlib/bsdlib/lib/cortex-m33/hard-float/libbsd_nrf9160_xxaa.a(obfuscated.elf)
                0x0002c994                packet_handler_delete
 .text.mbedtls_ecp_group_load
                0x0002c9b0       0x84 D:/software/nrf9160/ncs/nrfxlib/bsdlib/lib/cortex-m33/hard-float/libbsd_nrf9160_xxaa.a(obfuscated.elf)
                0x0002c9b0                symbol_0002469
 .text.secure_client_socket
                0x0002ca34       0xd8 D:/software/nrf9160/ncs/nrfxlib/bsdlib/lib/cortex-m33/hard-float/libbsd_nrf9160_xxaa.a(obfuscated.elf)
 .text.tls_interface_init
                0x0002cb0c        0x4 D:/software/nrf9160/ncs/nrfxlib/bsdlib/lib/cortex-m33/hard-float/libbsd_nrf9160_xxaa.a(obfuscated.elf)
                0x0002cb0c                tls_interface_init
 .text.tls_interface_open
                0x0002cb10       0x98 D:/software/nrf9160/ncs/nrfxlib/bsdlib/lib/cortex-m33/hard-float/libbsd_nrf9160_xxaa.a(obfuscated.elf)
                0x0002cb10                tls_interface_open
 .text.tls_interface_close
                0x0002cba8       0x20 D:/software/nrf9160/ncs/nrfxlib/bsdlib/lib/cortex-m33/hard-float/libbsd_nrf9160_xxaa.a(obfuscated.elf)
                0x0002cba8                tls_interface_close
 .text.tls_interface_sendto
                0x0002cbc8       0xb0 D:/software/nrf9160/ncs/nrfxlib/bsdlib/lib/cortex-m33/hard-float/libbsd_nrf9160_xxaa.a(obfuscated.elf)
                0x0002cbc8                tls_interface_sendto