Archive member included to satisfy reference by file (symbol)

app/libapp.a(main.c.obj)      (--whole-archive)
zephyr/libzephyr.a(isr_tables.c.obj)
                              (--whole-archive)
zephyr/libzephyr.a(sw_isr_common.c.obj)
                              (--whole-archive)
zephyr/libzephyr.a(arm_core_cmse.c.obj)
                              (--whole-archive)
zephyr/libzephyr.a(crc32_sw.c.obj)
                              (--whole-archive)
zephyr/libzephyr.a(crc16_sw.c.obj)
                              (--whole-archive)
zephyr/libzephyr.a(crc8_sw.c.obj)
                              (--whole-archive)
zephyr/libzephyr.a(crc7_sw.c.obj)
                              (--whole-archive)
zephyr/libzephyr.a(dec.c.obj)
                              (--whole-archive)
zephyr/libzephyr.a(fdtable.c.obj)
                              (--whole-archive)
zephyr/libzephyr.a(hex.c.obj)
                              (--whole-archive)
zephyr/libzephyr.a(mempool.c.obj)
                              (--whole-archive)
zephyr/libzephyr.a(rb.c.obj)  (--whole-archive)
zephyr/libzephyr.a(sem.c.obj)
                              (--whole-archive)
zephyr/libzephyr.a(thread_entry.c.obj)
                              (--whole-archive)
zephyr/libzephyr.a(timeutil.c.obj)
                              (--whole-archive)
zephyr/libzephyr.a(work_q.c.obj)
                              (--whole-archive)
zephyr/libzephyr.a(json.c.obj)
                              (--whole-archive)
zephyr/libzephyr.a(printk.c.obj)
                              (--whole-archive)
zephyr/libzephyr.a(assert.c.obj)
                              (--whole-archive)
zephyr/libzephyr.a(configs.c.obj)
                              (--whole-archive)
zephyr/libzephyr.a(soc.c.obj)
                              (--whole-archive)
zephyr/libzephyr.a(mpu_regions.c.obj)
                              (--whole-archive)
zephyr/libzephyr.a(validate_base_addresses.c.obj)
                              (--whole-archive)
zephyr/libzephyr.a(log_list.c.obj)
                              (--whole-archive)
zephyr/libzephyr.a(log_core.c.obj)
                              (--whole-archive)
zephyr/libzephyr.a(log_msg.c.obj)
                              (--whole-archive)
zephyr/libzephyr.a(log_output.c.obj)
                              (--whole-archive)
zephyr/libzephyr.a(log_backend_uart.c.obj)
                              (--whole-archive)
zephyr/libzephyr.a(tty.c.obj)
                              (--whole-archive)
zephyr/libzephyr.a(getchar.c.obj)
                              (--whole-archive)
zephyr/libzephyr.a(mcuboot.c.obj)
                              (--whole-archive)
zephyr/libzephyr.a(flash_img.c.obj)
                              (--whole-archive)
zephyr/libzephyr.a(addr_utils.c.obj)
                              (--whole-archive)
zephyr/libzephyr.a(socket_offload.c.obj)
                              (--whole-archive)
zephyr/libzephyr.a(rand32_entropy_device.c.obj)
                              (--whole-archive)
zephyr/libzephyr.a(flash_map.c.obj)
                              (--whole-archive)
zephyr/libzephyr.a(flash_map_default.c.obj)
                              (--whole-archive)
zephyr/libzephyr.a(power.c.obj)
                              (--whole-archive)
zephyr/libzephyr.a(reboot.c.obj)
                              (--whole-archive)
zephyr/libzephyr.a(policy_residency.c.obj)
                              (--whole-archive)
zephyr/libzephyr.a(uart_console.c.obj)
                              (--whole-archive)
zephyr/libzephyr.a(nrf_power_clock.c.obj)
                              (--whole-archive)
zephyr/libzephyr.a(sys_clock_init.c.obj)
                              (--whole-archive)
zephyr/libzephyr.a(nrf_rtc_timer.c.obj)
                              (--whole-archive)
zephyr/libzephyr.a(secure_services_ns.c.obj)
                              (--whole-archive)
zephyr/arch/arch/arm/core/libarch__arm__core.a(exc_exit.S.obj)
                              (--whole-archive)
zephyr/arch/arch/arm/core/libarch__arm__core.a(swap_helper.S.obj)
                              (--whole-archive)
zephyr/arch/arch/arm/core/libarch__arm__core.a(cpu_idle.S.obj)
                              (--whole-archive)
zephyr/arch/arch/arm/core/libarch__arm__core.a(fault_s.S.obj)
                              (--whole-archive)
zephyr/arch/arch/arm/core/libarch__arm__core.a(nmi_on_reset.S.obj)
                              (--whole-archive)
zephyr/arch/arch/arm/core/libarch__arm__core.a(isr_wrapper.S.obj)
                              (--whole-archive)
zephyr/arch/arch/arm/core/libarch__arm__core.a(swap.c.obj)
                              (--whole-archive)
zephyr/arch/arch/arm/core/libarch__arm__core.a(irq_manage.c.obj)
                              (--whole-archive)
zephyr/arch/arch/arm/core/libarch__arm__core.a(thread.c.obj)
                              (--whole-archive)
zephyr/arch/arch/arm/core/libarch__arm__core.a(fatal.c.obj)
                              (--whole-archive)
[...]
Memory Configuration

Name             Origin             Length             Attributes
FLASH            0x00018200         0x0005ce00         xr
SRAM             0x20020000         0x00020000         xw
IDT_LIST         0x20040000         0x00000800         xw
*default*        0x00000000         0xffffffff

Linker script and memory map

LOAD zephyr/CMakeFiles/zephyr_prebuilt.dir/misc/empty_file.c.obj
                0x00000020                _region_min_align = 0x20

.rel.plt        0x00018200        0x0
 *(SORT_BY_ALIGNMENT(.rel.plt))
                [!provide]                PROVIDE (__rel_iplt_start = .)
 *(SORT_BY_ALIGNMENT(.rel.iplt))
 .rel.iplt      0x00018200        0x0 app/libapp.a(main.c.obj)
                [!provide]                PROVIDE (__rel_iplt_end = .)

.rela.plt       0x00000000        0x0
 *(SORT_BY_ALIGNMENT(.rela.plt))
                [!provide]                PROVIDE (__rela_iplt_start = .)
 *(SORT_BY_ALIGNMENT(.rela.iplt))
                [!provide]                PROVIDE (__rela_iplt_end = .)

.rel.dyn
 *(SORT_BY_ALIGNMENT(.rel.*))

.rela.dyn
 *(SORT_BY_ALIGNMENT(.rela.*))

/DISCARD/
 *(SORT_BY_ALIGNMENT(.plt))
 *(SORT_BY_ALIGNMENT(.iplt))
 *(SORT_BY_ALIGNMENT(.got.plt))
 *(SORT_BY_ALIGNMENT(.igot.plt))
 *(SORT_BY_ALIGNMENT(.got))
 *(SORT_BY_ALIGNMENT(.igot))
                0x00018200                _image_rom_start = 0x18200

text            0x00018200      0x220
                0x00000000                . = 0x0
                0x00000000                _vector_start = .
 *(SORT_BY_ALIGNMENT(.exc_vector_table))
 *(SORT_BY_ALIGNMENT(.exc_vector_table.*))
 .exc_vector_table._vector_table_section
                0x00018200       0x40 zephyr/arch/arch/arm/core/cortex_m/libarch__arm__core__cortex_m.a(vector_table.S.obj)
                0x00018200                _vector_table
 *(SORT_BY_ALIGNMENT(.gnu.linkonce.irq_vector_table))
 .gnu.linkonce.irq_vector_table
                0x00018240      0x104 zephyr/libzephyr.a(isr_tables.c.obj)
                0x00018240                _irq_vector_table
 *(SORT_BY_ALIGNMENT(.vectors))
 *(SORT_BY_ALIGNMENT(.openocd_dbg))
 *(SORT_BY_ALIGNMENT(.openocd_dbg.*))
                0x00018344                _vector_end = .
                0x00000200                . = 0x200
 *fill*         0x00018344       0xbc 
 *(SORT_BY_ALIGNMENT(.firmware_info))
 .firmware_info
                0x00018400       0x20 zephyr/modules/nrf/subsys/fw_info/lib..__nrf__subsys__fw_info.a(fw_info.c.obj)
                0x00018400                m_firmware_info

_TEXT_SECTION_NAME_2
                0x00018420    0x1b216
                0x00018420                _image_text_start = .
 *(SORT_BY_ALIGNMENT(.text))
 .text          0x00018420      0x378 c:/gnuarmemb/bin/../lib/gcc/arm-none-eabi/7.3.1/thumb/v8-m.main/fpv5-sp/hard\libgcc.a(_arm_addsubdf3.o)
                0x00018420                __aeabi_drsub
                0x00018428                __aeabi_dsub
                0x00018428                __subdf3
                0x0001842c                __aeabi_dadd
                0x0001842c                __adddf3
                0x000186a4                __floatunsidf
                0x000186a4                __aeabi_ui2d
                0x000186c4                __floatsidf
                0x000186c4                __aeabi_i2d
                0x000186e8                __aeabi_f2d
                0x000186e8                __extendsfdf2
                0x0001872c                __floatundidf
                0x0001872c                __aeabi_ul2d
                0x0001873c                __floatdidf
                0x0001873c                __aeabi_l2d
 .text          0x00018798       0xa0 c:/gnuarmemb/bin/../lib/gcc/arm-none-eabi/7.3.1/thumb/v8-m.main/fpv5-sp/hard\libgcc.a(_aeabi_ldivmod.o)
                0x00018798                __aeabi_ldivmod
 .text          0x00018838       0x30 c:/gnuarmemb/bin/../lib/gcc/arm-none-eabi/7.3.1/thumb/v8-m.main/fpv5-sp/hard\libgcc.a(_aeabi_uldivmod.o)
                0x00018838                __aeabi_uldivmod
 .text          0x00018868      0x2e0 c:/gnuarmemb/bin/../lib/gcc/arm-none-eabi/7.3.1/thumb/v8-m.main/fpv5-sp/hard\libgcc.a(_udivmoddi4.o)
                0x00018868                __udivmoddi4
 .text          0x00018b48        0x4 c:/gnuarmemb/bin/../lib/gcc/arm-none-eabi/7.3.1/thumb/v8-m.main/fpv5-sp/hard\libgcc.a(_dvmd_tls.o)
                0x00018b48                __aeabi_idiv0
                0x00018b48                __aeabi_ldiv0
 .text          0x00018b4c      0x6a8 D:/software/nrf9160/ncs/nrfxlib/crypto/nrf_oberon/lib/cortex-m33/hard-float/liboberon_3.0.2.a(ocrypto_bigint256.s.obj)
                0x00018b4c                ocrypto_bigint_add128
                0x00018b72                ocrypto_bigint_sub128
                0x00018b98                ocrypto_bigint_add256
                0x00018bd8                ocrypto_bigint_sub256
                0x00018c18                ocrypto_bigint_cadd256
                0x00018c74                ocrypto_bigint_csub256
                0x00018cee                ocrypto_bigint_cswap256
                0x00018d04                ocrypto_bigint_mul128
                0x00018dec                ocrypto_bigint_sqr256
                0x00018dee                ocrypto_bigint_mul256
 .text          0x000191f4       0x5c D:/software/nrf9160/ncs/nrfxlib/crypto/nrf_oberon/lib/cortex-m33/hard-float/liboberon_3.0.2.a(ocrypto_constant_time.s.obj)
                0x000191f4                ocrypto_constant_time_equal
                0x0001921a                ocrypto_constant_time_is_zero
                0x00019234                ocrypto_constant_time_copy
                0x00019242                ocrypto_constant_time_fill_zero
 .text          0x00019250      0x6dc D:/software/nrf9160/ncs/nrfxlib/crypto/nrf_oberon/lib/cortex-m33/hard-float/liboberon_3.0.2.a(ocrypto_mod_p256_base.s.obj)
                0x00019250                ocrypto_mod_p256_add
                0x000192ce                ocrypto_mod_p256_sub
                0x00019328                ocrypto_mod_p256_square
                0x0001932a                ocrypto_mod_p256_mul
 .text          0x0001992c      0x424 c:/gnuarmemb/bin/../lib/gcc/arm-none-eabi/7.3.1/thumb/v8-m.main/fpv5-sp/hard\libgcc.a(_arm_muldivdf3.o)
                0x0001992c                __aeabi_dmul
                0x0001992c                __muldf3
                0x00019b80                __divdf3
                0x00019b80                __aeabi_ddiv
 .text          0x00019d50      0x110 c:/gnuarmemb/bin/../lib/gcc/arm-none-eabi/7.3.1/thumb/v8-m.main/fpv5-sp/hard\libgcc.a(_arm_cmpdf2.o)
                0x00019d50                __gtdf2
                0x00019d50                __gedf2
                0x00019d58                __ltdf2
                0x00019d58                __ledf2
                0x00019d60                __nedf2
                0x00019d60                __eqdf2
                0x00019d60                __cmpdf2
                0x00019ddc                __aeabi_cdrcmple
                0x00019dec                __aeabi_cdcmpeq
                0x00019dec                __aeabi_cdcmple
                0x00019dfc                __aeabi_dcmpeq
                0x00019e10                __aeabi_dcmplt
                0x00019e24                __aeabi_dcmple
                0x00019e38                __aeabi_dcmpge
                0x00019e4c                __aeabi_dcmpgt
 .text          0x00019e60       0x2c c:/gnuarmemb/bin/../lib/gcc/arm-none-eabi/7.3.1/thumb/v8-m.main/fpv5-sp/hard\libgcc.a(_arm_unorddf2.o)
                0x00019e60                __unorddf2
                0x00019e60                __aeabi_dcmpun
 .text          0x00019e8c       0x50 c:/gnuarmemb/bin/../lib/gcc/arm-none-eabi/7.3.1/thumb/v8-m.main/fpv5-sp/hard\libgcc.a(_arm_fixdfsi.o)
                0x00019e8c                __aeabi_d2iz
                0x00019e8c                __fixdfsi
 .text          0x00019edc       0x14 C:/gnuarmemb/arm-none-eabi/lib/thumb/v8-m.main/fpv5-sp/hard\libc_nano.a(lib_a-strcmp.o)
                0x00019edc                strcmp
 .text          0x00019ef0       0x10 C:/gnuarmemb/arm-none-eabi/lib/thumb/v8-m.main/fpv5-sp/hard\libc_nano.a(lib_a-strlen.o)
                0x00019ef0                strlen
 *(SORT_BY_ALIGNMENT(.text.*))
 .text._dtoa_r  0x00019f00      0xb68 C:/gnuarmemb/arm-none-eabi/lib/thumb/v8-m.main/fpv5-sp/hard\libc_nano.a(lib_a-dtoa.o)
                0x00019f00                _dtoa_r
 .text.led_blink_show_timerout
                0x0001aa68       0x64 app/libapp.a(main.c.obj)
 .text.button_handler
                0x0001aacc       0x8c app/libapp.a(main.c.obj)
 .text.led_blink_test_main
                0x0001ab58       0x68 app/libapp.a(main.c.obj)
                0x0001ab58                led_blink_test_main
 .text.main     0x0001abc0       0x14 app/libapp.a(main.c.obj)
                0x0001abc0                main
 .text.z_sys_mem_pool_block_free
                0x0001abd4      0x154 zephyr/libzephyr.a(mempool.c.obj)
                0x0001abd4                z_sys_mem_pool_block_free
 .text.char_out
                0x0001ad28       0x10 zephyr/libzephyr.a(printk.c.obj)
 .text._printk_dec_ulong
                0x0001ad38       0x98 zephyr/libzephyr.a(printk.c.obj)
 .text.__printk_hook_install
                0x0001add0        0xc zephyr/libzephyr.a(printk.c.obj)
                0x0001add0                __printk_hook_install
 .text.vprintk  0x0001addc       0x20 zephyr/libzephyr.a(printk.c.obj)
                0x0001addc                vprintk
 .text.nordicsemi_nrf91_init
                0x0001adfc       0x28 zephyr/libzephyr.a(soc.c.obj)
 .text.log_generic
                0x0001ae24       0x5c zephyr/libzephyr.a(log_core.c.obj)
                0x0001ae24                log_generic
 .text.log_core_init
                0x0001ae80       0x18 zephyr/libzephyr.a(log_core.c.obj)
                0x0001ae80                log_core_init
 .text.log_source_name_get
                0x0001ae98       0x1c zephyr/libzephyr.a(log_core.c.obj)
                0x0001ae98                log_source_name_get
 .text.log_backend_enable
                0x0001aeb4       0x5c zephyr/libzephyr.a(log_core.c.obj)
                0x0001aeb4                log_backend_enable
 .text.log_init
                0x0001af10       0x6c zephyr/libzephyr.a(log_core.c.obj)
                0x0001af10                log_init
 .text.z_impl_log_panic
                0x0001af7c       0x44 zephyr/libzephyr.a(log_core.c.obj)
                0x0001af7c                z_impl_log_panic
 .text.print_formatted
                0x0001afc0       0x24 zephyr/libzephyr.a(log_output.c.obj)
 .text.prefix_print
                0x0001afe4      0x11c zephyr/libzephyr.a(log_output.c.obj)
 .text.postfix_print
                0x0001b100       0x3c zephyr/libzephyr.a(log_output.c.obj)
 .text.hexdump_line_print
                0x0001b13c       0xe0 zephyr/libzephyr.a(log_output.c.obj)
 .text.out_func
                0x0001b21c       0x50 zephyr/libzephyr.a(log_output.c.obj)
 .text.log_output_string
                0x0001b26c       0x70 zephyr/libzephyr.a(log_output.c.obj)
                0x0001b26c                log_output_string
 .text.log_output_hexdump
                0x0001b2dc       0x74 zephyr/libzephyr.a(log_output.c.obj)
                0x0001b2dc                log_output_hexdump
 .text.log_output_timestamp_freq_set
                0x0001b350       0x30 zephyr/libzephyr.a(log_output.c.obj)
                0x0001b350                log_output_timestamp_freq_set
 .text.panic    0x0001b380        0xc zephyr/libzephyr.a(log_backend_uart.c.obj)
 .text.log_backend_uart_init
                0x0001b38c       0x30 zephyr/libzephyr.a(log_backend_uart.c.obj)
 .text.sync_hexdump
                0x0001b3bc       0x4c zephyr/libzephyr.a(log_backend_uart.c.obj)
 .text.sync_string
                0x0001b408       0x48 zephyr/libzephyr.a(log_backend_uart.c.obj)
 .text.socket_offload_register
                0x0001b450       0x4c zephyr/libzephyr.a(socket_offload.c.obj)
                0x0001b450                socket_offload_register
 .text.console_out
                0x0001b49c       0x34 zephyr/libzephyr.a(uart_console.c.obj)
 .text.uart_console_hook_install
                0x0001b4d0       0x18 zephyr/libzephyr.a(uart_console.c.obj)
                0x0001b4d0                uart_console_hook_install
 .text.uart_console_init
                0x0001b4e8       0x1c zephyr/libzephyr.a(uart_console.c.obj)
 .text.hfclk_init
                0x0001b504       0x30 zephyr/libzephyr.a(nrf_power_clock.c.obj)
 .text.clock_async_start
                0x0001b534       0xbc zephyr/libzephyr.a(nrf_power_clock.c.obj)
 .text.nrf_power_clock_isr
                0x0001b5f0       0x58 zephyr/libzephyr.a(nrf_power_clock.c.obj)
                0x0001b5f0                nrf_power_clock_isr
 .text.z_clock_isr
                0x0001b648       0x28 zephyr/libzephyr.a(sys_clock_init.c.obj)
                0x0001b648                z_clock_isr
 .text.rtc1_nrf_isr
                0x0001b670       0xb0 zephyr/libzephyr.a(nrf_rtc_timer.c.obj)
                0x0001b670                rtc1_nrf_isr
 .text.z_clock_driver_init
                0x0001b720       0x78 zephyr/libzephyr.a(nrf_rtc_timer.c.obj)
                0x0001b720                z_clock_driver_init
 .text.z_clock_set_timeout
                0x0001b798      0x104 zephyr/libzephyr.a(nrf_rtc_timer.c.obj)
                0x0001b798                z_clock_set_timeout
 .text.z_clock_elapsed
                0x0001b89c       0x9c zephyr/libzephyr.a(nrf_rtc_timer.c.obj)
                0x0001b89c                z_clock_elapsed
 .text.z_timer_cycle_get_32
                0x0001b938       0xa0 zephyr/libzephyr.a(nrf_rtc_timer.c.obj)
                0x0001b938                z_timer_cycle_get_32
 .text._HandlerModeExit
                0x0001b9d8       0x1c zephyr/arch/arch/arm/core/libarch__arm__core.a(exc_exit.S.obj)
                0x0001b9d8                z_arm_int_exit
                0x0001b9d8                z_arm_exc_exit
 .text.z_arm_pendsv
                0x0001b9f4       0xc4 zephyr/arch/arch/arm/core/libarch__arm__core.a(swap_helper.S.obj)
                0x0001b9f4                z_arm_pendsv
 .text.z_arm_svc
                0x0001bab8       0x20 zephyr/arch/arch/arm/core/libarch__arm__core.a(swap_helper.S.obj)
                0x0001bab8                z_arm_svc
 .text.z_arm_cpu_idle_init
                0x0001bad8        0xc zephyr/arch/arch/arm/core/libarch__arm__core.a(cpu_idle.S.obj)
                0x0001bad8                z_arm_cpu_idle_init
 .text.z_arch_cpu_idle
                0x0001bae4        0xc zephyr/arch/arch/arm/core/libarch__arm__core.a(cpu_idle.S.obj)
                0x0001bae4                z_arch_cpu_idle
 .text.__fault  0x0001baf0       0x24 zephyr/arch/arch/arm/core/libarch__arm__core.a(fault_s.S.obj)
                0x0001baf0                z_arm_usage_fault
                0x0001baf0                z_arm_mpu_fault
                0x0001baf0                z_arm_reserved
                0x0001baf0                z_arm_debug_monitor
                0x0001baf0                z_arm_hard_fault
                0x0001baf0                z_arm_bus_fault
 .text.z_SysNmiOnReset
                0x0001bb14        0x8 zephyr/arch/arch/arm/core/libarch__arm__core.a(nmi_on_reset.S.obj)
                0x0001bb14                z_SysNmiOnReset
 .text._isr_wrapper
                0x0001bb1c       0x40 zephyr/arch/arch/arm/core/libarch__arm__core.a(isr_wrapper.S.obj)
                0x0001bb1c                _isr_wrapper
 .text.z_arch_swap
                0x0001bb5c       0x34 zephyr/arch/arch/arm/core/libarch__arm__core.a(swap.c.obj)
                0x0001bb5c                z_arch_swap
 .text.z_arch_irq_enable
                0x0001bb90       0x20 zephyr/arch/arch/arm/core/libarch__arm__core.a(irq_manage.c.obj)
                0x0001bb90                z_arch_irq_enable
 .text.z_arm_irq_priority_set
                0x0001bbb0       0x64 zephyr/arch/arch/arm/core/libarch__arm__core.a(irq_manage.c.obj)
                0x0001bbb0                z_arm_irq_priority_set
 .text._arch_isr_direct_pm
                0x0001bc14       0x1c zephyr/arch/arch/arm/core/libarch__arm__core.a(irq_manage.c.obj)
                0x0001bc14                _arch_isr_direct_pm
 .text.z_arch_new_thread
                0x0001bc30       0xa4 zephyr/arch/arch/arm/core/libarch__arm__core.a(thread.c.obj)
                0x0001bc30                z_arch_new_thread
 .text.z_arch_switch_to_main_thread
                0x0001bcd4       0x5c zephyr/arch/arch/arm/core/libarch__arm__core.a(thread.c.obj)
                0x0001bcd4                z_arch_switch_to_main_thread
 .text.z_arm_fatal_error
                0x0001bd30      0x134 zephyr/arch/arch/arm/core/libarch__arm__core.a(fatal.c.obj)
                0x0001bd30                z_arm_fatal_error
 .text.z_arm_prep_c
                0x0001be64       0x50 zephyr/arch/arch/arm/core/libarch__arm__core.a(prep_c.c.obj)
                0x0001be64                z_arm_prep_c
 .text._reset_section
                0x0001beb4       0x30 zephyr/arch/arch/arm/core/cortex_m/libarch__arm__core__cortex_m.a(reset.S.obj)
                0x0001beb4                __start
                0x0001beb4                z_arm_reset
 .text.bus_fault.isra.2
                0x0001bee4      0x14c zephyr/arch/arch/arm/core/cortex_m/libarch__arm__core__cortex_m.a(fault.c.obj)
 .text.usage_fault.isra.3
                0x0001c030      0x140 zephyr/arch/arch/arm/core/cortex_m/libarch__arm__core__cortex_m.a(fault.c.obj)
 .text.mem_manage_fault.isra.6
                0x0001c170      0x160 zephyr/arch/arch/arm/core/cortex_m/libarch__arm__core__cortex_m.a(fault.c.obj)
 .text.z_arm_fault
                0x0001c2d0      0x1a4 zephyr/arch/arch/arm/core/cortex_m/libarch__arm__core__cortex_m.a(fault.c.obj)
                0x0001c2d0                z_arm_fault
 .text.z_arm_fault_init
                0x0001c474       0x18 zephyr/arch/arch/arm/core/cortex_m/libarch__arm__core__cortex_m.a(fault.c.obj)
                0x0001c474                z_arm_fault_init
 .text.z_arm_int_lib_init
                0x0001c48c       0x18 zephyr/arch/arch/arm/core/cortex_m/libarch__arm__core__cortex_m.a(irq_init.c.obj)
                0x0001c48c                z_arm_int_lib_init
 .text.z_impl_k_thread_abort
                0x0001c4a4       0x7c zephyr/arch/arch/arm/core/cortex_m/libarch__arm__core__cortex_m.a(thread_abort.c.obj)
                0x0001c4a4                z_impl_k_thread_abort
 .text.z_arm_configure_static_mpu_regions
                0x0001c520       0x54 zephyr/arch/arch/arm/core/cortex_m/mpu/libarch__arm__core__cortex_m__mpu.a(arm_core_mpu.c.obj)
                0x0001c520                z_arm_configure_static_mpu_regions
 .text.region_init
                0x0001c574       0x30 zephyr/arch/arch/arm/core/cortex_m/mpu/libarch__arm__core__cortex_m__mpu.a(arm_mpu.c.obj)
 .text.region_allocate_and_init
                0x0001c5a4       0x44 zephyr/arch/arch/arm/core/cortex_m/mpu/libarch__arm__core__cortex_m__mpu.a(arm_mpu.c.obj)
 .text.mpu_configure_regions.constprop.2
                0x0001c5e8      0x18c zephyr/arch/arch/arm/core/cortex_m/mpu/libarch__arm__core__cortex_m__mpu.a(arm_mpu.c.obj)
 .text.arm_core_mpu_enable
                0x0001c774       0x14 zephyr/arch/arch/arm/core/cortex_m/mpu/libarch__arm__core__cortex_m__mpu.a(arm_mpu.c.obj)
                0x0001c774                arm_core_mpu_enable
 .text.arm_core_mpu_disable
                0x0001c788       0x10 zephyr/arch/arch/arm/core/cortex_m/mpu/libarch__arm__core__cortex_m__mpu.a(arm_mpu.c.obj)
                0x0001c788                arm_core_mpu_disable
 .text.arm_mpu_init
                0x0001c798       0xb0 zephyr/arch/arch/arm/core/cortex_m/mpu/libarch__arm__core__cortex_m__mpu.a(arm_mpu.c.obj)
 .text.arm_core_mpu_configure_static_mpu_regions
                0x0001c848       0x48 zephyr/arch/arch/arm/core/cortex_m/mpu/libarch__arm__core__cortex_m__mpu.a(arm_mpu.c.obj)
                0x0001c848                arm_core_mpu_configure_static_mpu_regions
 .text.arm_core_mpu_mark_areas_for_dynamic_regions
                0x0001c890       0xd8 zephyr/arch/arch/arm/core/cortex_m/mpu/libarch__arm__core__cortex_m__mpu.a(arm_mpu.c.obj)
                0x0001c890                arm_core_mpu_mark_areas_for_dynamic_regions
 .text.arm_core_mpu_configure_dynamic_mpu_regions
                0x0001c968       0x74 zephyr/arch/arch/arm/core/cortex_m/mpu/libarch__arm__core__cortex_m__mpu.a(arm_mpu.c.obj)
                0x0001c968                arm_core_mpu_configure_dynamic_mpu_regions
 .text.__stdout_hook_install
                0x0001c9dc        0xc zephyr/lib/libc/newlib/liblib__libc__newlib.a(libc-hooks.c.obj)
                0x0001c9dc                __stdout_hook_install
 .text.z_impl_zephyr_read_stdin
                0x0001c9e8       0x28 zephyr/lib/libc/newlib/liblib__libc__newlib.a(libc-hooks.c.obj)
                0x0001c9e8                z_impl_zephyr_read_stdin
 .text.z_impl_zephyr_write_stdout
                0x0001ca10       0x38 zephyr/lib/libc/newlib/liblib__libc__newlib.a(libc-hooks.c.obj)
                0x0001ca10                z_impl_zephyr_write_stdout
 .text._exit    0x0001ca48       0x10 zephyr/lib/libc/newlib/liblib__libc__newlib.a(libc-hooks.c.obj)
                0x0001ca48                _exit
 .text._sbrk    0x0001ca58       0x44 zephyr/lib/libc/newlib/liblib__libc__newlib.a(libc-hooks.c.obj)
                0x0001ca58                sbrk
                0x0001ca58                _sbrk
 .text.net_if_flag_is_set
                0x0001ca9c       0x3c zephyr/subsys/net/ip/libsubsys__net__ip.a(net_if.c.obj)
 .text.net_if_flag_set.constprop.23
                0x0001cad8       0x40 zephyr/subsys/net/ip/libsubsys__net__ip.a(net_if.c.obj)
 .text.net_if_up
                0x0001cb18       0x6c zephyr/subsys/net/ip/libsubsys__net__ip.a(net_if.c.obj)
                0x0001cb18                net_if_up
 .text.net_if_init
                0x0001cb84       0x30 zephyr/subsys/net/ip/libsubsys__net__ip.a(net_if.c.obj)
                0x0001cb84                net_if_init
 .text.net_if_post_init
                0x0001cbb4       0x30 zephyr/subsys/net/ip/libsubsys__net__ip.a(net_if.c.obj)
                0x0001cbb4                net_if_post_init
 .text.gpio_nrfx_manage_callback
                0x0001cbe4       0xac zephyr/drivers/gpio/libdrivers__gpio.a(gpio_nrfx.c.obj)
 .text.nrf_gpio_pin_port_decode.isra.6.part.7
                0x0001cc90       0x1c zephyr/drivers/gpio/libdrivers__gpio.a(gpio_nrfx.c.obj)
 .text.nrf_gpio_cfg_sense_set
                0x0001ccac       0x30 zephyr/drivers/gpio/libdrivers__gpio.a(gpio_nrfx.c.obj)
 .text.gpiote_pin_int_cfg
                0x0001ccdc      0x13c zephyr/drivers/gpio/libdrivers__gpio.a(gpio_nrfx.c.obj)
 .text.gpio_nrfx_init
                0x0001ce18       0x30 zephyr/drivers/gpio/libdrivers__gpio.a(gpio_nrfx.c.obj)
 .text.gpio_nrfx_config
                0x0001ce48      0x130 zephyr/drivers/gpio/libdrivers__gpio.a(gpio_nrfx.c.obj)
 .text.gpiote_event_handler
                0x0001cf78      0x180 zephyr/drivers/gpio/libdrivers__gpio.a(gpio_nrfx.c.obj)
 .text.flash_nrf_write_protection
                0x0001d0f8        0xc zephyr/drivers/flash/libdrivers__flash.a(soc_flash_nrf.c.obj)
 .text.flash_nrf_pages_layout
                0x0001d104       0x10 zephyr/drivers/flash/libdrivers__flash.a(soc_flash_nrf.c.obj)
 .text.nrf_flash_init
                0x0001d114       0x30 zephyr/drivers/flash/libdrivers__flash.a(soc_flash_nrf.c.obj)
 .text.flash_nrf_erase
                0x0001d144       0x70 zephyr/drivers/flash/libdrivers__flash.a(soc_flash_nrf.c.obj)
 .text.flash_nrf_write
                0x0001d1b4       0xb4 zephyr/drivers/flash/libdrivers__flash.a(soc_flash_nrf.c.obj)
 .text.uarte_nrfx_configure
                0x0001d268      0x178 zephyr/drivers/serial/libdrivers__serial.a(uart_nrfx_uarte.c.obj)
 .text.uarte_0_init
                0x0001d3e0       0x90 zephyr/drivers/serial/libdrivers__serial.a(uart_nrfx_uarte.c.obj)
 .text.entropy_cc310_rng_get_entropy
                0x0001d470       0x5c zephyr/drivers/entropy/libdrivers__entropy.a(entropy_cc310.c.obj)
 .text._bsdlib_init
                0x0001d4cc       0x1c zephyr/modules/nrf/lib/bsdlib/lib..__nrf__lib__bsdlib.a(bsdlib.c.obj)
 .text.thread_monitor_entry_get
                0x0001d4e8       0x44 zephyr/modules/nrf/lib/bsdlib/lib..__nrf__lib__bsdlib.a(bsd_os.c.obj)
 .text.rpc_proxy_irq_handler
                0x0001d52c       0x4c zephyr/modules/nrf/lib/bsdlib/lib..__nrf__lib__bsdlib.a(bsd_os.c.obj)
                0x0001d52c                rpc_proxy_irq_handler
 .text.bsd_os_timedwait
                0x0001d578      0x120 zephyr/modules/nrf/lib/bsdlib/lib..__nrf__lib__bsdlib.a(bsd_os.c.obj)
                0x0001d578                bsd_os_timedwait
 .text.bsd_os_errno_set
                0x0001d698      0x1d8 zephyr/modules/nrf/lib/bsdlib/lib..__nrf__lib__bsdlib.a(bsd_os.c.obj)
                0x0001d698                bsd_os_errno_set
 .text.bsd_os_application_irq_set
                0x0001d870       0x10 zephyr/modules/nrf/lib/bsdlib/lib..__nrf__lib__bsdlib.a(bsd_os.c.obj)
                0x0001d870                bsd_os_application_irq_set
 .text.bsd_os_application_irq_clear
                0x0001d880       0x10 zephyr/modules/nrf/lib/bsdlib/lib..__nrf__lib__bsdlib.a(bsd_os.c.obj)
                0x0001d880                bsd_os_application_irq_clear
 .text.bsd_os_trace_irq_set
                0x0001d890       0x10 zephyr/modules/nrf/lib/bsdlib/lib..__nrf__lib__bsdlib.a(bsd_os.c.obj)
                0x0001d890                bsd_os_trace_irq_set
 .text.bsd_os_trace_irq_clear
                0x0001d8a0       0x10 zephyr/modules/nrf/lib/bsdlib/lib..__nrf__lib__bsdlib.a(bsd_os.c.obj)
                0x0001d8a0                bsd_os_trace_irq_clear
 .text.bsd_os_init
                0x0001d8b0       0x2c zephyr/modules/nrf/lib/bsdlib/lib..__nrf__lib__bsdlib.a(bsd_os.c.obj)
                0x0001d8b0                bsd_os_init
 .text.z_to_nrf_optname
                0x0001d8dc       0xd0 zephyr/modules/nrf/lib/bsdlib/lib..__nrf__lib__bsdlib.a(nrf91_sockets.c.obj)
 .text.nrf91_socket_iface_init
                0x0001d9ac       0x18 zephyr/modules/nrf/lib/bsdlib/lib..__nrf__lib__bsdlib.a(nrf91_sockets.c.obj)
 .text.dk_set_leds_state.part.0
                0x0001d9c4       0x80 zephyr/modules/nrf/lib/dk_buttons_and_leds/lib..__nrf__lib__dk_buttons_and_leds.a(dk_buttons_and_leds.c.obj)
 .text.button_pressed
                0x0001da44      0x124 zephyr/modules/nrf/lib/dk_buttons_and_leds/lib..__nrf__lib__dk_buttons_and_leds.a(dk_buttons_and_leds.c.obj)
 .text.buttons_scan_fn
                0x0001db68      0x1ec zephyr/modules/nrf/lib/dk_buttons_and_leds/lib..__nrf__lib__dk_buttons_and_leds.a(dk_buttons_and_leds.c.obj)
 .text.dk_leds_init
                0x0001dd54       0xa0 zephyr/modules/nrf/lib/dk_buttons_and_leds/lib..__nrf__lib__dk_buttons_and_leds.a(dk_buttons_and_leds.c.obj)
                0x0001dd54                dk_leds_init
 .text.dk_read_buttons
                0x0001ddf4       0x20 zephyr/modules/nrf/lib/dk_buttons_and_leds/lib..__nrf__lib__dk_buttons_and_leds.a(dk_buttons_and_leds.c.obj)
                0x0001ddf4                dk_read_buttons
 .text.dk_buttons_init
                0x0001de14      0x1f0 zephyr/modules/nrf/lib/dk_buttons_and_leds/lib..__nrf__lib__dk_buttons_and_leds.a(dk_buttons_and_leds.c.obj)
                0x0001de14                dk_buttons_init
 .text.abi_getter
                0x0001e004       0x4c zephyr/modules/nrf/subsys/fw_info/lib..__nrf__subsys__fw_info.a(fw_info.c.obj)
                0x0001e004                abi_getter
 .text.ip_client_event_handler
                0x0001e050        0xc D:/software/nrf9160/ncs/nrfxlib/bsdlib/lib/cortex-m33/hard-float/libbsd_nrf9160_xxaa.a(obfuscated.elf)
 .text.rpc_ip_client_init
                0x0001e05c        0xc D:/software/nrf9160/ncs/nrfxlib/bsdlib/lib/cortex-m33/hard-float/libbsd_nrf9160_xxaa.a(obfuscated.elf)
                0x0001e05c                rpc_ip_client_init
 .text.rpc_ip_client_request_alloc
                0x0001e068       0x28 D:/software/nrf9160/ncs/nrfxlib/bsdlib/lib/cortex-m33/hard-float/libbsd_nrf9160_xxaa.a(obfuscated.elf)
                0x0001e068                rpc_ip_client_request_alloc
 .text.rpc_ip_client_request_send
                0x0001e090       0x2c D:/software/nrf9160/ncs/nrfxlib/bsdlib/lib/cortex-m33/hard-float/libbsd_nrf9160_xxaa.a(obfuscated.elf)
                0x0001e090                rpc_ip_client_request_send
 .text.rpc_ip_client_message_free
                0x0001e0bc       0x10 D:/software/nrf9160/ncs/nrfxlib/bsdlib/lib/cortex-m33/hard-float/libbsd_nrf9160_xxaa.a(obfuscated.elf)
                0x0001e0bc                rpc_ip_client_message_free
 .text.rpc_ip_client_data_free
                0x0001e0cc       0x10 D:/software/nrf9160/ncs/nrfxlib/bsdlib/lib/cortex-m33/hard-float/libbsd_nrf9160_xxaa.a(obfuscated.elf)
                0x0001e0cc                rpc_ip_client_data_free
 .text.mbedtls_asn1_write_len.part.0
                0x0001e0dc       0xc0 D:/software/nrf9160/ncs/nrfxlib/bsdlib/lib/cortex-m33/hard-float/libbsd_nrf9160_xxaa.a(obfuscated.elf)
 .text.mbedtls_asn1_write_len
                0x0001e19c       0xf4 D:/software/nrf9160/ncs/nrfxlib/bsdlib/lib/cortex-m33/hard-float/libbsd_nrf9160_xxaa.a(obfuscated.elf)
                0x0001e19c                symbol_000646e
 .text.mbedtls_asn1_write_tag
                0x0001e290       0x1c D:/software/nrf9160/ncs/nrfxlib/bsdlib/lib/cortex-m33/hard-float/libbsd_nrf9160_xxaa.a(obfuscated.elf)
                0x0001e290                symbol_00036c0
 .text.mbedtls_asn1_write_oid
                0x0001e2ac       0x90 D:/software/nrf9160/ncs/nrfxlib/bsdlib/lib/cortex-m33/hard-float/libbsd_nrf9160_xxaa.a(obfuscated.elf)
                0x0001e2ac                symbol_0008475
 .text.mbedtls_asn1_write_algorithm_identifier
                0x0001e33c      0x12c D:/software/nrf9160/ncs/nrfxlib/bsdlib/lib/cortex-m33/hard-float/libbsd_nrf9160_xxaa.a(obfuscated.elf)
                0x0001e33c                symbol_0002662
 .text.mbedtls_pk_write_pubkey_pem
                0x0001e468      0x158 D:/software/nrf9160/ncs/nrfxlib/bsdlib/lib/cortex-m33/hard-float/libbsd_nrf9160_xxaa.a(obfuscated.elf)
                0x0001e468                symbol_0005bf5
 .text.authenticated_atcmd_init
                0x0001e5c0      0x104 D:/software/nrf9160/ncs/nrfxlib/bsdlib/lib/cortex-m33/hard-float/libbsd_nrf9160_xxaa.a(obfuscated.elf)
                0x0001e5c0                authenticated_atcmd_init
 .text.gnss_client_event_handler
                0x0001e6c4        0xc D:/software/nrf9160/ncs/nrfxlib/bsdlib/lib/cortex-m33/hard-float/libbsd_nrf9160_xxaa.a(obfuscated.elf)
 .text.rpc_gnss_client_init
                0x0001e6d0        0xc D:/software/nrf9160/ncs/nrfxlib/bsdlib/lib/cortex-m33/hard-float/libbsd_nrf9160_xxaa.a(obfuscated.elf)
                0x0001e6d0                rpc_gnss_client_init
 .text.rpc_gnss_client_request_alloc
                0x0001e6dc       0x28 D:/software/nrf9160/ncs/nrfxlib/bsdlib/lib/cortex-m33/hard-float/libbsd_nrf9160_xxaa.a(obfuscated.elf)
                0x0001e6dc                rpc_gnss_client_request_alloc
 .text.rpc_gnss_client_request_send
                0x0001e704       0x2c D:/software/nrf9160/ncs/nrfxlib/bsdlib/lib/cortex-m33/hard-float/libbsd_nrf9160_xxaa.a(obfuscated.elf)
                0x0001e704                rpc_gnss_client_request_send
 .text.rpc_gnss_client_message_free
                0x0001e730       0x10 D:/software/nrf9160/ncs/nrfxlib/bsdlib/lib/cortex-m33/hard-float/libbsd_nrf9160_xxaa.a(obfuscated.elf)
                0x0001e730                rpc_gnss_client_message_free
 .text.rpc_gnss_client_data_free
                0x0001e740       0x10 D:/software/nrf9160/ncs/nrfxlib/bsdlib/lib/cortex-m33/hard-float/libbsd_nrf9160_xxaa.a(obfuscated.elf)
                0x0001e740                rpc_gnss_client_data_free
 .text.eckey_can_do
                0x0001e750        0xc D:/software/nrf9160/ncs/nrfxlib/bsdlib/lib/cortex-m33/hard-float/libbsd_nrf9160_xxaa.a(obfuscated.elf)
 .text.eckey_get_bitlen
                0x0001e75c        0x4 D:/software/nrf9160/ncs/nrfxlib/bsdlib/lib/cortex-m33/hard-float/libbsd_nrf9160_xxaa.a(obfuscated.elf)
 .text.eckey_debug
                0x0001e760       0x14 D:/software/nrf9160/ncs/nrfxlib/bsdlib/lib/cortex-m33/hard-float/libbsd_nrf9160_xxaa.a(obfuscated.elf)
 .text.eckeydh_can_do
                0x0001e774        0xc D:/software/nrf9160/ncs/nrfxlib/bsdlib/lib/cortex-m33/hard-float/libbsd_nrf9160_xxaa.a(obfuscated.elf)
 .text.eckey_free_wrap
                0x0001e780       0x14 D:/software/nrf9160/ncs/nrfxlib/bsdlib/lib/cortex-m33/hard-float/libbsd_nrf9160_xxaa.a(obfuscated.elf)
 .text.eckey_alloc_wrap
                0x0001e794       0x18 D:/software/nrf9160/ncs/nrfxlib/bsdlib/lib/cortex-m33/hard-float/libbsd_nrf9160_xxaa.a(obfuscated.elf)
 .text.eckey_check_pair
                0x0001e7ac        0x4 D:/software/nrf9160/ncs/nrfxlib/bsdlib/lib/cortex-m33/hard-float/libbsd_nrf9160_xxaa.a(obfuscated.elf)
 .text.mbedtls_base64_encode
                0x0001e7b0      0x120 D:/software/nrf9160/ncs/nrfxlib/bsdlib/lib/cortex-m33/hard-float/libbsd_nrf9160_xxaa.a(obfuscated.elf)
                0x0001e7b0                symbol_0005c7f
 .text.packet_free_cb
                0x0001e8d0       0x38 D:/software/nrf9160/ncs/nrfxlib/bsdlib/lib/cortex-m33/hard-float/libbsd_nrf9160_xxaa.a(obfuscated.elf)
 .text.at_interface_write
                0x0001e908       0xa8 D:/software/nrf9160/ncs/nrfxlib/bsdlib/lib/cortex-m33/hard-float/libbsd_nrf9160_xxaa.a(obfuscated.elf)
                0x0001e908                at_interface_write
 .text.at_interface_init
                0x0001e9b0        0x4 D:/software/nrf9160/ncs/nrfxlib/bsdlib/lib/cortex-m33/hard-float/libbsd_nrf9160_xxaa.a(obfuscated.elf)
                0x0001e9b0                at_interface_init
 .text.at_interface_open
                0x0001e9b4       0x94 D:/software/nrf9160/ncs/nrfxlib/bsdlib/lib/cortex-m33/hard-float/libbsd_nrf9160_xxaa.a(obfuscated.elf)
                0x0001e9b4                at_interface_open
 .text.at_interface_close
                0x0001ea48       0x90 D:/software/nrf9160/ncs/nrfxlib/bsdlib/lib/cortex-m33/hard-float/libbsd_nrf9160_xxaa.a(obfuscated.elf)
                0x0001ea48                at_interface_close
 .text.at_interface_read
                0x0001ead8       0xb8 D:/software/nrf9160/ncs/nrfxlib/bsdlib/lib/cortex-m33/hard-float/libbsd_nrf9160_xxaa.a(obfuscated.elf)
                0x0001ead8                at_interface_read
 .text.at_interface_getopt
                0x0001eb90        0x4 D:/software/nrf9160/ncs/nrfxlib/bsdlib/lib/cortex-m33/hard-float/libbsd_nrf9160_xxaa.a(obfuscated.elf)
                0x0001eb90                at_interface_getopt
 .text.at_interface_setopt
                0x0001eb94        0x4 D:/software/nrf9160/ncs/nrfxlib/bsdlib/lib/cortex-m33/hard-float/libbsd_nrf9160_xxaa.a(obfuscated.elf)
                0x0001eb94                at_interface_setopt
 .text.rpc_at_event_handler
                0x0001eb98       0xa4 D:/software/nrf9160/ncs/nrfxlib/bsdlib/lib/cortex-m33/hard-float/libbsd_nrf9160_xxaa.a(obfuscated.elf)
                0x0001eb98                rpc_at_event_handler
 .text.at_client_evt_handler
                0x0001ec3c       0x10 D:/software/nrf9160/ncs/nrfxlib/bsdlib/lib/cortex-m33/hard-float/libbsd_nrf9160_xxaa.a(obfuscated.elf)
 .text.rpc_at_client_init
                0x0001ec4c        0xc D:/software/nrf9160/ncs/nrfxlib/bsdlib/lib/cortex-m33/hard-float/libbsd_nrf9160_xxaa.a(obfuscated.elf)
                0x0001ec4c                rpc_at_client_init
 .text.rpc_at_client_request_alloc
                0x0001ec58       0x28 D:/software/nrf9160/ncs/nrfxlib/bsdlib/lib/cortex-m33/hard-float/libbsd_nrf9160_xxaa.a(obfuscated.elf)
                0x0001ec58                rpc_at_client_request_alloc
 .text.rpc_at_client_request_send
                0x0001ec80       0x1c D:/software/nrf9160/ncs/nrfxlib/bsdlib/lib/cortex-m33/hard-float/libbsd_nrf9160_xxaa.a(obfuscated.elf)
                0x0001ec80                rpc_at_client_request_send
 .text.rpc_at_client_message_free
                0x0001ec9c       0x10 D:/software/nrf9160/ncs/nrfxlib/bsdlib/lib/cortex-m33/hard-float/libbsd_nrf9160_xxaa.a(obfuscated.elf)
                0x0001ec9c                rpc_at_client_message_free
 .text.rpc_at_client_data_free
                0x0001ecac       0x10 D:/software/nrf9160/ncs/nrfxlib/bsdlib/lib/cortex-m33/hard-float/libbsd_nrf9160_xxaa.a(obfuscated.elf)
                0x0001ecac                rpc_at_client_data_free
 .text.logobj_event_handler
                0x0001ecbc       0xfc D:/software/nrf9160/ncs/nrfxlib/bsdlib/lib/cortex-m33/hard-float/libbsd_nrf9160_xxaa.a(obfuscated.elf)
                0x0001ecbc                logobj_event_handler
 .text.logobj_interface_init
                0x0001edb8       0x34 D:/software/nrf9160/ncs/nrfxlib/bsdlib/lib/cortex-m33/hard-float/libbsd_nrf9160_xxaa.a(obfuscated.elf)
                0x0001edb8                logobj_interface_init
 .text.logobj_interface_open
                0x0001edec      0x150 D:/software/nrf9160/ncs/nrfxlib/bsdlib/lib/cortex-m33/hard-float/libbsd_nrf9160_xxaa.a(obfuscated.elf)
                0x0001edec                logobj_interface_open
 .text.logobj_interface_read
                0x0001ef3c       0xe0 D:/software/nrf9160/ncs/nrfxlib/bsdlib/lib/cortex-m33/hard-float/libbsd_nrf9160_xxaa.a(obfuscated.elf)
                0x0001ef3c                logobj_interface_read
 .text.logobj_interface_write
                0x0001f01c       0xfc D:/software/nrf9160/ncs/nrfxlib/bsdlib/lib/cortex-m33/hard-float/libbsd_nrf9160_xxaa.a(obfuscated.elf)
                0x0001f01c                logobj_interface_write
 .text.logobj_interface_setopt
                0x0001f118      0x19c D:/software/nrf9160/ncs/nrfxlib/bsdlib/lib/cortex-m33/hard-float/libbsd_nrf9160_xxaa.a(obfuscated.elf)
                0x0001f118                logobj_interface_setopt
 .text.logobj_interface_getopt
                0x0001f2b4       0xa4 D:/software/nrf9160/ncs/nrfxlib/bsdlib/lib/cortex-m33/hard-float/libbsd_nrf9160_xxaa.a(obfuscated.elf)
                0x0001f2b4                logobj_interface_getopt
 .text.logobj_interface_close
                0x0001f358       0x2c D:/software/nrf9160/ncs/nrfxlib/bsdlib/lib/cortex-m33/hard-float/libbsd_nrf9160_xxaa.a(obfuscated.elf)
                0x0001f358                logobj_interface_close
 .text.transport_reset
                0x0001f384        0x4 D:/software/nrf9160/ncs/nrfxlib/bsdlib/lib/cortex-m33/hard-float/libbsd_nrf9160_xxaa.a(obfuscated.elf)
 .text.transport_data_free
                0x0001f388       0x38 D:/software/nrf9160/ncs/nrfxlib/bsdlib/lib/cortex-m33/hard-float/libbsd_nrf9160_xxaa.a(obfuscated.elf)
 .text.rpc_transport_ipc_init
                0x0001f3c0       0x84 D:/software/nrf9160/ncs/nrfxlib/bsdlib/lib/cortex-m33/hard-float/libbsd_nrf9160_xxaa.a(obfuscated.elf)
                0x0001f3c0                rpc_transport_ipc_init
 .text.rpc_transport_rx_handle
                0x0001f444       0x44 D:/software/nrf9160/ncs/nrfxlib/bsdlib/lib/cortex-m33/hard-float/libbsd_nrf9160_xxaa.a(obfuscated.elf)
                0x0001f444                rpc_transport_rx_handle
 .text.rpc_transport_ipc_fault_handler
                0x0001f488        0x8 D:/software/nrf9160/ncs/nrfxlib/bsdlib/lib/cortex-m33/hard-float/libbsd_nrf9160_xxaa.a(obfuscated.elf)
                0x0001f48c                rpc_transport_ipc_fault_handler
 .text.nrf_socket
                0x0001f490       0x24 D:/software/nrf9160/ncs/nrfxlib/bsdlib/lib/cortex-m33/hard-float/libbsd_nrf9160_xxaa.a(obfuscated.elf)
                0x0001f490                nrf_socket
 .text.nrf_close
                0x0001f4b4       0x1c D:/software/nrf9160/ncs/nrfxlib/bsdlib/lib/cortex-m33/hard-float/libbsd_nrf9160_xxaa.a(obfuscated.elf)
                0x0001f4b4                nrf_close
 .text.nrf_sendto
                0x0001f4d0       0x38 D:/software/nrf9160/ncs/nrfxlib/bsdlib/lib/cortex-m33/hard-float/libbsd_nrf9160_xxaa.a(obfuscated.elf)
                0x0001f4d0                nrf_sendto
 .text.nrf_send
                0x0001f508       0x34 D:/software/nrf9160/ncs/nrfxlib/bsdlib/lib/cortex-m33/hard-float/libbsd_nrf9160_xxaa.a(obfuscated.elf)
                0x0001f508                nrf_send
 .text.nrf_recvfrom
                0x0001f53c       0x38 D:/software/nrf9160/ncs/nrfxlib/bsdlib/lib/cortex-m33/hard-float/libbsd_nrf9160_xxaa.a(obfuscated.elf)
                0x0001f53c                nrf_recvfrom
 .text.nrf_recv
                0x0001f574       0x34 D:/software/nrf9160/ncs/nrfxlib/bsdlib/lib/cortex-m33/hard-float/libbsd_nrf9160_xxaa.a(obfuscated.elf)
                0x0001f574                nrf_recv
 .text.nrf_connect
                0x0001f5a8       0x24 D:/software/nrf9160/ncs/nrfxlib/bsdlib/lib/cortex-m33/hard-float/libbsd_nrf9160_xxaa.a(obfuscated.elf)
                0x0001f5a8                nrf_connect
 .text.nrf_listen
                0x0001f5cc       0x20 D:/software/nrf9160/ncs/nrfxlib/bsdlib/lib/cortex-m33/hard-float/libbsd_nrf9160_xxaa.a(obfuscated.elf)
                0x0001f5cc                nrf_listen
 .text.nrf_accept
                0x0001f5ec       0x2c D:/software/nrf9160/ncs/nrfxlib/bsdlib/lib/cortex-m33/hard-float/libbsd_nrf9160_xxaa.a(obfuscated.elf)
                0x0001f5ec                nrf_accept
 .text.nrf_bind
                0x0001f618       0x24 D:/software/nrf9160/ncs/nrfxlib/bsdlib/lib/cortex-m33/hard-float/libbsd_nrf9160_xxaa.a(obfuscated.elf)
                0x0001f618                nrf_bind
 .text.nrf_setsockopt
                0x0001f63c       0x38 D:/software/nrf9160/ncs/nrfxlib/bsdlib/lib/cortex-m33/hard-float/libbsd_nrf9160_xxaa.a(obfuscated.elf)
                0x0001f63c                nrf_setsockopt
 .text.nrf_getsockopt
                0x0001f674       0x38 D:/software/nrf9160/ncs/nrfxlib/bsdlib/lib/cortex-m33/hard-float/libbsd_nrf9160_xxaa.a(obfuscated.elf)
                0x0001f674                nrf_getsockopt
 .text.nrf_getaddrinfo
                0x0001f6ac        0x4 D:/software/nrf9160/ncs/nrfxlib/bsdlib/lib/cortex-m33/hard-float/libbsd_nrf9160_xxaa.a(obfuscated.elf)
                0x0001f6ac                nrf_getaddrinfo
 .text.nrf_freeaddrinfo
                0x0001f6b0        0x4 D:/software/nrf9160/ncs/nrfxlib/bsdlib/lib/cortex-m33/hard-float/libbsd_nrf9160_xxaa.a(obfuscated.elf)
                0x0001f6b0                nrf_freeaddrinfo
 .text.nrf_poll
                0x0001f6b4        0x4 D:/software/nrf9160/ncs/nrfxlib/bsdlib/lib/cortex-m33/hard-float/libbsd_nrf9160_xxaa.a(obfuscated.elf)
                0x0001f6b4                nrf_poll
 .text.nrf_fcntl
                0x0001f6b8        0x4 D:/software/nrf9160/ncs/nrfxlib/bsdlib/lib/cortex-m33/hard-float/libbsd_nrf9160_xxaa.a(obfuscated.elf)
                0x0001f6b8                nrf_fcntl
 .text.bsd_recoverable_error_handler
                0x0001f6bc        0x4 D:/software/nrf9160/ncs/nrfxlib/bsdlib/lib/cortex-m33/hard-float/libbsd_nrf9160_xxaa.a(obfuscated.elf)
                0x0001f6bc                bsd_recoverable_error_handler
 .text.bsd_platform_error_handler
                0x0001f6c0        0x8 D:/software/nrf9160/ncs/nrfxlib/bsdlib/lib/cortex-m33/hard-float/libbsd_nrf9160_xxaa.a(obfuscated.elf)
                0x0001f6c0                bsd_platform_error_handler
 .text.bsd_init
                0x0001f6c8       0x20 D:/software/nrf9160/ncs/nrfxlib/bsdlib/lib/cortex-m33/hard-float/libbsd_nrf9160_xxaa.a(obfuscated.elf)
                0x0001f6c8                bsd_init
 .text.mbedtls_pk_init
                0x0001f6e8        0xc D:/software/nrf9160/ncs/nrfxlib/bsdlib/lib/cortex-m33/hard-float/libbsd_nrf9160_xxaa.a(obfuscated.elf)
                0x0001f6e8                symbol_000fa2a
 .text.mbedtls_pk_info_from_type
                0x0001f6f4       0x1c D:/software/nrf9160/ncs/nrfxlib/bsdlib/lib/cortex-m33/hard-float/libbsd_nrf9160_xxaa.a(obfuscated.elf)
                0x0001f6f4                symbol_00066b4
 .text.mbedtls_pk_setup
                0x0001f710       0x30 D:/software/nrf9160/ncs/nrfxlib/bsdlib/lib/cortex-m33/hard-float/libbsd_nrf9160_xxaa.a(obfuscated.elf)
                0x0001f710                symbol_000194a
 .text.mbedtls_pk_get_type
                0x0001f740        0xc D:/software/nrf9160/ncs/nrfxlib/bsdlib/lib/cortex-m33/hard-float/libbsd_nrf9160_xxaa.a(obfuscated.elf)
                0x0001f740                symbol_00005ae
 .text.rpc_transport_ipc_rx_init
                0x0001f74c      0x240 D:/software/nrf9160/ncs/nrfxlib/bsdlib/lib/cortex-m33/hard-float/libbsd_nrf9160_xxaa.a(obfuscated.elf)
                0x0001f74c                rpc_transport_ipc_rx_init
 .text.IPC_IRQHandler
                0x0001f98c      0x3dc D:/software/nrf9160/ncs/nrfxlib/bsdlib/lib/cortex-m33/hard-float/libbsd_nrf9160_xxaa.a(obfuscated.elf)
                0x0001f98c                IPC_IRQHandler
 .text.rpc_transport_msg_free
                0x0001fd68       0x6c D:/software/nrf9160/ncs/nrfxlib/bsdlib/lib/cortex-m33/hard-float/libbsd_nrf9160_xxaa.a(obfuscated.elf)
                0x0001fd68                rpc_transport_msg_free
 .text.block_cipher_df
                0x0001fdd4      0x248 D:/software/nrf9160/ncs/nrfxlib/bsdlib/lib/cortex-m33/hard-float/libbsd_nrf9160_xxaa.a(obfuscated.elf)
 .text.mbedtls_ctr_drbg_init
                0x0002001c        0xc D:/software/nrf9160/ncs/nrfxlib/bsdlib/lib/cortex-m33/hard-float/libbsd_nrf9160_xxaa.a(obfuscated.elf)
                0x0002001c                symbol_000078b
 .text.mbedtls_ctr_drbg_free
                0x00020028       0x1c D:/software/nrf9160/ncs/nrfxlib/bsdlib/lib/cortex-m33/hard-float/libbsd_nrf9160_xxaa.a(obfuscated.elf)
                0x00020028                symbol_0001c64
 .text.mbedtls_ctr_drbg_reseed
                0x00020044      0x1dc D:/software/nrf9160/ncs/nrfxlib/bsdlib/lib/cortex-m33/hard-float/libbsd_nrf9160_xxaa.a(obfuscated.elf)
                0x00020044                symbol_000ccf0
 .text.mbedtls_ctr_drbg_seed
                0x00020220       0x50 D:/software/nrf9160/ncs/nrfxlib/bsdlib/lib/cortex-m33/hard-float/libbsd_nrf9160_xxaa.a(obfuscated.elf)
                0x00020220                symbol_0001e1e
 .text.mbedtls_ctr_drbg_random
                0x00020270      0x468 D:/software/nrf9160/ncs/nrfxlib/bsdlib/lib/cortex-m33/hard-float/libbsd_nrf9160_xxaa.a(obfuscated.elf)
                0x00020270                symbol_000268c
 .text.packet_handler_create
                0x000206d8       0x40 D:/software/nrf9160/ncs/nrfxlib/bsdlib/lib/cortex-m33/hard-float/libbsd_nrf9160_xxaa.a(obfuscated.elf)
                0x000206d8                packet_handler_create
 .text.packet_handler_delete
                0x00020718       0x1c D:/software/nrf9160/ncs/nrfxlib/bsdlib/lib/cortex-m33/hard-float/libbsd_nrf9160_xxaa.a(obfuscated.elf)
                0x00020718                packet_handler_delete
 .text.mbedtls_ecp_group_load
                0x00020734       0x84 D:/software/nrf9160/ncs/nrfxlib/bsdlib/lib/cortex-m33/hard-float/libbsd_nrf9160_xxaa.a(obfuscated.elf)
                0x00020734                symbol_0002469
 .text.secure_client_socket
                0x000207b8       0xd8 D:/software/nrf9160/ncs/nrfxlib/bsdlib/lib/cortex-m33/hard-float/libbsd_nrf9160_xxaa.a(obfuscated.elf)
 .text.tls_interface_init
                0x00020890        0x4 D:/software/nrf9160/ncs/nrfxlib/bsdlib/lib/cortex-m33/hard-float/libbsd_nrf9160_xxaa.a(obfuscated.elf)
                0x00020890                tls_interface_init
 .text.tls_interface_open
                0x00020894       0x98 D:/software/nrf9160/ncs/nrfxlib/bsdlib/lib/cortex-m33/hard-float/libbsd_nrf9160_xxaa.a(obfuscated.elf)
                0x00020894                tls_interface_open
 .text.tls_interface_close
                0x0002092c       0x20 D:/software/nrf9160/ncs/nrfxlib/bsdlib/lib/cortex-m33/hard-float/libbsd_nrf9160_xxaa.a(obfuscated.elf)
                0x0002092c                tls_interface_close
 .text.tls_interface_sendto
                0x0002094c       0xb0 D:/software/nrf9160/ncs/nrfxlib/bsdlib/lib/cortex-m33/hard-float/libbsd_nrf9160_xxaa.a(obfuscated.elf)
                0x0002094c                tls_interface_sendto
 .text.tls_interface_recvfrom
                0x000209fc       0x94 D:/software/nrf9160/ncs/nrfxlib/bsdlib/lib/cortex-m33/hard-float/libbsd_nrf9160_xxaa.a(obfuscated.elf)
                0x000209fc                tls_interface_recvfrom
 .text.tls_interface_bind
                0x00020a90       0xd4 D:/software/nrf9160/ncs/nrfxlib/bsdlib/lib/cortex-m33/hard-float/libbsd_nrf9160_xxaa.a(obfuscated.elf)
                0x00020a90                tls_interface_bind
 .text.tls_interface_connect
                0x00020b64       0x60 D:/software/nrf9160/ncs/nrfxlib/bsdlib/lib/cortex-m33/hard-float/libbsd_nrf9160_xxaa.a(obfuscated.elf)
                0x00020b64                tls_interface_connect
 .text.tls_interface_listen
                0x00020bc4       0xf0 D:/software/nrf9160/ncs/nrfxlib/bsdlib/lib/cortex-m33/hard-float/libbsd_nrf9160_xxaa.a(obfuscated.elf)
                0x00020bc4                tls_interface_listen
 .text.tls_interface_accept
                0x00020cb4       0xa0 D:/software/nrf9160/ncs/nrfxlib/bsdlib/lib/cortex-m33/hard-float/libbsd_nrf9160_xxaa.a(obfuscated.elf)
                0x00020cb4                tls_interface_accept
 .text.tls_interface_setopt
                0x00020d54       0xe8 D:/software/nrf9160/ncs/nrfxlib/bsdlib/lib/cortex-m33/hard-float/libbsd_nrf9160_xxaa.a(obfuscated.elf)
                0x00020d54                tls_interface_setopt
 .text.tls_interface_getopt
                0x00020e3c       0xd4 D:/software/nrf9160/ncs/nrfxlib/bsdlib/lib/cortex-m33/hard-float/libbsd_nrf9160_xxaa.a(obfuscated.elf)
                0x00020e3c                tls_interface_getopt
 .text.tls_rpc_ip_event_handler
                0x00020f10       0xec D:/software/nrf9160/ncs/nrfxlib/bsdlib/lib/cortex-m33/hard-float/libbsd_nrf9160_xxaa.a(obfuscated.elf)
                0x00020f10                tls_rpc_ip_event_handler
 .text.rpc_gnss_serialize_utc
                0x00020ffc       0x44 D:/software/nrf9160/ncs/nrfxlib/bsdlib/lib/cortex-m33/hard-float/libbsd_nrf9160_xxaa.a(obfuscated.elf)
                0x00020ffc                rpc_gnss_serialize_utc
 .text.rpc_gnss_serialize_ephe
                0x00021040       0xa4 D:/software/nrf9160/ncs/nrfxlib/bsdlib/lib/cortex-m33/hard-float/libbsd_nrf9160_xxaa.a(obfuscated.elf)
                0x00021040                rpc_gnss_serialize_ephe
 .text.rpc_gnss_serialize_alm
                0x000210e4       0x64 D:/software/nrf9160/ncs/nrfxlib/bsdlib/lib/cortex-m33/hard-float/libbsd_nrf9160_xxaa.a(obfuscated.elf)
                0x000210e4                rpc_gnss_serialize_alm
 .text.rpc_gnss_serialize_klob
                0x00021148       0x48 D:/software/nrf9160/ncs/nrfxlib/bsdlib/lib/cortex-m33/hard-float/libbsd_nrf9160_xxaa.a(obfuscated.elf)
                0x00021148                rpc_gnss_serialize_klob
 .text.rpc_gnss_serialize_nequick
                0x00021190       0x34 D:/software/nrf9160/ncs/nrfxlib/bsdlib/lib/cortex-m33/hard-float/libbsd_nrf9160_xxaa.a(obfuscated.elf)
                0x00021190                rpc_gnss_serialize_nequick
 .text.rpc_gnss_serialize_time_and_sv_tow
                0x000211c4       0x50 D:/software/nrf9160/ncs/nrfxlib/bsdlib/lib/cortex-m33/hard-float/libbsd_nrf9160_xxaa.a(obfuscated.elf)
                0x000211c4                rpc_gnss_serialize_time_and_sv_tow
 .text.rpc_gnss_serialize_location
                0x00021214       0x40 D:/software/nrf9160/ncs/nrfxlib/bsdlib/lib/cortex-m33/hard-float/libbsd_nrf9160_xxaa.a(obfuscated.elf)
                0x00021214                rpc_gnss_serialize_location
 .text.rpc_gnss_serialize_integrity
                0x00021254       0x1c D:/software/nrf9160/ncs/nrfxlib/bsdlib/lib/cortex-m33/hard-float/libbsd_nrf9160_xxaa.a(obfuscated.elf)
                0x00021254                rpc_gnss_serialize_integrity
 .text.ipc_trace_init
                0x00021270        0xc D:/software/nrf9160/ncs/nrfxlib/bsdlib/lib/cortex-m33/hard-float/libbsd_nrf9160_xxaa.a(obfuscated.elf)
                0x00021270                ipc_trace_init
 .text.bsd_os_trace_irq_handler
                0x0002127c      0x1c4 D:/software/nrf9160/ncs/nrfxlib/bsdlib/lib/cortex-m33/hard-float/libbsd_nrf9160_xxaa.a(obfuscated.elf)
                0x0002127c                bsd_os_trace_irq_handler
 .text.ipc_trace_handle
                0x00021440      0x2dc D:/software/nrf9160/ncs/nrfxlib/bsdlib/lib/cortex-m33/hard-float/libbsd_nrf9160_xxaa.a(obfuscated.elf)
                0x00021440                ipc_trace_handle
 .text.rpc_trace_coredump_in_progress
                0x0002171c        0xc D:/software/nrf9160/ncs/nrfxlib/bsdlib/lib/cortex-m33/hard-float/libbsd_nrf9160_xxaa.a(obfuscated.elf)
                0x0002171c                rpc_trace_coredump_in_progress
 .text.ecp_modp
                0x00021728       0x98 D:/software/nrf9160/ncs/nrfxlib/bsdlib/lib/cortex-m33/hard-float/libbsd_nrf9160_xxaa.a(obfuscated.elf)
 .text.ecp_double_jac
                0x000217c0      0x4a0 D:/software/nrf9160/ncs/nrfxlib/bsdlib/lib/cortex-m33/hard-float/libbsd_nrf9160_xxaa.a(obfuscated.elf)
 .text.ecp_normalize_jac
                0x00021c60       0xd0 D:/software/nrf9160/ncs/nrfxlib/bsdlib/lib/cortex-m33/hard-float/libbsd_nrf9160_xxaa.a(obfuscated.elf)
 .text.ecp_normalize_jac_many.part.3
                0x00021d30      0x220 D:/software/nrf9160/ncs/nrfxlib/bsdlib/lib/cortex-m33/hard-float/libbsd_nrf9160_xxaa.a(obfuscated.elf)
 .text.mbedtls_ecp_keypair_init
                0x00021f50       0x34 D:/software/nrf9160/ncs/nrfxlib/bsdlib/lib/cortex-m33/hard-float/libbsd_nrf9160_xxaa.a(obfuscated.elf)
                0x00021f50                symbol_0002b14
 .text.mbedtls_ecp_group_free
                0x00021f84       0x98 D:/software/nrf9160/ncs/nrfxlib/bsdlib/lib/cortex-m33/hard-float/libbsd_nrf9160_xxaa.a(obfuscated.elf)
                0x00021f84                symbol_0000ef7
 .text.mbedtls_ecp_keypair_free
                0x0002201c       0x30 D:/software/nrf9160/ncs/nrfxlib/bsdlib/lib/cortex-m33/hard-float/libbsd_nrf9160_xxaa.a(obfuscated.elf)
                0x0002201c                symbol_0001d5f
 .text.mbedtls_ecp_set_zero
                0x0002204c       0x2c D:/software/nrf9160/ncs/nrfxlib/bsdlib/lib/cortex-m33/hard-float/libbsd_nrf9160_xxaa.a(obfuscated.elf)
                0x0002204c                symbol_000d41f
 .text.ecp_add_mixed
                0x00022078      0x448 D:/software/nrf9160/ncs/nrfxlib/bsdlib/lib/cortex-m33/hard-float/libbsd_nrf9160_xxaa.a(obfuscated.elf)
 .text.ecp_mul_comb
                0x000224c0      0x76c D:/software/nrf9160/ncs/nrfxlib/bsdlib/lib/cortex-m33/hard-float/libbsd_nrf9160_xxaa.a(obfuscated.elf)
 .text.mbedtls_ecp_point_write_binary
                0x00022c2c       0xa4 D:/software/nrf9160/ncs/nrfxlib/bsdlib/lib/cortex-m33/hard-float/libbsd_nrf9160_xxaa.a(obfuscated.elf)
                0x00022c2c                symbol_000637b
 .text.mbedtls_ecp_point_read_binary
                0x00022cd0       0x94 D:/software/nrf9160/ncs/nrfxlib/bsdlib/lib/cortex-m33/hard-float/libbsd_nrf9160_xxaa.a(obfuscated.elf)
                0x00022cd0                symbol_0007a22
 .text.mbedtls_ecp_check_pubkey
                0x00022d64      0x1a8 D:/software/nrf9160/ncs/nrfxlib/bsdlib/lib/cortex-m33/hard-float/libbsd_nrf9160_xxaa.a(obfuscated.elf)
                0x00022d64                symbol_000e8bc
 .text.mbedtls_ecp_check_pub_priv
                0x00022f0c      0x1bc D:/software/nrf9160/ncs/nrfxlib/bsdlib/lib/cortex-m33/hard-float/libbsd_nrf9160_xxaa.a(obfuscated.elf)
                0x00022f0c                symbol_0001f66
 .text.interface_init
                0x000230c8       0x18 D:/software/nrf9160/ncs/nrfxlib/bsdlib/lib/cortex-m33/hard-float/libbsd_nrf9160_xxaa.a(obfuscated.elf)
                0x000230c8                interface_init
 .text.interface_socket_allocate
                0x000230e0       0xac D:/software/nrf9160/ncs/nrfxlib/bsdlib/lib/cortex-m33/hard-float/libbsd_nrf9160_xxaa.a(obfuscated.elf)
                0x000230e0                interface_socket_allocate
 .text.interface_socket_free
                0x0002318c       0x2c D:/software/nrf9160/ncs/nrfxlib/bsdlib/lib/cortex-m33/hard-float/libbsd_nrf9160_xxaa.a(obfuscated.elf)
                0x0002318c                interface_socket_free
 .text.interface_socket_packet_handler_update
                0x000231b8       0x70 D:/software/nrf9160/ncs/nrfxlib/bsdlib/lib/cortex-m33/hard-float/libbsd_nrf9160_xxaa.a(obfuscated.elf)
                0x000231b8                interface_socket_packet_handler_update
 .text.interface_socket_wait
                0x00023228       0x44 D:/software/nrf9160/ncs/nrfxlib/bsdlib/lib/cortex-m33/hard-float/libbsd_nrf9160_xxaa.a(obfuscated.elf)
                0x00023228                interface_socket_wait
 .text.interface_from_internal_id_search
                0x0002326c       0x94 D:/software/nrf9160/ncs/nrfxlib/bsdlib/lib/cortex-m33/hard-float/libbsd_nrf9160_xxaa.a(obfuscated.elf)
                0x0002326c                interface_from_internal_id_search
 .text.interface_socket_from_handle_get
                0x00023300       0x1c D:/software/nrf9160/ncs/nrfxlib/bsdlib/lib/cortex-m33/hard-float/libbsd_nrf9160_xxaa.a(obfuscated.elf)
                0x00023300                interface_socket_from_handle_get
 .text.interface_socket_event_get
                0x0002331c       0x34 D:/software/nrf9160/ncs/nrfxlib/bsdlib/lib/cortex-m33/hard-float/libbsd_nrf9160_xxaa.a(obfuscated.elf)
                0x0002331c                interface_socket_event_get
 .text.interface_socket_setopt
                0x00023350       0x6c D:/software/nrf9160/ncs/nrfxlib/bsdlib/lib/cortex-m33/hard-float/libbsd_nrf9160_xxaa.a(obfuscated.elf)
                0x00023350                interface_socket_setopt
 .text.interface_socket_getopt
                0x000233bc       0x5c D:/software/nrf9160/ncs/nrfxlib/bsdlib/lib/cortex-m33/hard-float/libbsd_nrf9160_xxaa.a(obfuscated.elf)
                0x000233bc                interface_socket_getopt
 .text.interface_socket_fcntl
                0x00023418       0x54 D:/software/nrf9160/ncs/nrfxlib/bsdlib/lib/cortex-m33/hard-float/libbsd_nrf9160_xxaa.a(obfuscated.elf)
                0x00023418                interface_socket_fcntl
 .text.mbedtls_pem_write_buffer
                0x0002346c       0xfc D:/software/nrf9160/ncs/nrfxlib/bsdlib/lib/cortex-m33/hard-float/libbsd_nrf9160_xxaa.a(obfuscated.elf)
                0x0002346c                symbol_00026c2
 .text.ip_recvd_packet_free_cb
                0x00023568       0x18 D:/software/nrf9160/ncs/nrfxlib/bsdlib/lib/cortex-m33/hard-float/libbsd_nrf9160_xxaa.a(obfuscated.elf)
 .text.rpc_error_to_nrf_bsd_error
                0x00023580       0x14 D:/software/nrf9160/ncs/nrfxlib/bsdlib/lib/cortex-m33/hard-float/libbsd_nrf9160_xxaa.a(obfuscated.elf)
                0x00023580                rpc_error_to_nrf_bsd_error
 .text.ip_interface_request_create
                0x00023594       0x40 D:/software/nrf9160/ncs/nrfxlib/bsdlib/lib/cortex-m33/hard-float/libbsd_nrf9160_xxaa.a(obfuscated.elf)
                0x00023594                ip_interface_request_create
 .text.ip_interface_request_send
                0x000235d4       0x28 D:/software/nrf9160/ncs/nrfxlib/bsdlib/lib/cortex-m33/hard-float/libbsd_nrf9160_xxaa.a(obfuscated.elf)
                0x000235d4                ip_interface_request_send
 .text.ip_interface_wait
                0x000235fc       0x28 D:/software/nrf9160/ncs/nrfxlib/bsdlib/lib/cortex-m33/hard-float/libbsd_nrf9160_xxaa.a(obfuscated.elf)
                0x000235fc                ip_interface_wait
 .text.ip_interface_init
                0x00023624       0x30 D:/software/nrf9160/ncs/nrfxlib/bsdlib/lib/cortex-m33/hard-float/libbsd_nrf9160_xxaa.a(obfuscated.elf)
                0x00023624                ip_interface_init
 .text.ip_interface_open
                0x00023654      0x158 D:/software/nrf9160/ncs/nrfxlib/bsdlib/lib/cortex-m33/hard-float/libbsd_nrf9160_xxaa.a(obfuscated.elf)
                0x00023654                ip_interface_open
 .text.ip_interface_close
                0x000237ac       0xe0 D:/software/nrf9160/ncs/nrfxlib/bsdlib/lib/cortex-m33/hard-float/libbsd_nrf9160_xxaa.a(obfuscated.elf)
                0x000237ac                ip_interface_close
 .text.ip_interface_sendto
                0x0002388c      0x274 D:/software/nrf9160/ncs/nrfxlib/bsdlib/lib/cortex-m33/hard-float/libbsd_nrf9160_xxaa.a(obfuscated.elf)
                0x0002388c                ip_interface_sendto
 .text.ip_interface_recvfrom
                0x00023b00      0x258 D:/software/nrf9160/ncs/nrfxlib/bsdlib/lib/cortex-m33/hard-float/libbsd_nrf9160_xxaa.a(obfuscated.elf)
                0x00023b00                ip_interface_recvfrom
 .text.ip_interface_connect
                0x00023d58      0x154 D:/software/nrf9160/ncs/nrfxlib/bsdlib/lib/cortex-m33/hard-float/libbsd_nrf9160_xxaa.a(obfuscated.elf)
                0x00023d58                ip_interface_connect
 .text.ip_interface_bind
                0x00023eac      0x12c D:/software/nrf9160/ncs/nrfxlib/bsdlib/lib/cortex-m33/hard-float/libbsd_nrf9160_xxaa.a(obfuscated.elf)
                0x00023eac                ip_interface_bind
 .text.ip_interface_listen
                0x00023fd8       0xec D:/software/nrf9160/ncs/nrfxlib/bsdlib/lib/cortex-m33/hard-float/libbsd_nrf9160_xxaa.a(obfuscated.elf)
                0x00023fd8                ip_interface_listen
 .text.ip_interface_accept
                0x000240c4      0x270 D:/software/nrf9160/ncs/nrfxlib/bsdlib/lib/cortex-m33/hard-float/libbsd_nrf9160_xxaa.a(obfuscated.elf)
                0x000240c4                ip_interface_accept
 .text.ip_interface_setopt
                0x00024334      0x178 D:/software/nrf9160/ncs/nrfxlib/bsdlib/lib/cortex-m33/hard-float/libbsd_nrf9160_xxaa.a(obfuscated.elf)
                0x00024334                ip_interface_setopt
 .text.ip_interface_getopt
                0x000244ac        0x4 D:/software/nrf9160/ncs/nrfxlib/bsdlib/lib/cortex-m33/hard-float/libbsd_nrf9160_xxaa.a(obfuscated.elf)
                0x000244ac                ip_interface_getopt
 .text.ip_interface_getaddrinfo
                0x000244b0      0x1ec D:/software/nrf9160/ncs/nrfxlib/bsdlib/lib/cortex-m33/hard-float/libbsd_nrf9160_xxaa.a(obfuscated.elf)
                0x000244b0                ip_interface_getaddrinfo
 .text.ip_interface_freeaddrinfo
                0x0002469c       0x3c D:/software/nrf9160/ncs/nrfxlib/bsdlib/lib/cortex-m33/hard-float/libbsd_nrf9160_xxaa.a(obfuscated.elf)
                0x0002469c                ip_interface_freeaddrinfo
 .text.rpc_ip_event_handler
                0x000246d8      0x4d0 D:/software/nrf9160/ncs/nrfxlib/bsdlib/lib/cortex-m33/hard-float/libbsd_nrf9160_xxaa.a(obfuscated.elf)
                0x000246d8                rpc_ip_event_handler
 .text.rpc_logobj_client_evt_handler
                0x00024ba8       0x10 D:/software/nrf9160/ncs/nrfxlib/bsdlib/lib/cortex-m33/hard-float/libbsd_nrf9160_xxaa.a(obfuscated.elf)
 .text.rpc_logobj_client_init
                0x00024bb8        0xc D:/software/nrf9160/ncs/nrfxlib/bsdlib/lib/cortex-m33/hard-float/libbsd_nrf9160_xxaa.a(obfuscated.elf)
                0x00024bb8                rpc_logobj_client_init
 .text.rpc_logobj_client_request_alloc
                0x00024bc4       0x30 D:/software/nrf9160/ncs/nrfxlib/bsdlib/lib/cortex-m33/hard-float/libbsd_nrf9160_xxaa.a(obfuscated.elf)
                0x00024bc4                rpc_logobj_client_request_alloc
 .text.rpc_logobj_client_request_send
                0x00024bf4       0x2c D:/software/nrf9160/ncs/nrfxlib/bsdlib/lib/cortex-m33/hard-float/libbsd_nrf9160_xxaa.a(obfuscated.elf)
                0x00024bf4                rpc_logobj_client_request_send
 .text.rpc_logobj_client_message_free
                0x00024c20       0x10 D:/software/nrf9160/ncs/nrfxlib/bsdlib/lib/cortex-m33/hard-float/libbsd_nrf9160_xxaa.a(obfuscated.elf)
                0x00024c20                rpc_logobj_client_message_free
 .text.rpc_logobj_client_data_free
                0x00024c30       0x10 D:/software/nrf9160/ncs/nrfxlib/bsdlib/lib/cortex-m33/hard-float/libbsd_nrf9160_xxaa.a(obfuscated.elf)
                0x00024c30                rpc_logobj_client_data_free
 .text.datagram_handler_init
                0x00024c40       0x1c D:/software/nrf9160/ncs/nrfxlib/bsdlib/lib/cortex-m33/hard-float/libbsd_nrf9160_xxaa.a(obfuscated.elf)
                0x00024c40                datagram_handler_init
 .text.datagram_handler_put
                0x00024c5c       0x40 D:/software/nrf9160/ncs/nrfxlib/bsdlib/lib/cortex-m33/hard-float/libbsd_nrf9160_xxaa.a(obfuscated.elf)
                0x00024c5c                datagram_handler_put
 .text.datagram_handler_get
                0x00024c9c       0x8c D:/software/nrf9160/ncs/nrfxlib/bsdlib/lib/cortex-m33/hard-float/libbsd_nrf9160_xxaa.a(obfuscated.elf)
                0x00024c9c                datagram_handler_get
 .text.datagram_handler_available
                0x00024d28       0x14 D:/software/nrf9160/ncs/nrfxlib/bsdlib/lib/cortex-m33/hard-float/libbsd_nrf9160_xxaa.a(obfuscated.elf)
                0x00024d28                datagram_handler_available
 .text.datagram_handler_flush
                0x00024d3c       0x48 D:/software/nrf9160/ncs/nrfxlib/bsdlib/lib/cortex-m33/hard-float/libbsd_nrf9160_xxaa.a(obfuscated.elf)
                0x00024d3c                datagram_handler_flush
 .text.datagram_handler_free
                0x00024d84       0x4c D:/software/nrf9160/ncs/nrfxlib/bsdlib/lib/cortex-m33/hard-float/libbsd_nrf9160_xxaa.a(obfuscated.elf)
                0x00024d84                datagram_handler_free
 .text.linked_list_init
                0x00024dd0       0x14 D:/software/nrf9160/ncs/nrfxlib/bsdlib/lib/cortex-m33/hard-float/libbsd_nrf9160_xxaa.a(obfuscated.elf)
                0x00024dd0                linked_list_init
 .text.linked_list_push
                0x00024de4       0x2c D:/software/nrf9160/ncs/nrfxlib/bsdlib/lib/cortex-m33/hard-float/libbsd_nrf9160_xxaa.a(obfuscated.elf)
                0x00024de4                linked_list_push
 .text.linked_list_pop
                0x00024e10       0x14 D:/software/nrf9160/ncs/nrfxlib/bsdlib/lib/cortex-m33/hard-float/libbsd_nrf9160_xxaa.a(obfuscated.elf)
                0x00024e10                linked_list_pop
 .text.linked_list_peek
                0x00024e24        0xc D:/software/nrf9160/ncs/nrfxlib/bsdlib/lib/cortex-m33/hard-float/libbsd_nrf9160_xxaa.a(obfuscated.elf)
                0x00024e24                linked_list_peek
 .text.linked_list_size_get
                0x00024e30        0x4 D:/software/nrf9160/ncs/nrfxlib/bsdlib/lib/cortex-m33/hard-float/libbsd_nrf9160_xxaa.a(obfuscated.elf)
                0x00024e30                linked_list_size_get
 .text.linked_list_get_next
                0x00024e34        0x4 D:/software/nrf9160/ncs/nrfxlib/bsdlib/lib/cortex-m33/hard-float/libbsd_nrf9160_xxaa.a(obfuscated.elf)
                0x00024e34                linked_list_get_next
 .text.rpc_transport_ipc_tx_init
                0x00024e38      0x1d4 D:/software/nrf9160/ncs/nrfxlib/bsdlib/lib/cortex-m33/hard-float/libbsd_nrf9160_xxaa.a(obfuscated.elf)
                0x00024e38                rpc_transport_ipc_tx_init
 .text.rpc_transport_ipc_tx_send
                0x0002500c      0x100 D:/software/nrf9160/ncs/nrfxlib/bsdlib/lib/cortex-m33/hard-float/libbsd_nrf9160_xxaa.a(obfuscated.elf)
                0x0002500c                rpc_transport_ipc_tx_send
 .text.rpc_transport_ipc_tx_rpc_data_alloc
                0x0002510c       0x70 D:/software/nrf9160/ncs/nrfxlib/bsdlib/lib/cortex-m33/hard-float/libbsd_nrf9160_xxaa.a(obfuscated.elf)
                0x0002510c                rpc_transport_ipc_tx_rpc_data_alloc
 .text.rpc_transport_ipc_tx_rpc_ctrl_alloc
                0x0002517c       0x60 D:/software/nrf9160/ncs/nrfxlib/bsdlib/lib/cortex-m33/hard-float/libbsd_nrf9160_xxaa.a(obfuscated.elf)
                0x0002517c                rpc_transport_ipc_tx_rpc_ctrl_alloc
 .text.rpc_transport_ipc_tx_data_alloc
                0x000251dc       0x14 D:/software/nrf9160/ncs/nrfxlib/bsdlib/lib/cortex-m33/hard-float/libbsd_nrf9160_xxaa.a(obfuscated.elf)
                0x000251dc                rpc_transport_ipc_tx_data_alloc
 .text.null_handler_init
                0x000251f0        0x4 D:/software/nrf9160/ncs/nrfxlib/bsdlib/lib/cortex-m33/hard-float/libbsd_nrf9160_xxaa.a(obfuscated.elf)
                0x000251f0                null_handler_init
 .text.null_handler_put
                0x000251f4       0x10 D:/software/nrf9160/ncs/nrfxlib/bsdlib/lib/cortex-m33/hard-float/libbsd_nrf9160_xxaa.a(obfuscated.elf)
                0x000251f4                null_handler_put
 .text.null_handler_get
                0x00025204        0x8 D:/software/nrf9160/ncs/nrfxlib/bsdlib/lib/cortex-m33/hard-float/libbsd_nrf9160_xxaa.a(obfuscated.elf)
                0x00025204                null_handler_get
 .text.null_handler_available
                0x0002520c        0x8 D:/software/nrf9160/ncs/nrfxlib/bsdlib/lib/cortex-m33/hard-float/libbsd_nrf9160_xxaa.a(obfuscated.elf)
                0x0002520c                null_handler_available
 .text.null_handler_flush
                0x00025214        0x4 D:/software/nrf9160/ncs/nrfxlib/bsdlib/lib/cortex-m33/hard-float/libbsd_nrf9160_xxaa.a(obfuscated.elf)
                0x00025214                null_handler_flush
 .text.null_handler_free
                0x00025218        0x4 D:/software/nrf9160/ncs/nrfxlib/bsdlib/lib/cortex-m33/hard-float/libbsd_nrf9160_xxaa.a(obfuscated.elf)
                0x00025218                null_handler_free
 .text.rpc_gnss_event_handler
                0x0002521c      0x188 D:/software/nrf9160/ncs/nrfxlib/bsdlib/lib/cortex-m33/hard-float/libbsd_nrf9160_xxaa.a(obfuscated.elf)
                0x0002521c                rpc_gnss_event_handler
 .text.gnss_interface_write
                0x000253a4      0x1f0 D:/software/nrf9160/ncs/nrfxlib/bsdlib/lib/cortex-m33/hard-float/libbsd_nrf9160_xxaa.a(obfuscated.elf)
                0x000253a4                gnss_interface_write
 .text.gnss_interface_read
                0x00025594      0x400 D:/software/nrf9160/ncs/nrfxlib/bsdlib/lib/cortex-m33/hard-float/libbsd_nrf9160_xxaa.a(obfuscated.elf)
                0x00025594                gnss_interface_read
 .text.gnss_interface_setopt
                0x00025994      0x290 D:/software/nrf9160/ncs/nrfxlib/bsdlib/lib/cortex-m33/hard-float/libbsd_nrf9160_xxaa.a(obfuscated.elf)
                0x00025994                gnss_interface_setopt
 .text.gnss_interface_getopt
                0x00025c24      0x220 D:/software/nrf9160/ncs/nrfxlib/bsdlib/lib/cortex-m33/hard-float/libbsd_nrf9160_xxaa.a(obfuscated.elf)
                0x00025c24                gnss_interface_getopt
 .text.gnss_interface_init
                0x00025e44       0x3c D:/software/nrf9160/ncs/nrfxlib/bsdlib/lib/cortex-m33/hard-float/libbsd_nrf9160_xxaa.a(obfuscated.elf)
                0x00025e44                gnss_interface_init
 .text.gnss_interface_open
                0x00025e80       0x70 D:/software/nrf9160/ncs/nrfxlib/bsdlib/lib/cortex-m33/hard-float/libbsd_nrf9160_xxaa.a(obfuscated.elf)
                0x00025e80                gnss_interface_open
 .text.gnss_interface_close
                0x00025ef0       0x5c D:/software/nrf9160/ncs/nrfxlib/bsdlib/lib/cortex-m33/hard-float/libbsd_nrf9160_xxaa.a(obfuscated.elf)
                0x00025ef0                gnss_interface_close
 .text.rpc_dfu_event_handler
                0x00025f4c       0x2c D:/software/nrf9160/ncs/nrfxlib/bsdlib/lib/cortex-m33/hard-float/libbsd_nrf9160_xxaa.a(obfuscated.elf)
                0x00025f4c                rpc_dfu_event_handler
 .text.mfu_interface_init
                0x00025f78       0x38 D:/software/nrf9160/ncs/nrfxlib/bsdlib/lib/cortex-m33/hard-float/libbsd_nrf9160_xxaa.a(obfuscated.elf)
                0x00025f78                mfu_interface_init
 .text.mfu_interface_open
                0x00025fb0       0x3c D:/software/nrf9160/ncs/nrfxlib/bsdlib/lib/cortex-m33/hard-float/libbsd_nrf9160_xxaa.a(obfuscated.elf)
                0x00025fb0                mfu_interface_open
 .text.mfu_interface_close
                0x00025fec       0xdc D:/software/nrf9160/ncs/nrfxlib/bsdlib/lib/cortex-m33/hard-float/libbsd_nrf9160_xxaa.a(obfuscated.elf)
                0x00025fec                mfu_interface_close
 .text.mfu_interface_sendto
                0x000260c8      0x184 D:/software/nrf9160/ncs/nrfxlib/bsdlib/lib/cortex-m33/hard-float/libbsd_nrf9160_xxaa.a(obfuscated.elf)
                0x000260c8                mfu_interface_sendto
 .text.mfu_interface_setopt
                0x0002624c      0x130 D:/software/nrf9160/ncs/nrfxlib/bsdlib/lib/cortex-m33/hard-float/libbsd_nrf9160_xxaa.a(obfuscated.elf)
                0x0002624c                mfu_interface_setopt
 .text.mfu_interface_getopt
                0x0002637c      0x1b0 D:/software/nrf9160/ncs/nrfxlib/bsdlib/lib/cortex-m33/hard-float/libbsd_nrf9160_xxaa.a(obfuscated.elf)
                0x0002637c                mfu_interface_getopt
 .text.unimplemented_method
                0x0002652c       0x18 D:/software/nrf9160/ncs/nrfxlib/bsdlib/lib/cortex-m33/hard-float/libbsd_nrf9160_xxaa.a(obfuscated.elf)
 .text.bsd_platform_init
                0x00026544       0xd8 D:/software/nrf9160/ncs/nrfxlib/bsdlib/lib/cortex-m33/hard-float/libbsd_nrf9160_xxaa.a(obfuscated.elf)
                0x00026544                bsd_platform_init
 .text.bsd_platform_af_method_table_get
                0x0002661c       0xa8 D:/software/nrf9160/ncs/nrfxlib/bsdlib/lib/cortex-m33/hard-float/libbsd_nrf9160_xxaa.a(obfuscated.elf)
                0x0002661c                bsd_platform_af_method_table_get
 .text.bsd_platform_fd_method_table_get
                0x000266c4       0xe0 D:/software/nrf9160/ncs/nrfxlib/bsdlib/lib/cortex-m33/hard-float/libbsd_nrf9160_xxaa.a(obfuscated.elf)
                0x000266c4                bsd_platform_fd_method_table_get
 .text.nrf_inbuilt_key_init
                0x000267a4       0x8c D:/software/nrf9160/ncs/nrfxlib/bsdlib/lib/cortex-m33/hard-float/libbsd_nrf9160_xxaa.a(obfuscated.elf)
                0x000267a4                nrf_inbuilt_key_init
 .text.mbedtls_platform_zeroize
                0x00026830       0x10 D:/software/nrf9160/ncs/nrfxlib/bsdlib/lib/cortex-m33/hard-float/libbsd_nrf9160_xxaa.a(obfuscated.elf)
                0x00026830                symbol_0005436
 .text.mpi_mul_hlp
                0x00026840      0x5d4 D:/software/nrf9160/ncs/nrfxlib/bsdlib/lib/cortex-m33/hard-float/libbsd_nrf9160_xxaa.a(obfuscated.elf)
 .text.mbedtls_mpi_cmp_mpi.constprop.6
                0x00026e14       0x84 D:/software/nrf9160/ncs/nrfxlib/bsdlib/lib/cortex-m33/hard-float/libbsd_nrf9160_xxaa.a(obfuscated.elf)
 .text.mbedtls_mpi_init
                0x00026e98       0x10 D:/software/nrf9160/ncs/nrfxlib/bsdlib/lib/cortex-m33/hard-float/libbsd_nrf9160_xxaa.a(obfuscated.elf)
                0x00026e98                symbol_00038d0
 .text.mbedtls_mpi_free
                0x00026ea8       0x34 D:/software/nrf9160/ncs/nrfxlib/bsdlib/lib/cortex-m33/hard-float/libbsd_nrf9160_xxaa.a(obfuscated.elf)
                0x00026ea8                symbol_000fb6e
 .text.mbedtls_mpi_shrink
                0x00026edc       0xc4 D:/software/nrf9160/ncs/nrfxlib/bsdlib/lib/cortex-m33/hard-float/libbsd_nrf9160_xxaa.a(obfuscated.elf)
                0x00026edc                symbol_0006423
 .text.mbedtls_mpi_copy
                0x00026fa0       0xdc D:/software/nrf9160/ncs/nrfxlib/bsdlib/lib/cortex-m33/hard-float/libbsd_nrf9160_xxaa.a(obfuscated.elf)
                0x00026fa0                symbol_00084df
 .text.mbedtls_mpi_sub_abs.constprop.8
                0x0002707c      0x180 D:/software/nrf9160/ncs/nrfxlib/bsdlib/lib/cortex-m33/hard-float/libbsd_nrf9160_xxaa.a(obfuscated.elf)
 .text.mbedtls_mpi_safe_cond_assign
                0x000271fc       0xbc D:/software/nrf9160/ncs/nrfxlib/bsdlib/lib/cortex-m33/hard-float/libbsd_nrf9160_xxaa.a(obfuscated.elf)
                0x000271fc                symbol_0006ccd
 .text.mbedtls_mpi_lset
                0x000272b8       0x74 D:/software/nrf9160/ncs/nrfxlib/bsdlib/lib/cortex-m33/hard-float/libbsd_nrf9160_xxaa.a(obfuscated.elf)
                0x000272b8                symbol_000b345
 .text.mbedtls_mpi_get_bit
                0x0002732c       0x20 D:/software/nrf9160/ncs/nrfxlib/bsdlib/lib/cortex-m33/hard-float/libbsd_nrf9160_xxaa.a(obfuscated.elf)
                0x0002732c                symbol_0007f0f
 .text.mbedtls_mpi_bitlen
                0x0002734c       0x5c D:/software/nrf9160/ncs/nrfxlib/bsdlib/lib/cortex-m33/hard-float/libbsd_nrf9160_xxaa.a(obfuscated.elf)
                0x0002734c                symbol_00030c0
 .text.mbedtls_mpi_size
                0x000273a8       0x60 D:/software/nrf9160/ncs/nrfxlib/bsdlib/lib/cortex-m33/hard-float/libbsd_nrf9160_xxaa.a(obfuscated.elf)
                0x000273a8                symbol_000b7da
 .text.mbedtls_mpi_read_binary
                0x00027408      0x124 D:/software/nrf9160/ncs/nrfxlib/bsdlib/lib/cortex-m33/hard-float/libbsd_nrf9160_xxaa.a(obfuscated.elf)
                0x00027408                symbol_000eaf4
 .text.mbedtls_mpi_write_binary
                0x0002752c       0xa4 D:/software/nrf9160/ncs/nrfxlib/bsdlib/lib/cortex-m33/hard-float/libbsd_nrf9160_xxaa.a(obfuscated.elf)
                0x0002752c                symbol_000116e
 .text.mbedtls_mpi_shift_l
                0x000275d0      0x16c D:/software/nrf9160/ncs/nrfxlib/bsdlib/lib/cortex-m33/hard-float/libbsd_nrf9160_xxaa.a(obfuscated.elf)
                0x000275d0                symbol_0004fb7
 .text.mbedtls_mpi_shift_r
                0x0002773c       0xe0 D:/software/nrf9160/ncs/nrfxlib/bsdlib/lib/cortex-m33/hard-float/libbsd_nrf9160_xxaa.a(obfuscated.elf)
                0x0002773c                symbol_0000994
 .text.mbedtls_mpi_cmp_mpi
                0x0002781c       0xd0 D:/software/nrf9160/ncs/nrfxlib/bsdlib/lib/cortex-m33/hard-float/libbsd_nrf9160_xxaa.a(obfuscated.elf)
                0x0002781c                symbol_000242f
 .text.mbedtls_mpi_cmp_int
                0x000278ec       0xa8 D:/software/nrf9160/ncs/nrfxlib/bsdlib/lib/cortex-m33/hard-float/libbsd_nrf9160_xxaa.a(obfuscated.elf)
                0x000278ec                symbol_000ccad
 .text.mbedtls_mpi_add_abs
                0x00027994      0x148 D:/software/nrf9160/ncs/nrfxlib/bsdlib/lib/cortex-m33/hard-float/libbsd_nrf9160_xxaa.a(obfuscated.elf)
                0x00027994                symbol_000c914
 .text.mbedtls_mpi_sub_abs
                0x00027adc      0x180 D:/software/nrf9160/ncs/nrfxlib/bsdlib/lib/cortex-m33/hard-float/libbsd_nrf9160_xxaa.a(obfuscated.elf)
                0x00027adc                symbol_0004fdf
 .text.mbedtls_mpi_add_mpi
                0x00027c5c       0xe8 D:/software/nrf9160/ncs/nrfxlib/bsdlib/lib/cortex-m33/hard-float/libbsd_nrf9160_xxaa.a(obfuscated.elf)
                0x00027c5c                symbol_0005cc7
 .text.mbedtls_mpi_sub_mpi
                0x00027d44       0xe8 D:/software/nrf9160/ncs/nrfxlib/bsdlib/lib/cortex-m33/hard-float/libbsd_nrf9160_xxaa.a(obfuscated.elf)
                0x00027d44                symbol_000d773
 .text.mbedtls_mpi_sub_int
                0x00027e2c       0x98 D:/software/nrf9160/ncs/nrfxlib/bsdlib/lib/cortex-m33/hard-float/libbsd_nrf9160_xxaa.a(obfuscated.elf)
                0x00027e2c                symbol_000f268
 .text.mbedtls_mpi_mul_mpi
                0x00027ec4      0x1f0 D:/software/nrf9160/ncs/nrfxlib/bsdlib/lib/cortex-m33/hard-float/libbsd_nrf9160_xxaa.a(obfuscated.elf)
                0x00027ec4                symbol_000b923
 .text.mbedtls_mpi_mul_int
                0x000280b4       0x1c D:/software/nrf9160/ncs/nrfxlib/bsdlib/lib/cortex-m33/hard-float/libbsd_nrf9160_xxaa.a(obfuscated.elf)
                0x000280b4                symbol_0008c0f
 .text.mbedtls_mpi_div_mpi
                0x000280d0      0x784 D:/software/nrf9160/ncs/nrfxlib/bsdlib/lib/cortex-m33/hard-float/libbsd_nrf9160_xxaa.a(obfuscated.elf)
                0x000280d0                symbol_0007bb0
 .text.mbedtls_mpi_mod_mpi
                0x00028854      0x264 D:/software/nrf9160/ncs/nrfxlib/bsdlib/lib/cortex-m33/hard-float/libbsd_nrf9160_xxaa.a(obfuscated.elf)
                0x00028854                symbol_000dbba
 .text.mbedtls_mpi_gcd
                0x00028ab8      0x2e4 D:/software/nrf9160/ncs/nrfxlib/bsdlib/lib/cortex-m33/hard-float/libbsd_nrf9160_xxaa.a(obfuscated.elf)
                0x00028ab8                symbol_0005f38
 .text.mbedtls_mpi_fill_random
                0x00028d9c      0x164 D:/software/nrf9160/ncs/nrfxlib/bsdlib/lib/cortex-m33/hard-float/libbsd_nrf9160_xxaa.a(obfuscated.elf)
                0x00028d9c                symbol_000644e
 .text.mbedtls_mpi_inv_mod
                0x00028f00      0x47c D:/software/nrf9160/ncs/nrfxlib/bsdlib/lib/cortex-m33/hard-float/libbsd_nrf9160_xxaa.a(obfuscated.elf)
                0x00028f00                symbol_0004482
 .text.entropy_callback
                0x0002937c       0x34 D:/software/nrf9160/ncs/nrfxlib/bsdlib/lib/cortex-m33/hard-float/libbsd_nrf9160_xxaa.a(obfuscated.elf)
 .text.es256_key_generate
                0x000293b0       0xfc D:/software/nrf9160/ncs/nrfxlib/bsdlib/lib/cortex-m33/hard-float/libbsd_nrf9160_xxaa.a(obfuscated.elf)
                0x000293b0                es256_key_generate
 .text.bsd_os_application_irq_handler
                0x000294ac       0xe0 D:/software/nrf9160/ncs/nrfxlib/bsdlib/lib/cortex-m33/hard-float/libbsd_nrf9160_xxaa.a(obfuscated.elf)
                0x000294ac                bsd_os_application_irq_handler
 .text.rpc_framework_init
                0x0002958c       0x14 D:/software/nrf9160/ncs/nrfxlib/bsdlib/lib/cortex-m33/hard-float/libbsd_nrf9160_xxaa.a(obfuscated.elf)
                0x0002958c                rpc_framework_init
 .text.rpc_client_register
                0x000295a0       0xd4 D:/software/nrf9160/ncs/nrfxlib/bsdlib/lib/cortex-m33/hard-float/libbsd_nrf9160_xxaa.a(obfuscated.elf)
                0x000295a0                rpc_client_register
 .text.rpc_transport_input
                0x00029674      0x21c D:/software/nrf9160/ncs/nrfxlib/bsdlib/lib/cortex-m33/hard-float/libbsd_nrf9160_xxaa.a(obfuscated.elf)
                0x00029674                rpc_transport_input
 .text.rpc_transport_register
                0x00029890       0xc0 D:/software/nrf9160/ncs/nrfxlib/bsdlib/lib/cortex-m33/hard-float/libbsd_nrf9160_xxaa.a(obfuscated.elf)
                0x00029890                rpc_transport_register
 .text.rpc_transport_unregister
                0x00029950       0x90 D:/software/nrf9160/ncs/nrfxlib/bsdlib/lib/cortex-m33/hard-float/libbsd_nrf9160_xxaa.a(obfuscated.elf)
                0x00029950                rpc_transport_unregister
 .text.rpc_message_send
                0x000299e0       0x30 D:/software/nrf9160/ncs/nrfxlib/bsdlib/lib/cortex-m33/hard-float/libbsd_nrf9160_xxaa.a(obfuscated.elf)
                0x000299e0                rpc_message_send
 .text.rpc_message_alloc
                0x00029a10       0x64 D:/software/nrf9160/ncs/nrfxlib/bsdlib/lib/cortex-m33/hard-float/libbsd_nrf9160_xxaa.a(obfuscated.elf)
                0x00029a10                rpc_message_alloc
 .text.rpc_message_free
                0x00029a74      0x224 D:/software/nrf9160/ncs/nrfxlib/bsdlib/lib/cortex-m33/hard-float/libbsd_nrf9160_xxaa.a(obfuscated.elf)
                0x00029a74                rpc_message_free
 .text.rpc_message_data_free
                0x00029c98      0x220 D:/software/nrf9160/ncs/nrfxlib/bsdlib/lib/cortex-m33/hard-float/libbsd_nrf9160_xxaa.a(obfuscated.elf)
                0x00029c98                rpc_message_data_free
 .text.mbedtls_oid_get_oid_by_pk_alg
                0x00029eb8       0x38 D:/software/nrf9160/ncs/nrfxlib/bsdlib/lib/cortex-m33/hard-float/libbsd_nrf9160_xxaa.a(obfuscated.elf)
                0x00029eb8                symbol_000fb79
 .text.mbedtls_oid_get_oid_by_ec_grp
                0x00029ef0       0x38 D:/software/nrf9160/ncs/nrfxlib/bsdlib/lib/cortex-m33/hard-float/libbsd_nrf9160_xxaa.a(obfuscated.elf)
                0x00029ef0                symbol_000494c
 .text.dfu_client_event_handler
                0x00029f28        0xc D:/software/nrf9160/ncs/nrfxlib/bsdlib/lib/cortex-m33/hard-float/libbsd_nrf9160_xxaa.a(obfuscated.elf)
 .text.rpc_dfu_client_init
                0x00029f34        0xc D:/software/nrf9160/ncs/nrfxlib/bsdlib/lib/cortex-m33/hard-float/libbsd_nrf9160_xxaa.a(obfuscated.elf)
                0x00029f34                rpc_dfu_client_init
 .text.rpc_dfu_client_request_alloc
                0x00029f40       0x28 D:/software/nrf9160/ncs/nrfxlib/bsdlib/lib/cortex-m33/hard-float/libbsd_nrf9160_xxaa.a(obfuscated.elf)
                0x00029f40                rpc_dfu_client_request_alloc
 .text.rpc_dfu_client_request_send
                0x00029f68       0x28 D:/software/nrf9160/ncs/nrfxlib/bsdlib/lib/cortex-m33/hard-float/libbsd_nrf9160_xxaa.a(obfuscated.elf)
                0x00029f68                rpc_dfu_client_request_send
 .text.rpc_dfu_client_message_free
                0x00029f90       0x10 D:/software/nrf9160/ncs/nrfxlib/bsdlib/lib/cortex-m33/hard-float/libbsd_nrf9160_xxaa.a(obfuscated.elf)
                0x00029f90                rpc_dfu_client_message_free
 .text.rpc_dfu_client_data_free
                0x00029fa0       0x10 D:/software/nrf9160/ncs/nrfxlib/bsdlib/lib/cortex-m33/hard-float/libbsd_nrf9160_xxaa.a(obfuscated.elf)
                0x00029fa0                rpc_dfu_client_data_free
 .text.mem_free
                0x00029fb0       0xd8 D:/software/nrf9160/ncs/nrfxlib/bsdlib/lib/cortex-m33/hard-float/libbsd_nrf9160_xxaa.a(obfuscated.elf)
 .text.mem_alloc.constprop.5
                0x0002a088      0x1c8 D:/software/nrf9160/ncs/nrfxlib/bsdlib/lib/cortex-m33/hard-float/libbsd_nrf9160_xxaa.a(obfuscated.elf)
 .text.mem_alloc.constprop.4
                0x0002a250      0x1c0 D:/software/nrf9160/ncs/nrfxlib/bsdlib/lib/cortex-m33/hard-float/libbsd_nrf9160_xxaa.a(obfuscated.elf)
 .text.nrf_mem_init
                0x0002a410       0xe8 D:/software/nrf9160/ncs/nrfxlib/bsdlib/lib/cortex-m33/hard-float/libbsd_nrf9160_xxaa.a(obfuscated.elf)
                0x0002a410                nrf_mem_init
 .text.nrf_mem_register
                0x0002a4f8      0x234 D:/software/nrf9160/ncs/nrfxlib/bsdlib/lib/cortex-m33/hard-float/libbsd_nrf9160_xxaa.a(obfuscated.elf)
                0x0002a4f8                nrf_mem_register
 .text.nrf_malloc
                0x0002a72c       0x14 D:/software/nrf9160/ncs/nrfxlib/bsdlib/lib/cortex-m33/hard-float/libbsd_nrf9160_xxaa.a(obfuscated.elf)
                0x0002a72c                nrf_malloc
 .text.nrf_calloc
                0x0002a740       0x28 D:/software/nrf9160/ncs/nrfxlib/bsdlib/lib/cortex-m33/hard-float/libbsd_nrf9160_xxaa.a(obfuscated.elf)
                0x0002a740                nrf_calloc
 .text.nrf_free
                0x0002a768       0x18 D:/software/nrf9160/ncs/nrfxlib/bsdlib/lib/cortex-m33/hard-float/libbsd_nrf9160_xxaa.a(obfuscated.elf)
                0x0002a768                nrf_free
 .text.nrf_shared_malloc
                0x0002a780       0x14 D:/software/nrf9160/ncs/nrfxlib/bsdlib/lib/cortex-m33/hard-float/libbsd_nrf9160_xxaa.a(obfuscated.elf)
                0x0002a780                nrf_shared_malloc
 .text.nrf_shared_free
                0x0002a794       0x18 D:/software/nrf9160/ncs/nrfxlib/bsdlib/lib/cortex-m33/hard-float/libbsd_nrf9160_xxaa.a(obfuscated.elf)
                0x0002a794                nrf_shared_free
 .text.mbedtls_aes_init
                0x0002a7ac        0xc D:/software/nrf9160/ncs/nrfxlib/bsdlib/lib/cortex-m33/hard-float/libbsd_nrf9160_xxaa.a(obfuscated.elf)
                0x0002a7ac                symbol_0003897
 .text.mbedtls_aes_free
                0x0002a7b8        0xc D:/software/nrf9160/ncs/nrfxlib/bsdlib/lib/cortex-m33/hard-float/libbsd_nrf9160_xxaa.a(obfuscated.elf)
                0x0002a7b8                symbol_0006f61
 .text.mbedtls_aes_setkey_enc
                0x0002a7c4      0x6ac D:/software/nrf9160/ncs/nrfxlib/bsdlib/lib/cortex-m33/hard-float/libbsd_nrf9160_xxaa.a(obfuscated.elf)
                0x0002a7c4                symbol_000468b
 .text.mbedtls_internal_aes_encrypt
                0x0002ae70      0x430 D:/software/nrf9160/ncs/nrfxlib/bsdlib/lib/cortex-m33/hard-float/libbsd_nrf9160_xxaa.a(obfuscated.elf)
                0x0002ae70                symbol_000e9b3
 .text.mbedtls_internal_aes_decrypt
                0x0002b2a0      0x420 D:/software/nrf9160/ncs/nrfxlib/bsdlib/lib/cortex-m33/hard-float/libbsd_nrf9160_xxaa.a(obfuscated.elf)
                0x0002b2a0                symbol_000e471
 .text.mbedtls_aes_crypt_ecb
                0x0002b6c0       0x1c D:/software/nrf9160/ncs/nrfxlib/bsdlib/lib/cortex-m33/hard-float/libbsd_nrf9160_xxaa.a(obfuscated.elf)
                0x0002b6c0                symbol_0005bab
 .text.ok_rsp_parser
                0x0002b6dc        0x4 D:/software/nrf9160/ncs/nrfxlib/bsdlib/lib/cortex-m33/hard-float/libbsd_nrf9160_xxaa.a(obfuscated.elf)
 .text.pdn_state_get_parser
                0x0002b6e0       0x6c D:/software/nrf9160/ncs/nrfxlib/bsdlib/lib/cortex-m33/hard-float/libbsd_nrf9160_xxaa.a(obfuscated.elf)
 .text.pdn_id_get_parser
                0x0002b74c       0x58 D:/software/nrf9160/ncs/nrfxlib/bsdlib/lib/cortex-m33/hard-float/libbsd_nrf9160_xxaa.a(obfuscated.elf)
 .text.context_create_parser
                0x0002b7a4       0x58 D:/software/nrf9160/ncs/nrfxlib/bsdlib/lib/cortex-m33/hard-float/libbsd_nrf9160_xxaa.a(obfuscated.elf)
 .text.pdn_interface_init
                0x0002b7fc       0x34 D:/software/nrf9160/ncs/nrfxlib/bsdlib/lib/cortex-m33/hard-float/libbsd_nrf9160_xxaa.a(obfuscated.elf)
                0x0002b7fc                pdn_interface_init
 .text.pdn_interface_open
                0x0002b830      0x1c0 D:/software/nrf9160/ncs/nrfxlib/bsdlib/lib/cortex-m33/hard-float/libbsd_nrf9160_xxaa.a(obfuscated.elf)
                0x0002b830                pdn_interface_open
 .text.pdn_interface_connect
                0x0002b9f0      0x300 D:/software/nrf9160/ncs/nrfxlib/bsdlib/lib/cortex-m33/hard-float/libbsd_nrf9160_xxaa.a(obfuscated.elf)
                0x0002b9f0                pdn_interface_connect
 .text.pdn_interface_close
                0x0002bcf0      0x1b8 D:/software/nrf9160/ncs/nrfxlib/bsdlib/lib/cortex-m33/hard-float/libbsd_nrf9160_xxaa.a(obfuscated.elf)
                0x0002bcf0                pdn_interface_close
 .text.pdn_interface_setopt
                0x0002bea8       0xb0 D:/software/nrf9160/ncs/nrfxlib/bsdlib/lib/cortex-m33/hard-float/libbsd_nrf9160_xxaa.a(obfuscated.elf)
                0x0002bea8                pdn_interface_setopt
 .text.pdn_interface_getopt
                0x0002bf58      0x198 D:/software/nrf9160/ncs/nrfxlib/bsdlib/lib/cortex-m33/hard-float/libbsd_nrf9160_xxaa.a(obfuscated.elf)
                0x0002bf58                pdn_interface_getopt
 .text.pdn_interface_pdn_id_get
                0x0002c0f0      0x7b4 D:/software/nrf9160/ncs/nrfxlib/bsdlib/lib/cortex-m33/hard-float/libbsd_nrf9160_xxaa.a(obfuscated.elf)
                0x0002c0f0                pdn_interface_pdn_id_get
 .text.bsd_platform_getaddrinfo
                0x0002c8a4        0x4 D:/software/nrf9160/ncs/nrfxlib/bsdlib/lib/cortex-m33/hard-float/libbsd_nrf9160_xxaa.a(obfuscated.elf)
                0x0002c8a4                bsd_platform_getaddrinfo
 .text.bsd_platform_freeaddrinfo
                0x0002c8a8        0x4 D:/software/nrf9160/ncs/nrfxlib/bsdlib/lib/cortex-m33/hard-float/libbsd_nrf9160_xxaa.a(obfuscated.elf)
                0x0002c8a8                bsd_platform_freeaddrinfo
 .text.bsd_platform_poll
                0x0002c8ac       0xb4 D:/software/nrf9160/ncs/nrfxlib/bsdlib/lib/cortex-m33/hard-float/libbsd_nrf9160_xxaa.a(obfuscated.elf)
                0x0002c8ac                bsd_platform_poll
 .text.bsd_platform_fcntl
                0x0002c960       0x20 D:/software/nrf9160/ncs/nrfxlib/bsdlib/lib/cortex-m33/hard-float/libbsd_nrf9160_xxaa.a(obfuscated.elf)
                0x0002c960                bsd_platform_fcntl
 .text.stream_handler_init
                0x0002c980       0x20 D:/software/nrf9160/ncs/nrfxlib/bsdlib/lib/cortex-m33/hard-float/libbsd_nrf9160_xxaa.a(obfuscated.elf)
                0x0002c980                stream_handler_init
 .text.stream_handler_put
                0x0002c9a0       0x40 D:/software/nrf9160/ncs/nrfxlib/bsdlib/lib/cortex-m33/hard-float/libbsd_nrf9160_xxaa.a(obfuscated.elf)
                0x0002c9a0                stream_handler_put
 .text.stream_handler_get
                0x0002c9e0      0x104 D:/software/nrf9160/ncs/nrfxlib/bsdlib/lib/cortex-m33/hard-float/libbsd_nrf9160_xxaa.a(obfuscated.elf)
                0x0002c9e0                stream_handler_get
 .text.stream_handler_available
                0x0002cae4       0x28 D:/software/nrf9160/ncs/nrfxlib/bsdlib/lib/cortex-m33/hard-float/libbsd_nrf9160_xxaa.a(obfuscated.elf)
                0x0002cae4                stream_handler_available
 .text.stream_handler_flush
                0x0002cb0c       0x48 D:/software/nrf9160/ncs/nrfxlib/bsdlib/lib/cortex-m33/hard-float/libbsd_nrf9160_xxaa.a(obfuscated.elf)
                0x0002cb0c                stream_handler_flush
 .text.stream_handler_free
                0x0002cb54       0x4c D:/software/nrf9160/ncs/nrfxlib/bsdlib/lib/cortex-m33/hard-float/libbsd_nrf9160_xxaa.a(obfuscated.elf)
                0x0002cb54                stream_handler_free
 .text.SystemInit
                0x0002cba0       0x2c zephyr/modules/nordic/lib..__modules__hal__nordic.a(system_nrf9160.c.obj)
                0x0002cba0                SystemInit
 .text.nvmc_word_write
                0x0002cbcc       0x18 zephyr/modules/nordic/lib..__modules__hal__nordic.a(nrfx_nvmc.c.obj)
 .text.partial_word_create
                0x0002cbe4       0x48 zephyr/modules/nordic/lib..__modules__hal__nordic.a(nrfx_nvmc.c.obj)
 .text.nrfx_nvmc_page_erase
                0x0002cc2c       0x58 zephyr/modules/nordic/lib..__modules__hal__nordic.a(nrfx_nvmc.c.obj)